    Finished `release` profile [optimized] target(s) in 0.01s
     Running unittests src/lib.rs (/home/tahinli/.cache/cargo-target-av1rejudge/release/deps/ec_av1-8fef0196ab10338d)

running 1 test

native crop, 12 frames, gop=12; tiles (0, 0), tile threads 1, intrabc false, palette maxcolors 128
| clip | ours PSNR/bytes per point | BD-rate vs libaom | BD-rate vs rav1e | wall ours:libaom:rav1e (noisy) |
|---|---|---|---|---|
film 1080p: pricer armings default=14 real=164
film 1080p: motion_mode 32x32 SIMPLE=26176 OBMC=139 WARP=0 | 16x16 SIMPLE=3791 OBMC=60 WARP=0 | 8x8 SIMPLE=4306 OBMC=13370 WARP=0 (28.4% OBMC / 0.0% WARP of 47842 eligible)
film 1080p: screen frames on=0 off=4 (0.0% on); palette blocks luma 0 chroma 0; intrabc blocks 0 (searched 0 / valid 0 / won 0)
test encode::tests::bd_rate_screen_native has been running for over 60 seconds
| film 1080p 1920x1024 | 43.82 dB/249756 B, 47.66 dB/371740 B, 51.05 dB/493385 B, 53.76 dB/617757 B | +16.7% | -0.5% | 36.8s:6.7s:16.7s |
film 2160p: pricer armings default=15 real=154
film 2160p: motion_mode 32x32 SIMPLE=15682 OBMC=0 WARP=0 | 16x16 SIMPLE=362 OBMC=15 WARP=0 | 8x8 SIMPLE=724 OBMC=4287 WARP=0 (20.4% OBMC / 0.0% WARP of 21070 eligible)
film 2160p: screen frames on=0 off=4 (0.0% on); palette blocks luma 0 chroma 0; intrabc blocks 0 (searched 0 / valid 0 / won 0)
| film 2160p 1920x1024 | 43.45 dB/303250 B, 47.69 dB/458152 B, 51.35 dB/588610 B, 54.26 dB/705121 B | +47.1% | +19.2% | 32.7s:5.6s:15.9s |
screen capture (2026-07-25 02-09-04.mkv): pricer armings default=157 real=0
screen capture (2026-07-25 02-09-04.mkv): motion_mode 32x32 SIMPLE=76986 OBMC=266 WARP=0 | 16x16 SIMPLE=4002 OBMC=65 WARP=0 | 8x8 SIMPLE=53 OBMC=775 WARP=0 (1.3% OBMC / 0.0% WARP of 82147 eligible)
screen capture (2026-07-25 02-09-04.mkv): screen frames on=48 off=0 (100.0% on); palette blocks luma 6782 chroma 643; intrabc blocks 0 (searched 0 / valid 0 / won 0)
| screen capture (2026-07-25 02-09-04.mkv) 1920x1024 | 44.80 dB/41547 B, 48.10 dB/54132 B, 50.64 dB/71124 B, 52.99 dB/92795 B | +51.8% | -14.2% | 26.2s:8.2s:11.3s |
test encode::tests::bd_rate_screen_native ... ok

test result: ok. 1 passed; 0 failed; 0 ignored; 0 measured; 573 filtered out; finished in 167.67s

