    Finished `release` profile [optimized] target(s) in 0.01s
     Running unittests src/lib.rs (/home/tahinli/.cache/cargo-target-av1rejudge/release/deps/ec_av1-8fef0196ab10338d)

running 1 test

native crop, 12 frames, gop=12; tiles (0, 0), tile threads 1, intrabc false, palette maxcolors 128
| clip | ours PSNR/bytes per point | BD-rate vs libaom | BD-rate vs rav1e | wall ours:libaom:rav1e (noisy) |
|---|---|---|---|---|
film 1080p: pricer armings default=14 real=164
film 1080p: motion_mode 32x32 SIMPLE=26587 OBMC=147 WARP=0 | 16x16 SIMPLE=3797 OBMC=68 WARP=0 | 8x8 SIMPLE=16538 OBMC=0 WARP=0 (0.5% OBMC / 0.0% WARP of 47137 eligible)
film 1080p: screen frames on=0 off=4 (0.0% on); palette blocks luma 0 chroma 0; intrabc blocks 0 (searched 0 / valid 0 / won 0)
test encode::tests::bd_rate_screen_native has been running for over 60 seconds
| film 1080p 1920x1024 | 43.81 dB/250696 B, 47.65 dB/370610 B, 51.05 dB/494698 B, 53.77 dB/616093 B | +16.8% | -0.4% | 37.9s:6.5s:16.5s |
film 2160p: pricer armings default=15 real=155
film 2160p: motion_mode 32x32 SIMPLE=15575 OBMC=0 WARP=0 | 16x16 SIMPLE=365 OBMC=20 WARP=0 | 8x8 SIMPLE=4902 OBMC=0 WARP=0 (0.1% OBMC / 0.0% WARP of 20862 eligible)
film 2160p: screen frames on=0 off=4 (0.0% on); palette blocks luma 0 chroma 0; intrabc blocks 0 (searched 0 / valid 0 / won 0)
| film 2160p 1920x1024 | 43.45 dB/303398 B, 47.69 dB/458549 B, 51.36 dB/586685 B, 54.25 dB/705011 B | +47.0% | +19.1% | 32.4s:5.6s:15.9s |
screen capture (2026-07-25 02-09-04.mkv): pricer armings default=158 real=0
screen capture (2026-07-25 02-09-04.mkv): motion_mode 32x32 SIMPLE=78496 OBMC=277 WARP=0 | 16x16 SIMPLE=4070 OBMC=63 WARP=0 | 8x8 SIMPLE=833 OBMC=0 WARP=0 (0.4% OBMC / 0.0% WARP of 83739 eligible)
screen capture (2026-07-25 02-09-04.mkv): screen frames on=48 off=0 (100.0% on); palette blocks luma 6781 chroma 643; intrabc blocks 0 (searched 0 / valid 0 / won 0)
| screen capture (2026-07-25 02-09-04.mkv) 1920x1024 | 44.80 dB/41550 B, 48.10 dB/53980 B, 50.64 dB/71125 B, 52.99 dB/92745 B | +51.7% | -14.3% | 26.1s:8.4s:11.3s |
test encode::tests::bd_rate_screen_native ... ok

test result: ok. 1 passed; 0 failed; 0 ignored; 0 measured; 573 filtered out; finished in 168.18s

