    Finished `release` profile [optimized] target(s) in 0.01s
     Running unittests src/lib.rs (/home/tahinli/.cache/cargo-target-av1rejudge/release/deps/ec_av1-8fef0196ab10338d)

running 1 test

native crop, 12 frames, gop=12; tiles (0, 0), tile threads 1, intrabc false, palette maxcolors 128
| clip | ours PSNR/bytes per point | BD-rate vs libaom | BD-rate vs rav1e | wall ours:libaom:rav1e (noisy) |
|---|---|---|---|---|
film 1080p: pricer armings default=14 real=166
film 1080p: motion_mode 32x32 SIMPLE=26443 OBMC=68 WARP=296 | 16x16 SIMPLE=4021 OBMC=79 WARP=383 | 8x8 SIMPLE=16012 OBMC=0 WARP=2017 (0.3% OBMC / 5.5% WARP of 49319 eligible)
film 1080p: screen frames on=0 off=4 (0.0% on); palette blocks luma 0 chroma 0; intrabc blocks 0 (searched 0 / valid 0 / won 0)
test encode::tests::bd_rate_screen_native has been running for over 60 seconds
| film 1080p 1920x1024 | 43.83 dB/249186 B, 47.66 dB/370911 B, 51.06 dB/493666 B, 53.77 dB/617693 B | +16.6% | -0.7% | 37.6s:6.6s:16.5s |
film 2160p: pricer armings default=15 real=155
film 2160p: motion_mode 32x32 SIMPLE=15564 OBMC=0 WARP=3 | 16x16 SIMPLE=357 OBMC=13 WARP=42 | 8x8 SIMPLE=4025 OBMC=0 WARP=891 (0.1% OBMC / 4.5% WARP of 20895 eligible)
film 2160p: screen frames on=0 off=4 (0.0% on); palette blocks luma 0 chroma 0; intrabc blocks 0 (searched 0 / valid 0 / won 0)
| film 2160p 1920x1024 | 43.44 dB/303200 B, 47.69 dB/458312 B, 51.36 dB/586883 B, 54.25 dB/705662 B | +47.0% | +19.1% | 33.2s:5.7s:16.0s |
screen capture (2026-07-25 02-09-04.mkv): pricer armings default=159 real=0
screen capture (2026-07-25 02-09-04.mkv): motion_mode 32x32 SIMPLE=77559 OBMC=229 WARP=1925 | 16x16 SIMPLE=3532 OBMC=51 WARP=397 | 8x8 SIMPLE=526 OBMC=0 WARP=515 (0.3% OBMC / 3.3% WARP of 84734 eligible)
screen capture (2026-07-25 02-09-04.mkv): screen frames on=48 off=0 (100.0% on); palette blocks luma 6802 chroma 644; intrabc blocks 0 (searched 0 / valid 0 / won 0)
| screen capture (2026-07-25 02-09-04.mkv) 1920x1024 | 44.81 dB/41641 B, 48.14 dB/54123 B, 50.67 dB/70988 B, 52.99 dB/92983 B | +51.4% | -14.4% | 28.2s:8.4s:11.6s |
test encode::tests::bd_rate_screen_native ... ok

test result: ok. 1 passed; 0 failed; 0 ignored; 0 measured; 573 filtered out; finished in 171.89s

