
running 1 test

native crop, 12 frames, gop=12; tiles (0, 0), tile threads 1, intrabc false, palette maxcolors 128
| clip | ours PSNR/bytes per point | BD-rate vs libaom | BD-rate vs rav1e | wall ours:libaom:rav1e (noisy) |
|---|---|---|---|---|
bars 1080p: sequence, pyramid requested Some(Pyramid { mini_gop: 8, arf_q_offset: -32, leaf_q_offset: 12, mid_q_offset: Some(-8), quarter_q_offset: None, key_q_offset: -48 }) effective Some(Pyramid { mini_gop: 8, arf_q_offset: -32, leaf_q_offset: 12, mid_q_offset: Some(-8), quarter_q_offset: None, key_q_offset: -48 })
bars 1080p: pricer armings default=17 real=182
bars 1080p: 64x64 roots 17585 (with a residual 12602, split luma 3076, compound 6371)
bars 1080p: motion_mode 32x32 SIMPLE=35093 OBMC=0 WARP=153 | 16x16 SIMPLE=4272 OBMC=0 WARP=354 | 8x8 SIMPLE=17673 OBMC=0 WARP=1245 (0.0% OBMC / 3.0% WARP of 58790 eligible)
bars 1080p: inter var-tx depths of 11083 blocks -- leaf single 0=1579 1=1035 (39.6% split) | leaf compound 0=903 1=595 (39.7% split) | 32x32 single 0=767 1=1743 (69.4% split) | 32x32 compound 0=2256 1=2205 (49.4% split)
bars 1080p: screen frames on=0 off=4 (0.0% on); palette blocks luma 0 chroma 0; intrabc blocks 0 (searched 0 / valid 0 / won 0)
bars 1080p: filter intra on=true blocks 28167 (modes DC=6817 V=3003 H=5194 D157=8847 PAETH=4306)
test encode::tests::bd_rate_screen_native has been running for over 60 seconds
| bars 1080p 1920x1024 | 44.12 dB/216837 B, 47.67 dB/318361 B, 51.05 dB/440558 B, 54.26 dB/586929 B | +1.6% | -14.6% | 52.5s:9.7s:22.2s |
bars 2160p: sequence, pyramid requested Some(Pyramid { mini_gop: 8, arf_q_offset: -32, leaf_q_offset: 12, mid_q_offset: Some(-8), quarter_q_offset: None, key_q_offset: -48 }) effective Some(Pyramid { mini_gop: 8, arf_q_offset: -32, leaf_q_offset: 12, mid_q_offset: Some(-8), quarter_q_offset: None, key_q_offset: -48 })
bars 2160p: pricer armings default=14 real=173
bars 2160p: 64x64 roots 18446 (with a residual 12409, split luma 2477, compound 5387)
bars 2160p: motion_mode 32x32 SIMPLE=30626 OBMC=0 WARP=222 | 16x16 SIMPLE=2726 OBMC=0 WARP=566 | 8x8 SIMPLE=7636 OBMC=0 WARP=418 (0.0% OBMC / 2.9% WARP of 42194 eligible)
bars 2160p: inter var-tx depths of 9120 blocks -- leaf single 0=1142 1=574 (33.4% split) | leaf compound 0=1080 1=256 (19.2% split) | 32x32 single 0=355 1=1244 (77.8% split) | 32x32 compound 0=149 1=4320 (96.7% split)
bars 2160p: screen frames on=0 off=4 (0.0% on); palette blocks luma 0 chroma 0; intrabc blocks 0 (searched 0 / valid 0 / won 0)
bars 2160p: filter intra on=true blocks 12137 (modes DC=3244 V=758 H=2570 D157=3957 PAETH=1608)
| bars 2160p 1920x1024 | 43.69 dB/230153 B, 47.60 dB/340963 B, 51.19 dB/453726 B, 54.53 dB/583931 B | +12.4% | -10.1% | 40.8s:8.0s:21.4s |
film A (1080p source): sequence, pyramid requested Some(Pyramid { mini_gop: 8, arf_q_offset: -32, leaf_q_offset: 12, mid_q_offset: Some(-8), quarter_q_offset: None, key_q_offset: -48 }) effective Some(Pyramid { mini_gop: 8, arf_q_offset: -32, leaf_q_offset: 12, mid_q_offset: Some(-8), quarter_q_offset: None, key_q_offset: -48 })
film A (1080p source): pricer armings default=20 real=211
film A (1080p source): 64x64 roots 9159 (with a residual 6146, split luma 2873, compound 3543)
film A (1080p source): motion_mode 32x32 SIMPLE=31944 OBMC=0 WARP=1354 | 16x16 SIMPLE=19551 OBMC=0 WARP=1774 | 8x8 SIMPLE=4749 OBMC=0 WARP=962 (0.0% OBMC / 6.8% WARP of 60334 eligible)
film A (1080p source): inter var-tx depths of 84842 blocks -- leaf single 0=15228 1=2939 (16.2% split) | leaf compound 0=31338 1=6470 (17.1% split) | 32x32 single 0=7351 1=5988 (44.9% split) | 32x32 compound 0=9568 1=5960 (38.4% split)
film A (1080p source): screen frames on=0 off=4 (0.0% on); palette blocks luma 0 chroma 0; intrabc blocks 0 (searched 0 / valid 0 / won 0)
film A (1080p source): filter intra on=true blocks 23894 (modes DC=5941 V=3527 H=4575 D157=6839 PAETH=3012)
| film A (1080p source) 1920x768 | 44.31 dB/74014 B, 45.82 dB/124228 B, 47.04 dB/213754 B, 48.28 dB/508682 B | +35.4% | +5.4% | 103.0s:12.6s:20.2s |
film B (2160p HDR source): sequence, pyramid requested Some(Pyramid { mini_gop: 8, arf_q_offset: -32, leaf_q_offset: 12, mid_q_offset: Some(-8), quarter_q_offset: None, key_q_offset: -48 }) effective Some(Pyramid { mini_gop: 8, arf_q_offset: -32, leaf_q_offset: 12, mid_q_offset: Some(-8), quarter_q_offset: None, key_q_offset: -48 })
film B (2160p HDR source): pricer armings default=20 real=189
film B (2160p HDR source): 64x64 roots 15308 (with a residual 6604, split luma 1942, compound 6976)
film B (2160p HDR source): motion_mode 32x32 SIMPLE=35188 OBMC=0 WARP=1176 | 16x16 SIMPLE=12759 OBMC=0 WARP=1063 | 8x8 SIMPLE=2051 OBMC=0 WARP=455 (0.0% OBMC / 5.1% WARP of 52692 eligible)
film B (2160p HDR source): inter var-tx depths of 75568 blocks -- leaf single 0=14462 1=2522 (14.8% split) | leaf compound 0=27231 1=4839 (15.1% split) | 32x32 single 0=8006 1=5955 (42.7% split) | 32x32 compound 0=7857 1=4696 (37.4% split)
film B (2160p HDR source): screen frames on=0 off=4 (0.0% on); palette blocks luma 0 chroma 0; intrabc blocks 0 (searched 0 / valid 0 / won 0)
film B (2160p HDR source): filter intra on=true blocks 17092 (modes DC=4751 V=2305 H=2503 D157=5823 PAETH=1710)
| film B (2160p HDR source) 1920x1024 | 46.94 dB/33616 B, 48.04 dB/68149 B, 49.11 dB/143984 B, 50.25 dB/388383 B | +47.6% | +17.0% | 89.9s:23.3s:19.0s |
screen capture (2026-07-25 02-09-04.mkv): sequence, pyramid requested Some(Pyramid { mini_gop: 8, arf_q_offset: -32, leaf_q_offset: 12, mid_q_offset: Some(-8), quarter_q_offset: None, key_q_offset: -48 }) effective None
screen capture (2026-07-25 02-09-04.mkv): pricer armings default=155 real=0
screen capture (2026-07-25 02-09-04.mkv): 64x64 roots 20558 (with a residual 0, split luma 0, compound 0)
screen capture (2026-07-25 02-09-04.mkv): motion_mode 32x32 SIMPLE=23654 OBMC=0 WARP=160 | 16x16 SIMPLE=1322 OBMC=0 WARP=318 | 8x8 SIMPLE=562 OBMC=0 WARP=576 (0.0% OBMC / 4.0% WARP of 26592 eligible)
screen capture (2026-07-25 02-09-04.mkv): inter var-tx depths of 34092 blocks -- leaf single 0=5772 1=7043 (55.0% split) | leaf compound 0=2826 1=2851 (50.2% split) | 32x32 single 0=6059 1=8017 (57.0% split) | 32x32 compound 0=860 1=664 (43.6% split)
screen capture (2026-07-25 02-09-04.mkv): screen frames on=48 off=0 (100.0% on); palette blocks luma 9907 chroma 1109; intrabc blocks 0 (searched 0 / valid 0 / won 0)
screen capture (2026-07-25 02-09-04.mkv): filter intra on=true blocks 8198 (modes DC=98 V=2410 H=5376 D157=223 PAETH=91)
| screen capture (2026-07-25 02-09-04.mkv) 1920x1024 | 45.87 dB/40155 B, 48.55 dB/51325 B, 50.86 dB/63998 B, 53.07 dB/80203 B | +33.4% | -23.8% | 51.3s:12.8s:12.7s |
test encode::tests::bd_rate_screen_native ... ok

test result: ok. 1 passed; 0 failed; 0 ignored; 0 measured; 603 filtered out; finished in 533.65s

RC=0
