
running 1 test
test encode::tests::bd_rate_screen_native ... 
native crop, 12 frames, gop=12; tiles (0, 0), tile threads 1, intrabc false, palette maxcolors 128
| clip | ours PSNR/bytes per point | BD-rate vs libaom | BD-rate vs rav1e | wall ours:libaom:rav1e (noisy) |
|---|---|---|---|---|
bars 1080p: sequence, pyramid requested Some(Pyramid { mini_gop: 8, arf_q_offset: -32, leaf_q_offset: 12, mid_q_offset: Some(-8), quarter_q_offset: None, key_q_offset: -48 }) effective Some(Pyramid { mini_gop: 8, arf_q_offset: -32, leaf_q_offset: 12, mid_q_offset: Some(-8), quarter_q_offset: None, key_q_offset: -48 })
bars 1080p: pricer armings default=14 real=155
bars 1080p: key 64x64 intra roots 0 of 0 offered (0.0%)
bars 1080p: 64x64 roots 17561 (with a residual 12385, split luma 0, compound 6836)
bars 1080p: motion_mode 32x32 SIMPLE=0 OBMC=0 WARP=0 | 16x16 SIMPLE=0 OBMC=0 WARP=0 | 8x8 SIMPLE=0 OBMC=0 WARP=0 (0.0% OBMC / 0.0% WARP of 0 eligible)
bars 1080p: inter var-tx depths of 0 blocks -- leaf single 0=0 1=0 (0.0% split) | leaf compound 0=0 1=0 (0.0% split) | 32x32 single 0=0 1=0 (0.0% split) | 32x32 compound 0=0 1=0 (0.0% split)
bars 1080p: screen frames on=0 off=4 (0.0% on); palette blocks luma 0 chroma 0; intrabc blocks 0 (searched 0 / valid 0 / won 0)
bars 1080p: filter intra on=false blocks 0 (modes DC=0 V=0 H=0 D157=0 PAETH=0)
| bars 1080p 1920x1024 | 41.96 dB/268822 B, 46.00 dB/455095 B, 49.76 dB/644262 B, 53.21 dB/848462 B | +72.1% | +44.9% | 27.8s:9.6s:20.4s |
bars 2160p: sequence, pyramid requested Some(Pyramid { mini_gop: 8, arf_q_offset: -32, leaf_q_offset: 12, mid_q_offset: Some(-8), quarter_q_offset: None, key_q_offset: -48 }) effective Some(Pyramid { mini_gop: 8, arf_q_offset: -32, leaf_q_offset: 12, mid_q_offset: Some(-8), quarter_q_offset: None, key_q_offset: -48 })
bars 2160p: pricer armings default=14 real=155
bars 2160p: key 64x64 intra roots 0 of 0 offered (0.0%)
bars 2160p: 64x64 roots 18426 (with a residual 12210, split luma 0, compound 7017)
bars 2160p: motion_mode 32x32 SIMPLE=0 OBMC=0 WARP=0 | 16x16 SIMPLE=0 OBMC=0 WARP=0 | 8x8 SIMPLE=0 OBMC=0 WARP=0 (0.0% OBMC / 0.0% WARP of 0 eligible)
bars 2160p: inter var-tx depths of 0 blocks -- leaf single 0=0 1=0 (0.0% split) | leaf compound 0=0 1=0 (0.0% split) | 32x32 single 0=0 1=0 (0.0% split) | 32x32 compound 0=0 1=0 (0.0% split)
bars 2160p: screen frames on=0 off=4 (0.0% on); palette blocks luma 0 chroma 0; intrabc blocks 0 (searched 0 / valid 0 / won 0)
bars 2160p: filter intra on=false blocks 0 (modes DC=0 V=0 H=0 D157=0 PAETH=0)
| bars 2160p 1920x1024 | 42.20 dB/276708 B, 46.14 dB/442058 B, 49.98 dB/615267 B, 53.63 dB/807505 B | +68.3% | +33.7% | 23.6s:6.9s:20.1s |
film A (1080p source): sequence, pyramid requested Some(Pyramid { mini_gop: 8, arf_q_offset: -32, leaf_q_offset: 12, mid_q_offset: Some(-8), quarter_q_offset: None, key_q_offset: -48 }) effective Some(Pyramid { mini_gop: 8, arf_q_offset: -32, leaf_q_offset: 12, mid_q_offset: Some(-8), quarter_q_offset: None, key_q_offset: -48 })
film A (1080p source): pricer armings default=16 real=174
film A (1080p source): key 64x64 intra roots 0 of 0 offered (0.0%)
film A (1080p source): 64x64 roots 9558 (with a residual 5960, split luma 0, compound 3654)
film A (1080p source): motion_mode 32x32 SIMPLE=0 OBMC=0 WARP=0 | 16x16 SIMPLE=0 OBMC=0 WARP=0 | 8x8 SIMPLE=0 OBMC=0 WARP=0 (0.0% OBMC / 0.0% WARP of 0 eligible)
film A (1080p source): inter var-tx depths of 0 blocks -- leaf single 0=0 1=0 (0.0% split) | leaf compound 0=0 1=0 (0.0% split) | 32x32 single 0=0 1=0 (0.0% split) | 32x32 compound 0=0 1=0 (0.0% split)
film A (1080p source): screen frames on=0 off=4 (0.0% on); palette blocks luma 0 chroma 0; intrabc blocks 0 (searched 0 / valid 0 / won 0)
film A (1080p source): filter intra on=false blocks 0 (modes DC=0 V=0 H=0 D157=0 PAETH=0)
| film A (1080p source) 1920x768 | 44.07 dB/72936 B, 45.62 dB/122370 B, 46.92 dB/210935 B, 48.17 dB/500012 B | +42.9% | +11.4% | 33.8s:11.5s:16.4s |
film B (2160p HDR source): sequence, pyramid requested Some(Pyramid { mini_gop: 8, arf_q_offset: -32, leaf_q_offset: 12, mid_q_offset: Some(-8), quarter_q_offset: None, key_q_offset: -48 }) effective Some(Pyramid { mini_gop: 8, arf_q_offset: -32, leaf_q_offset: 12, mid_q_offset: Some(-8), quarter_q_offset: None, key_q_offset: -48 })
film B (2160p HDR source): pricer armings default=16 real=157
film B (2160p HDR source): key 64x64 intra roots 0 of 0 offered (0.0%)
film B (2160p HDR source): 64x64 roots 15935 (with a residual 6464, split luma 0, compound 7222)
film B (2160p HDR source): motion_mode 32x32 SIMPLE=0 OBMC=0 WARP=0 | 16x16 SIMPLE=0 OBMC=0 WARP=0 | 8x8 SIMPLE=0 OBMC=0 WARP=0 (0.0% OBMC / 0.0% WARP of 0 eligible)
film B (2160p HDR source): inter var-tx depths of 0 blocks -- leaf single 0=0 1=0 (0.0% split) | leaf compound 0=0 1=0 (0.0% split) | 32x32 single 0=0 1=0 (0.0% split) | 32x32 compound 0=0 1=0 (0.0% split)
film B (2160p HDR source): screen frames on=0 off=4 (0.0% on); palette blocks luma 0 chroma 0; intrabc blocks 0 (searched 0 / valid 0 / won 0)
film B (2160p HDR source): filter intra on=false blocks 0 (modes DC=0 V=0 H=0 D157=0 PAETH=0)
| film B (2160p HDR source) 1920x1024 | 46.70 dB/33085 B, 47.87 dB/67535 B, 49.02 dB/142573 B, 50.16 dB/378581 B | +60.9% | +28.0% | 32.4s:21.9s:16.7s |
screen capture (2026-07-25 02-09-04.mkv): sequence, pyramid requested Some(Pyramid { mini_gop: 8, arf_q_offset: -32, leaf_q_offset: 12, mid_q_offset: Some(-8), quarter_q_offset: None, key_q_offset: -48 }) effective None
screen capture (2026-07-25 02-09-04.mkv): pricer armings default=150 real=0
screen capture (2026-07-25 02-09-04.mkv): key 64x64 intra roots 0 of 0 offered (0.0%)
screen capture (2026-07-25 02-09-04.mkv): 64x64 roots 20671 (with a residual 0, split luma 0, compound 0)
screen capture (2026-07-25 02-09-04.mkv): motion_mode 32x32 SIMPLE=0 OBMC=0 WARP=0 | 16x16 SIMPLE=0 OBMC=0 WARP=0 | 8x8 SIMPLE=0 OBMC=0 WARP=0 (0.0% OBMC / 0.0% WARP of 0 eligible)
screen capture (2026-07-25 02-09-04.mkv): inter var-tx depths of 0 blocks -- leaf single 0=0 1=0 (0.0% split) | leaf compound 0=0 1=0 (0.0% split) | 32x32 single 0=0 1=0 (0.0% split) | 32x32 compound 0=0 1=0 (0.0% split)
screen capture (2026-07-25 02-09-04.mkv): screen frames on=48 off=0 (100.0% on); palette blocks luma 6931 chroma 1319; intrabc blocks 0 (searched 0 / valid 0 / won 0)
screen capture (2026-07-25 02-09-04.mkv): filter intra on=false blocks 0 (modes DC=0 V=0 H=0 D157=0 PAETH=0)
| screen capture (2026-07-25 02-09-04.mkv) 1920x1024 | 45.67 dB/41570 B, 48.41 dB/52646 B, 50.68 dB/66384 B, 52.82 dB/82870 B | +40.3% | -20.0% | 13.9s:9.5s:14.3s |
ok

test result: ok. 1 passed; 0 failed; 0 ignored; 0 measured; 608 filtered out; finished in 306.98s

RC=0
