
running 1 test
test encode::tests::bd_rate_screen_native ... 
native crop, 12 frames, gop=12; tiles (0, 0), tile threads 1, intrabc false, palette maxcolors 128
| clip | ours PSNR/bytes per point | BD-rate vs libaom | BD-rate vs rav1e | wall ours:libaom:rav1e (noisy) |
|---|---|---|---|---|
bars 1080p: sequence, pyramid requested Some(Pyramid { mini_gop: 4, arf_q_offset: -16, leaf_q_offset: 8 }) effective Some(Pyramid { mini_gop: 4, arf_q_offset: -16, leaf_q_offset: 8 })
bars 1080p: pricer armings default=17 real=170
bars 1080p: motion_mode 32x32 SIMPLE=73933 OBMC=0 WARP=211 | 16x16 SIMPLE=2274 OBMC=0 WARP=164 | 8x8 SIMPLE=10672 OBMC=0 WARP=1004 (0.0% OBMC / 1.6% WARP of 88258 eligible)
bars 1080p: inter var-tx depths of 9824 blocks -- leaf single 0=622 1=305 (32.9% split) | leaf compound 0=601 1=437 (42.1% split) | 32x32 single 0=1029 1=2090 (67.0% split) | 32x32 compound 0=2380 1=2360 (49.8% split)
bars 1080p: screen frames on=0 off=4 (0.0% on); palette blocks luma 0 chroma 0; intrabc blocks 0 (searched 0 / valid 0 / won 0)
| bars 1080p 1920x1024 | 44.18 dB/232011 B, 47.83 dB/333969 B, 51.10 dB/451694 B, 53.93 dB/583015 B | +4.9% | -11.5% | 41.2s:9.2s:18.9s |
film A (1080p source): sequence, pyramid requested Some(Pyramid { mini_gop: 4, arf_q_offset: -16, leaf_q_offset: 8 }) effective Some(Pyramid { mini_gop: 4, arf_q_offset: -16, leaf_q_offset: 8 })
film A (1080p source): pricer armings default=20 real=217
film A (1080p source): motion_mode 32x32 SIMPLE=66734 OBMC=0 WARP=2171 | 16x16 SIMPLE=23636 OBMC=0 WARP=2585 | 8x8 SIMPLE=9771 OBMC=0 WARP=2186 (0.0% OBMC / 6.5% WARP of 107083 eligible)
film A (1080p source): inter var-tx depths of 93453 blocks -- leaf single 0=14025 1=3455 (19.8% split) | leaf compound 0=30137 1=8371 (21.7% split) | 32x32 single 0=9459 1=6433 (40.5% split) | 32x32 compound 0=12985 1=8588 (39.8% split)
film A (1080p source): screen frames on=0 off=4 (0.0% on); palette blocks luma 0 chroma 0; intrabc blocks 0 (searched 0 / valid 0 / won 0)
| film A (1080p source) 1920x768 | 43.46 dB/72698 B, 45.36 dB/121954 B, 46.81 dB/218201 B, 47.96 dB/396174 B | +54.3% | +24.3% | 60.3s:12.2s:15.5s |
ok

test result: ok. 1 passed; 0 failed; 0 ignored; 0 measured; 583 filtered out; finished in 164.39s

RC=0
