
running 1 test
test encode::tests::bd_rate_screen_native ... 
native crop, 12 frames, gop=12; tiles (0, 0), tile threads 1, intrabc false, palette maxcolors 128
| clip | ours PSNR/bytes per point | BD-rate vs libaom | BD-rate vs rav1e | wall ours:libaom:rav1e (noisy) |
|---|---|---|---|---|
bars 1080p: sequence, pyramid requested Some(Pyramid { mini_gop: 4, arf_q_offset: -16, leaf_q_offset: 8 }) effective Some(Pyramid { mini_gop: 4, arf_q_offset: -16, leaf_q_offset: 8 })
bars 1080p: pricer armings default=17 real=178
bars 1080p: motion_mode 32x32 SIMPLE=78931 OBMC=0 WARP=152 | 16x16 SIMPLE=3366 OBMC=0 WARP=274 | 8x8 SIMPLE=13994 OBMC=0 WARP=1618 (0.0% OBMC / 2.1% WARP of 98335 eligible)
bars 1080p: inter var-tx depths of 11586 blocks -- leaf single 0=1447 1=842 (36.8% split) | leaf compound 0=943 1=465 (33.0% split) | 32x32 single 0=972 1=2212 (69.5% split) | 32x32 compound 0=2390 1=2315 (49.2% split)
bars 1080p: screen frames on=0 off=4 (0.0% on); palette blocks luma 0 chroma 0; intrabc blocks 0 (searched 0 / valid 0 / won 0)
| bars 1080p 1920x1024 | 44.31 dB/232635 B, 47.86 dB/336513 B, 51.13 dB/456224 B, 53.94 dB/582315 B | +5.0% | -11.5% | 35.8s:6.9s:18.4s |
film A (1080p source): sequence, pyramid requested Some(Pyramid { mini_gop: 4, arf_q_offset: -16, leaf_q_offset: 8 }) effective Some(Pyramid { mini_gop: 4, arf_q_offset: -16, leaf_q_offset: 8 })
film A (1080p source): pricer armings default=20 real=215
film A (1080p source): motion_mode 32x32 SIMPLE=64446 OBMC=0 WARP=2273 | 16x16 SIMPLE=34214 OBMC=0 WARP=4016 | 8x8 SIMPLE=11794 OBMC=0 WARP=2867 (0.0% OBMC / 7.7% WARP of 119610 eligible)
film A (1080p source): inter var-tx depths of 116501 blocks -- leaf single 0=23699 1=7002 (22.8% split) | leaf compound 0=36856 1=11418 (23.7% split) | 32x32 single 0=9731 1=6429 (39.8% split) | 32x32 compound 0=13007 1=8359 (39.1% split)
film A (1080p source): screen frames on=0 off=4 (0.0% on); palette blocks luma 0 chroma 0; intrabc blocks 0 (searched 0 / valid 0 / won 0)
| film A (1080p source) 1920x768 | 43.45 dB/73242 B, 45.32 dB/123590 B, 46.77 dB/223673 B, 47.94 dB/407761 B | +58.9% | +27.5% | 80.2s:13.7s:17.6s |
ok

test result: ok. 1 passed; 0 failed; 0 ignored; 0 measured; 583 filtered out; finished in 179.75s

RC=0
