
running 1 test
test encode::tests::bd_rate_screen_native ... 
native crop, 12 frames, gop=12; tiles (0, 0), tile threads 1, intrabc false, palette maxcolors 128
| clip | ours PSNR/bytes per point | BD-rate vs libaom | BD-rate vs rav1e | wall ours:libaom:rav1e (noisy) |
|---|---|---|---|---|
bars 1080p: sequence, pyramid requested Some(Pyramid { mini_gop: 4, arf_q_offset: -16, leaf_q_offset: 8 }) effective Some(Pyramid { mini_gop: 4, arf_q_offset: -16, leaf_q_offset: 8 })
bars 1080p: pricer armings default=17 real=179
bars 1080p: motion_mode 32x32 SIMPLE=80098 OBMC=0 WARP=152 | 16x16 SIMPLE=3311 OBMC=0 WARP=253 | 8x8 SIMPLE=13025 OBMC=0 WARP=1233 (0.0% OBMC / 1.7% WARP of 98072 eligible)
bars 1080p: inter var-tx depths of 3844 blocks -- leaf single 0=1237 1=654 (34.6% split) | leaf compound 0=1257 1=696 (35.6% split) | 32x32 single 0=0 1=0 (0.0% split) | 32x32 compound 0=0 1=0 (0.0% split)
bars 1080p: screen frames on=0 off=4 (0.0% on); palette blocks luma 0 chroma 0; intrabc blocks 0 (searched 0 / valid 0 / won 0)
| bars 1080p 1920x1024 | 44.33 dB/231899 B, 47.88 dB/336753 B, 51.15 dB/455731 B, 53.97 dB/582073 B | +4.7% | -11.8% | 41.5s:11.4s:20.9s |
film A (1080p source): sequence, pyramid requested Some(Pyramid { mini_gop: 4, arf_q_offset: -16, leaf_q_offset: 8 }) effective Some(Pyramid { mini_gop: 4, arf_q_offset: -16, leaf_q_offset: 8 })
film A (1080p source): pricer armings default=20 real=218
film A (1080p source): motion_mode 32x32 SIMPLE=59912 OBMC=0 WARP=2052 | 16x16 SIMPLE=38494 OBMC=0 WARP=2629 | 8x8 SIMPLE=11094 OBMC=0 WARP=2344 (0.0% OBMC / 6.0% WARP of 116525 eligible)
film A (1080p source): inter var-tx depths of 76424 blocks -- leaf single 0=19301 1=4918 (20.3% split) | leaf compound 0=40264 1=11941 (22.9% split) | 32x32 single 0=0 1=0 (0.0% split) | 32x32 compound 0=0 1=0 (0.0% split)
film A (1080p source): screen frames on=0 off=4 (0.0% on); palette blocks luma 0 chroma 0; intrabc blocks 0 (searched 0 / valid 0 / won 0)
| film A (1080p source) 1920x768 | 43.47 dB/73638 B, 45.37 dB/122898 B, 46.84 dB/221299 B, 47.99 dB/401515 B | +54.7% | +24.8% | 91.2s:15.7s:22.8s |
ok

test result: ok. 1 passed; 0 failed; 0 ignored; 0 measured; 583 filtered out; finished in 212.20s

RC=0
