
running 1 test
test encode::tests::bd_rate_screen_native ... 
native crop, 12 frames, gop=12; tiles (0, 0), tile threads 1, intrabc false, palette maxcolors 128
| clip | ours PSNR/bytes per point | BD-rate vs libaom | BD-rate vs rav1e | wall ours:libaom:rav1e (noisy) |
|---|---|---|---|---|
bars 1080p: sequence, pyramid requested Some(Pyramid { mini_gop: 4, arf_q_offset: -16, leaf_q_offset: 8 }) effective Some(Pyramid { mini_gop: 4, arf_q_offset: -16, leaf_q_offset: 8 })
bars 1080p: pricer armings default=15 real=180
bars 1080p: motion_mode 32x32 SIMPLE=76132 OBMC=0 WARP=126 | 16x16 SIMPLE=3242 OBMC=0 WARP=226 | 8x8 SIMPLE=12709 OBMC=0 WARP=1279 (0.0% OBMC / 1.7% WARP of 93714 eligible)
bars 1080p: inter var-tx depths of 11869 blocks -- leaf single 0=1362 1=722 (34.6% split) | leaf compound 0=1180 1=672 (36.3% split) | 32x32 single 0=1068 1=2035 (65.6% split) | 32x32 compound 0=2426 1=2404 (49.8% split)
bars 1080p: screen frames on=0 off=4 (0.0% on); palette blocks luma 0 chroma 0; intrabc blocks 0 (searched 0 / valid 0 / won 0)
| bars 1080p 1920x1024 | 44.34 dB/229475 B, 47.90 dB/335518 B, 51.17 dB/452297 B, 53.98 dB/580818 B | +3.9% | -12.5% | 43.3s:9.1s:19.0s |
film A (1080p source): sequence, pyramid requested Some(Pyramid { mini_gop: 4, arf_q_offset: -16, leaf_q_offset: 8 }) effective Some(Pyramid { mini_gop: 4, arf_q_offset: -16, leaf_q_offset: 8 })
film A (1080p source): pricer armings default=20 real=215
film A (1080p source): motion_mode 32x32 SIMPLE=62131 OBMC=0 WARP=1918 | 16x16 SIMPLE=29813 OBMC=0 WARP=2534 | 8x8 SIMPLE=10249 OBMC=0 WARP=2189 (0.0% OBMC / 6.1% WARP of 108834 eligible)
film A (1080p source): inter var-tx depths of 114106 blocks -- leaf single 0=19550 1=4665 (19.3% split) | leaf compound 0=40855 1=11525 (22.0% split) | 32x32 single 0=9650 1=6435 (40.0% split) | 32x32 compound 0=13004 1=8422 (39.3% split)
film A (1080p source): screen frames on=0 off=4 (0.0% on); palette blocks luma 0 chroma 0; intrabc blocks 0 (searched 0 / valid 0 / won 0)
| film A (1080p source) 1920x768 | 43.47 dB/73209 B, 45.38 dB/122631 B, 46.82 dB/218710 B, 47.98 dB/398812 B | +54.0% | +24.2% | 74.3s:10.9s:14.5s |
ok

test result: ok. 1 passed; 0 failed; 0 ignored; 0 measured; 583 filtered out; finished in 177.71s

RC=0
