
running 1 test
test encode::tests::bd_rate_screen_native ... 
native crop, 12 frames, gop=12; tiles (0, 0), tile threads 1, intrabc false, palette maxcolors 128
| clip | ours PSNR/bytes per point | BD-rate vs libaom | BD-rate vs rav1e | wall ours:libaom:rav1e (noisy) |
|---|---|---|---|---|
bars 1080p: sequence, pyramid requested Some(Pyramid { mini_gop: 4, arf_q_offset: -16, leaf_q_offset: 8 }) effective Some(Pyramid { mini_gop: 4, arf_q_offset: -16, leaf_q_offset: 8 })
bars 1080p: pricer armings default=17 real=166
bars 1080p: motion_mode 32x32 SIMPLE=75572 OBMC=0 WARP=102 | 16x16 SIMPLE=2867 OBMC=0 WARP=272 | 8x8 SIMPLE=0 OBMC=0 WARP=0 (0.0% OBMC / 0.5% WARP of 78813 eligible)
bars 1080p: inter var-tx depths of 8035 blocks -- leaf single 0=1992 1=815 (29.0% split) | leaf compound 0=0 1=0 (0.0% split) | 32x32 single 0=1609 1=3619 (69.2% split) | 32x32 compound 0=0 1=0 (0.0% split)
bars 1080p: screen frames on=0 off=4 (0.0% on); palette blocks luma 0 chroma 0; intrabc blocks 0 (searched 0 / valid 0 / won 0)
| bars 1080p 1920x1024 | 43.80 dB/236221 B, 47.31 dB/351997 B, 50.56 dB/476958 B, 53.48 dB/611356 B | +15.4% | -2.5% | 31.7s:8.1s:19.9s |
film A (1080p source): sequence, pyramid requested Some(Pyramid { mini_gop: 4, arf_q_offset: -16, leaf_q_offset: 8 }) effective Some(Pyramid { mini_gop: 4, arf_q_offset: -16, leaf_q_offset: 8 })
film A (1080p source): pricer armings default=20 real=218
film A (1080p source): motion_mode 32x32 SIMPLE=126172 OBMC=0 WARP=8410 | 16x16 SIMPLE=50208 OBMC=0 WARP=10817 | 8x8 SIMPLE=0 OBMC=0 WARP=0 (0.0% OBMC / 9.8% WARP of 195607 eligible)
film A (1080p source): inter var-tx depths of 103169 blocks -- leaf single 0=48674 1=20022 (29.1% split) | leaf compound 0=0 1=0 (0.0% split) | 32x32 single 0=20206 1=14267 (41.4% split) | 32x32 compound 0=0 1=0 (0.0% split)
film A (1080p source): screen frames on=0 off=4 (0.0% on); palette blocks luma 0 chroma 0; intrabc blocks 0 (searched 0 / valid 0 / won 0)
| film A (1080p source) 1920x768 | 43.27 dB/75861 B, 45.11 dB/131842 B, 46.58 dB/244366 B, 47.74 dB/455181 B | +84.5% | +46.2% | 39.8s:11.6s:16.3s |
ok

test result: ok. 1 passed; 0 failed; 0 ignored; 0 measured; 583 filtered out; finished in 135.10s

RC=0
