
running 1 test
test encode::tests::bd_rate_screen_native ... 
native crop, 12 frames, gop=12; tiles (0, 0), tile threads 1, intrabc false, palette maxcolors 128
| clip | ours PSNR/bytes per point | BD-rate vs libaom | BD-rate vs rav1e | wall ours:libaom:rav1e (noisy) |
|---|---|---|---|---|
bars 1080p: sequence, pyramid requested Some(Pyramid { mini_gop: 4, arf_q_offset: -16, leaf_q_offset: 8 }) effective Some(Pyramid { mini_gop: 4, arf_q_offset: -16, leaf_q_offset: 8 })
bars 1080p: pricer armings default=13 real=156
bars 1080p: motion_mode 32x32 SIMPLE=75441 OBMC=0 WARP=176 | 16x16 SIMPLE=7387 OBMC=0 WARP=1675 | 8x8 SIMPLE=0 OBMC=0 WARP=0 (0.0% OBMC / 2.2% WARP of 84679 eligible)
bars 1080p: inter var-tx depths of 0 blocks -- leaf single 0=0 1=0 (0.0% split) | leaf compound 0=0 1=0 (0.0% split) | 32x32 single 0=0 1=0 (0.0% split) | 32x32 compound 0=0 1=0 (0.0% split)
bars 1080p: screen frames on=0 off=4 (0.0% on); palette blocks luma 0 chroma 0; intrabc blocks 0 (searched 0 / valid 0 / won 0)
| bars 1080p 1920x1024 | 42.08 dB/315129 B, 46.09 dB/528929 B, 49.79 dB/730969 B, 52.84 dB/929036 B | +96.6% | +65.6% | 29.8s:12.1s:27.7s |
film A (1080p source): sequence, pyramid requested Some(Pyramid { mini_gop: 4, arf_q_offset: -16, leaf_q_offset: 8 }) effective Some(Pyramid { mini_gop: 4, arf_q_offset: -16, leaf_q_offset: 8 })
film A (1080p source): pricer armings default=15 real=176
film A (1080p source): motion_mode 32x32 SIMPLE=82592 OBMC=0 WARP=6356 | 16x16 SIMPLE=40556 OBMC=0 WARP=8876 | 8x8 SIMPLE=0 OBMC=0 WARP=0 (0.0% OBMC / 11.0% WARP of 138380 eligible)
film A (1080p source): inter var-tx depths of 0 blocks -- leaf single 0=0 1=0 (0.0% split) | leaf compound 0=0 1=0 (0.0% split) | 32x32 single 0=0 1=0 (0.0% split) | 32x32 compound 0=0 1=0 (0.0% split)
film A (1080p source): screen frames on=0 off=4 (0.0% on); palette blocks luma 0 chroma 0; intrabc blocks 0 (searched 0 / valid 0 / won 0)
| film A (1080p source) 1920x768 | 43.07 dB/77149 B, 44.98 dB/133364 B, 46.49 dB/249529 B, 47.66 dB/463101 B | +96.1% | +55.5% | 26.7s:10.1s:14.0s |
ok

test result: ok. 1 passed; 0 failed; 0 ignored; 0 measured; 583 filtered out; finished in 129.34s

RC=0
