
running 1 test
test encode::tests::bd_rate_screen_native ... 
native crop, 12 frames, gop=12; tiles (0, 0), tile threads 1, intrabc false, palette maxcolors 128
| clip | ours PSNR/bytes per point | BD-rate vs libaom | BD-rate vs rav1e | wall ours:libaom:rav1e (noisy) |
|---|---|---|---|---|
bars 1080p: sequence, pyramid requested Some(Pyramid { mini_gop: 4, arf_q_offset: -16, leaf_q_offset: 8 }) effective Some(Pyramid { mini_gop: 4, arf_q_offset: -16, leaf_q_offset: 8 })
bars 1080p: pricer armings default=12 real=132
bars 1080p: motion_mode 32x32 SIMPLE=0 OBMC=0 WARP=0 | 16x16 SIMPLE=0 OBMC=0 WARP=0 | 8x8 SIMPLE=0 OBMC=0 WARP=0 (0.0% OBMC / 0.0% WARP of 0 eligible)
bars 1080p: inter var-tx depths of 0 blocks -- leaf single 0=0 1=0 (0.0% split) | leaf compound 0=0 1=0 (0.0% split) | 32x32 single 0=0 1=0 (0.0% split) | 32x32 compound 0=0 1=0 (0.0% split)
bars 1080p: screen frames on=0 off=4 (0.0% on); palette blocks luma 0 chroma 0; intrabc blocks 0 (searched 0 / valid 0 / won 0)
| bars 1080p 1920x1024 | 40.32 dB/364421 B, 43.66 dB/617084 B, 47.12 dB/881763 B, 50.16 dB/1123559 B | +224.7% | +159.1% | 14.8s:11.9s:28.6s |
film A (1080p source): sequence, pyramid requested Some(Pyramid { mini_gop: 4, arf_q_offset: -16, leaf_q_offset: 8 }) effective Some(Pyramid { mini_gop: 4, arf_q_offset: -16, leaf_q_offset: 8 })
film A (1080p source): pricer armings default=12 real=132
film A (1080p source): motion_mode 32x32 SIMPLE=0 OBMC=0 WARP=0 | 16x16 SIMPLE=0 OBMC=0 WARP=0 | 8x8 SIMPLE=0 OBMC=0 WARP=0 (0.0% OBMC / 0.0% WARP of 0 eligible)
film A (1080p source): inter var-tx depths of 0 blocks -- leaf single 0=0 1=0 (0.0% split) | leaf compound 0=0 1=0 (0.0% split) | 32x32 single 0=0 1=0 (0.0% split) | 32x32 compound 0=0 1=0 (0.0% split)
film A (1080p source): screen frames on=0 off=4 (0.0% on); palette blocks luma 0 chroma 0; intrabc blocks 0 (searched 0 / valid 0 / won 0)
| film A (1080p source) 1920x768 | 42.47 dB/84245 B, 44.45 dB/147286 B, 46.02 dB/278281 B, 47.37 dB/502506 B | +158.8% | +104.9% | 16.4s:11.6s:14.6s |
ok

test result: ok. 1 passed; 0 failed; 0 ignored; 0 measured; 583 filtered out; finished in 106.65s

RC=0
