
running 1 test
test encode::tests::bd_rate_screen_native ... 
native crop, 12 frames, gop=12; tiles (0, 0), tile threads 1, intrabc false, palette maxcolors 128
| clip | ours PSNR/bytes per point | BD-rate vs libaom | BD-rate vs rav1e | wall ours:libaom:rav1e (noisy) |
|---|---|---|---|---|
bars 1080p: sequence, pyramid requested Some(Pyramid { mini_gop: 8, arf_q_offset: -32, leaf_q_offset: 12, mid_q_offset: Some(-8), quarter_q_offset: None, key_q_offset: -48 }) effective Some(Pyramid { mini_gop: 8, arf_q_offset: -32, leaf_q_offset: 12, mid_q_offset: Some(-8), quarter_q_offset: None, key_q_offset: -48 })
bars 1080p: pricer armings default=17 real=184
bars 1080p: 64x64 roots 17468 (with a residual 13095, split luma 3213, compound 7697)
bars 1080p: motion_mode 32x32 SIMPLE=32328 OBMC=0 WARP=176 | 16x16 SIMPLE=4709 OBMC=0 WARP=376 | 8x8 SIMPLE=18630 OBMC=0 WARP=883 (0.0% OBMC / 2.5% WARP of 57102 eligible)
bars 1080p: inter var-tx depths of 11637 blocks -- leaf single 0=1616 1=1230 (43.2% split) | leaf compound 0=962 1=610 (38.8% split) | 32x32 single 0=814 1=1825 (69.2% split) | 32x32 compound 0=2316 1=2264 (49.4% split)
bars 1080p: screen frames on=0 off=4 (0.0% on); palette blocks luma 0 chroma 0; intrabc blocks 0 (searched 0 / valid 0 / won 0)
bars 1080p: filter intra on=true blocks 28805 (modes DC=7123 V=2970 H=5221 D157=9222 PAETH=4269)
| bars 1080p 1920x1024 | 44.61 dB/231169 B, 48.17 dB/335031 B, 51.57 dB/462213 B, 54.89 dB/619715 B | +1.7% | -14.8% | 43.8s:7.3s:17.6s |
bars 2160p: sequence, pyramid requested Some(Pyramid { mini_gop: 8, arf_q_offset: -32, leaf_q_offset: 12, mid_q_offset: Some(-8), quarter_q_offset: None, key_q_offset: -48 }) effective Some(Pyramid { mini_gop: 8, arf_q_offset: -32, leaf_q_offset: 12, mid_q_offset: Some(-8), quarter_q_offset: None, key_q_offset: -48 })
bars 2160p: pricer armings default=14 real=178
bars 2160p: 64x64 roots 18466 (with a residual 13131, split luma 2456, compound 6480)
bars 2160p: motion_mode 32x32 SIMPLE=30494 OBMC=0 WARP=185 | 16x16 SIMPLE=2806 OBMC=0 WARP=516 | 8x8 SIMPLE=7754 OBMC=0 WARP=161 (0.0% OBMC / 2.1% WARP of 41916 eligible)
bars 2160p: inter var-tx depths of 9209 blocks -- leaf single 0=1205 1=547 (31.2% split) | leaf compound 0=1061 1=238 (18.3% split) | 32x32 single 0=406 1=1275 (75.8% split) | 32x32 compound 0=169 1=4308 (96.2% split)
bars 2160p: screen frames on=0 off=4 (0.0% on); palette blocks luma 0 chroma 0; intrabc blocks 0 (searched 0 / valid 0 / won 0)
bars 2160p: filter intra on=true blocks 12879 (modes DC=3540 V=742 H=2745 D157=4052 PAETH=1800)
| bars 2160p 1920x1024 | 43.74 dB/232233 B, 47.77 dB/347814 B, 51.29 dB/458057 B, 54.73 dB/591298 B | +12.6% | -9.8% | 34.9s:6.1s:16.8s |
film A (1080p source): sequence, pyramid requested Some(Pyramid { mini_gop: 8, arf_q_offset: -32, leaf_q_offset: 12, mid_q_offset: Some(-8), quarter_q_offset: None, key_q_offset: -48 }) effective Some(Pyramid { mini_gop: 8, arf_q_offset: -32, leaf_q_offset: 12, mid_q_offset: Some(-8), quarter_q_offset: None, key_q_offset: -48 })
film A (1080p source): pricer armings default=20 real=212
film A (1080p source): 64x64 roots 9167 (with a residual 6205, split luma 2904, compound 3593)
film A (1080p source): motion_mode 32x32 SIMPLE=31148 OBMC=0 WARP=1268 | 16x16 SIMPLE=18843 OBMC=0 WARP=1536 | 8x8 SIMPLE=5023 OBMC=0 WARP=849 (0.0% OBMC / 6.2% WARP of 58667 eligible)
film A (1080p source): inter var-tx depths of 88858 blocks -- leaf single 0=14433 1=2854 (16.5% split) | leaf compound 0=34437 1=7469 (17.8% split) | 32x32 single 0=7391 1=5714 (43.6% split) | 32x32 compound 0=10305 1=6255 (37.8% split)
film A (1080p source): screen frames on=0 off=4 (0.0% on); palette blocks luma 0 chroma 0; intrabc blocks 0 (searched 0 / valid 0 / won 0)
film A (1080p source): filter intra on=true blocks 23893 (modes DC=6041 V=3451 H=4413 D157=6920 PAETH=3068)
| film A (1080p source) 1920x768 | 44.38 dB/75839 B, 45.89 dB/126679 B, 47.11 dB/219836 B, 48.30 dB/514389 B | +34.7% | +5.1% | 73.0s:10.2s:15.5s |
film B (2160p HDR source): sequence, pyramid requested Some(Pyramid { mini_gop: 8, arf_q_offset: -32, leaf_q_offset: 12, mid_q_offset: Some(-8), quarter_q_offset: None, key_q_offset: -48 }) effective Some(Pyramid { mini_gop: 8, arf_q_offset: -32, leaf_q_offset: 12, mid_q_offset: Some(-8), quarter_q_offset: None, key_q_offset: -48 })
film B (2160p HDR source): pricer armings default=20 real=190
film B (2160p HDR source): 64x64 roots 15249 (with a residual 6718, split luma 2082, compound 7251)
film B (2160p HDR source): motion_mode 32x32 SIMPLE=33822 OBMC=0 WARP=1141 | 16x16 SIMPLE=12327 OBMC=0 WARP=956 | 8x8 SIMPLE=1798 OBMC=0 WARP=318 (0.0% OBMC / 4.8% WARP of 50362 eligible)
film B (2160p HDR source): inter var-tx depths of 77198 blocks -- leaf single 0=13118 1=2297 (14.9% split) | leaf compound 0=29581 1=5394 (15.4% split) | 32x32 single 0=8067 1=5659 (41.2% split) | 32x32 compound 0=8264 1=4818 (36.8% split)
film B (2160p HDR source): screen frames on=0 off=4 (0.0% on); palette blocks luma 0 chroma 0; intrabc blocks 0 (searched 0 / valid 0 / won 0)
film B (2160p HDR source): filter intra on=true blocks 16975 (modes DC=4635 V=2346 H=2392 D157=5810 PAETH=1792)
| film B (2160p HDR source) 1920x1024 | 46.98 dB/34700 B, 48.11 dB/70511 B, 49.17 dB/150128 B, 50.28 dB/395956 B | +46.8% | +16.6% | 72.0s:20.4s:16.2s |
screen capture (2026-07-25 02-09-04.mkv): sequence, pyramid requested Some(Pyramid { mini_gop: 8, arf_q_offset: -32, leaf_q_offset: 12, mid_q_offset: Some(-8), quarter_q_offset: None, key_q_offset: -48 }) effective None
screen capture (2026-07-25 02-09-04.mkv): pricer armings default=155 real=0
screen capture (2026-07-25 02-09-04.mkv): 64x64 roots 20557 (with a residual 0, split luma 0, compound 0)
screen capture (2026-07-25 02-09-04.mkv): motion_mode 32x32 SIMPLE=23573 OBMC=0 WARP=140 | 16x16 SIMPLE=1390 OBMC=0 WARP=320 | 8x8 SIMPLE=618 OBMC=0 WARP=697 (0.0% OBMC / 4.3% WARP of 26738 eligible)
screen capture (2026-07-25 02-09-04.mkv): inter var-tx depths of 42017 blocks -- leaf single 0=7834 1=8541 (52.2% split) | leaf compound 0=4016 1=3434 (46.1% split) | 32x32 single 0=8113 1=8420 (50.9% split) | 32x32 compound 0=987 1=672 (40.5% split)
screen capture (2026-07-25 02-09-04.mkv): screen frames on=48 off=0 (100.0% on); palette blocks luma 9831 chroma 1103; intrabc blocks 0 (searched 0 / valid 0 / won 0)
screen capture (2026-07-25 02-09-04.mkv): filter intra on=true blocks 8302 (modes DC=95 V=2462 H=5444 D157=216 PAETH=85)
| screen capture (2026-07-25 02-09-04.mkv) 1920x1024 | 45.88 dB/40338 B, 48.64 dB/51790 B, 50.95 dB/65135 B, 53.16 dB/81381 B | +34.3% | -23.5% | 46.8s:9.4s:12.3s |
ok

test result: ok. 1 passed; 0 failed; 0 ignored; 0 measured; 608 filtered out; finished in 424.33s

RC=0
