
running 1 test
test encode::tests::bd_rate_screen_native ... 
native crop, 12 frames, gop=12; tiles (0, 0), tile threads 1, intrabc false, palette maxcolors 128
| clip | ours PSNR/bytes per point | BD-rate vs libaom | BD-rate vs rav1e | wall ours:libaom:rav1e (noisy) |
|---|---|---|---|---|
bars 1080p: sequence, pyramid requested Some(Pyramid { mini_gop: 8, arf_q_offset: -32, leaf_q_offset: 12, mid_q_offset: Some(-8), quarter_q_offset: None, key_q_offset: -48 }) effective Some(Pyramid { mini_gop: 8, arf_q_offset: -32, leaf_q_offset: 12, mid_q_offset: Some(-8), quarter_q_offset: None, key_q_offset: -48 })
bars 1080p: pricer armings default=17 real=182
bars 1080p: 64x64 roots 17505 (with a residual 13043, split luma 3182, compound 7471)
bars 1080p: motion_mode 32x32 SIMPLE=32442 OBMC=0 WARP=187 | 16x16 SIMPLE=4779 OBMC=0 WARP=548 | 8x8 SIMPLE=17075 OBMC=0 WARP=862 (0.0% OBMC / 2.9% WARP of 55893 eligible)
bars 1080p: inter var-tx depths of 11880 blocks -- leaf single 0=1770 1=1345 (43.2% split) | leaf compound 0=932 1=625 (40.1% split) | 32x32 single 0=787 1=1879 (70.5% split) | 32x32 compound 0=2309 1=2233 (49.2% split)
bars 1080p: screen frames on=0 off=4 (0.0% on); palette blocks luma 0 chroma 0; intrabc blocks 0 (searched 0 / valid 0 / won 0)
bars 1080p: filter intra on=true blocks 28117 (modes DC=6831 V=2959 H=5210 D157=9006 PAETH=4111)
| bars 1080p 1920x1024 | 44.57 dB/228802 B, 48.13 dB/334388 B, 51.54 dB/459000 B, 54.74 dB/612525 B | +1.5% | -14.9% | 51.5s:11.5s:20.6s |
bars 2160p: sequence, pyramid requested Some(Pyramid { mini_gop: 8, arf_q_offset: -32, leaf_q_offset: 12, mid_q_offset: Some(-8), quarter_q_offset: None, key_q_offset: -48 }) effective Some(Pyramid { mini_gop: 8, arf_q_offset: -32, leaf_q_offset: 12, mid_q_offset: Some(-8), quarter_q_offset: None, key_q_offset: -48 })
bars 2160p: pricer armings default=14 real=175
bars 2160p: 64x64 roots 18448 (with a residual 13053, split luma 2449, compound 6339)
bars 2160p: motion_mode 32x32 SIMPLE=29802 OBMC=0 WARP=206 | 16x16 SIMPLE=2750 OBMC=0 WARP=445 | 8x8 SIMPLE=7520 OBMC=0 WARP=190 (0.0% OBMC / 2.1% WARP of 40913 eligible)
bars 2160p: inter var-tx depths of 9250 blocks -- leaf single 0=1237 1=548 (30.7% split) | leaf compound 0=1043 1=228 (17.9% split) | 32x32 single 0=408 1=1293 (76.0% split) | 32x32 compound 0=149 1=4344 (96.7% split)
bars 2160p: screen frames on=0 off=4 (0.0% on); palette blocks luma 0 chroma 0; intrabc blocks 0 (searched 0 / valid 0 / won 0)
bars 2160p: filter intra on=true blocks 12509 (modes DC=3443 V=708 H=2716 D157=3875 PAETH=1767)
| bars 2160p 1920x1024 | 43.74 dB/232825 B, 47.78 dB/347045 B, 51.29 dB/458448 B, 54.74 dB/590364 B | +12.5% | -9.8% | 34.9s:6.1s:16.9s |
film A (1080p source): sequence, pyramid requested Some(Pyramid { mini_gop: 8, arf_q_offset: -32, leaf_q_offset: 12, mid_q_offset: Some(-8), quarter_q_offset: None, key_q_offset: -48 }) effective Some(Pyramid { mini_gop: 8, arf_q_offset: -32, leaf_q_offset: 12, mid_q_offset: Some(-8), quarter_q_offset: None, key_q_offset: -48 })
film A (1080p source): pricer armings default=20 real=212
film A (1080p source): 64x64 roots 9130 (with a residual 6191, split luma 2911, compound 3504)
film A (1080p source): motion_mode 32x32 SIMPLE=31602 OBMC=0 WARP=1222 | 16x16 SIMPLE=19477 OBMC=0 WARP=1345 | 8x8 SIMPLE=4984 OBMC=0 WARP=851 (0.0% OBMC / 5.7% WARP of 59481 eligible)
film A (1080p source): inter var-tx depths of 89007 blocks -- leaf single 0=14637 1=2884 (16.5% split) | leaf compound 0=34236 1=7531 (18.0% split) | 32x32 single 0=7421 1=5834 (44.0% split) | 32x32 compound 0=10179 1=6285 (38.2% split)
film A (1080p source): screen frames on=0 off=4 (0.0% on); palette blocks luma 0 chroma 0; intrabc blocks 0 (searched 0 / valid 0 / won 0)
film A (1080p source): filter intra on=true blocks 23886 (modes DC=6059 V=3487 H=4504 D157=6813 PAETH=3023)
| film A (1080p source) 1920x768 | 44.37 dB/75837 B, 45.89 dB/126770 B, 47.11 dB/219938 B, 48.31 dB/514160 B | +34.7% | +5.2% | 72.0s:10.0s:14.6s |
film B (2160p HDR source): sequence, pyramid requested Some(Pyramid { mini_gop: 8, arf_q_offset: -32, leaf_q_offset: 12, mid_q_offset: Some(-8), quarter_q_offset: None, key_q_offset: -48 }) effective Some(Pyramid { mini_gop: 8, arf_q_offset: -32, leaf_q_offset: 12, mid_q_offset: Some(-8), quarter_q_offset: None, key_q_offset: -48 })
film B (2160p HDR source): pricer armings default=20 real=190
film B (2160p HDR source): 64x64 roots 15239 (with a residual 6732, split luma 2056, compound 7256)
film B (2160p HDR source): motion_mode 32x32 SIMPLE=33757 OBMC=0 WARP=1046 | 16x16 SIMPLE=12048 OBMC=0 WARP=970 | 8x8 SIMPLE=1857 OBMC=0 WARP=342 (0.0% OBMC / 4.7% WARP of 50020 eligible)
film B (2160p HDR source): inter var-tx depths of 77362 blocks -- leaf single 0=13093 1=2331 (15.1% split) | leaf compound 0=29653 1=5369 (15.3% split) | 32x32 single 0=7921 1=5758 (42.1% split) | 32x32 compound 0=8206 1=5031 (38.0% split)
film B (2160p HDR source): screen frames on=0 off=4 (0.0% on); palette blocks luma 0 chroma 0; intrabc blocks 0 (searched 0 / valid 0 / won 0)
film B (2160p HDR source): filter intra on=true blocks 16945 (modes DC=4638 V=2305 H=2417 D157=5827 PAETH=1758)
