===== speed 0 scoped =====

running 168 tests
test decode::every_intra_in_inter_shape_the_census_lists_has_a_size_group_row ... ok
test decode::a_var_tx_tree_never_presents_a_leaf_larger_than_the_unit_it_entered ... ok
test decode::every_shape_that_allows_motion_variation_has_a_motion_mode_cdf_row ... ok
test decode::every_rect_transform_shape_the_census_lists_has_a_coefficient_table_and_scan ... ok
test decode::size_group_wh_matches_libaom_size_group_lookup ... ok
test decode::sub_tx_size_map_matches_libaom ... ok
test decode::tests::a_frame_with_no_mode_info_grid_is_refused ... ok
test decode::tests::a_nearmv_block_predicts_from_the_stacks_second_candidate ... ok
test decode::tests::a_non_split_inter_sb_partition_refuses_by_name_instead_of_desyncing ... ok
test decode::tests::a_rect_strip_below_16x16_reads_its_own_filter_intra_cdf_row ... ok
test decode::tests::a_selected_reference_with_an_empty_ref_frame_idx_slot_refuses_by_name ... ok
test decode::tests::a_skipped_block_decodes_to_pure_prediction ... ok
test decode::tests::a_sub16_leaf_after_a_palette_block_yields_palette_ctx_zero ... ok
test decode::tests::an_inter_chroma_transform_narrows_its_inherited_tx_type_to_its_own_set ... ok
test decode::tests::an_obmc_neighbour_with_no_recorded_filter_refuses_instead_of_panicking ... ok
test decode::tests::a_key_frames_tile_needs_the_headers_own_tx_select_bit ... ok
test decode::tests::base_ctx_rect_offsets_match_the_transcribed_tables_over_the_whole_domain ... ok
test decode::tests::cdef_find_dir_matches_the_per_sample_reference ... ok
test decode::tests::cdef_gather_and_shifted_constrain_match_the_spec_forms ... ok
test decode::tests::a_gop_round_trips_bit_exact_against_the_encoder_reconstruction ... ok
test decode::tests::compound_mode_ctx_map_matches_libaom_corners ... ok
test decode::tests::deblock_simd_kernel_matches_the_scalar_filter ... ok
test decode::tests::every_inter_record_publishes_an_obmc_readable_filter ... ok
test decode::tests::an_odd_size_gop_round_trips_bit_exact_against_the_encoder_reconstruction ... ok
test decode::tests::every_intra_mode_round_trips_bit_exact_against_the_encoder_reconstruction ... ok
test decode::tests::cdef_simd_kernel_matches_the_scalar_filter ... ok
test decode::tests::filter_intra_classes_carry_their_own_libaom_default_row ... ok
test decode::tests::flat_taps_match_the_row_col_neighbour_reads ... ok
test decode::tests::is_uni_comp_ref_matches_forward_backward_sides ... ok
test decode::tests::a_filter_intra_key_frame_decodes_pixel_exact_through_ffmpeg ... ok
test decode::tests::narrowed_publish_surface_keeps_neighbour_semantics ... ok
test decode::tests::ffmpeg_and_this_decoder_agree_on_a_gop ... ok
test decode::tests::padded_level_buffers_cover_every_neighbour_read_at_every_transform_size ... ok
test decode::tests::real_yuv_round_trips_bit_exact_against_the_encoder_reconstruction ... ok
test decode::tests::record_compound_ctx_stamps_ref1_for_the_next_block_to_read ... ok
test decode::tests::scan_8x4_and_4x8_are_not_transposed_against_each_other ... ok
test decode::tests::the_rect4_scans_are_transposed_pairs ... ok
test decode::tx4x8_table_tests::the_32_position_eob_tables_are_well_formed ... ok
test decode::tx4x8_table_tests::the_rect_4x8_scans_are_each_other_transposed ... ok
test decode::tx4x8_table_tests::the_rect_class1_scans_match_libaom ... ok
test decode::tx4x8_table_tests::the_sub8_rect_reach_tables_are_shape_specific ... ok
test decode::tests::leaf8_straddle_sizes_round_trip_bit_exact_against_the_encoder_reconstruction ... ok
test decode::tests::ffmpeg_and_this_decoder_agree_on_a_key_frame ... ok
test encode::tests::a_flat_picture_costs_almost_nothing ... ok
test encode::tests::a_frame_of_real_video_decodes_to_what_the_encoder_reconstructed ... ok
test decode::tests::odd_sizes_round_trip_bit_exact_against_the_encoder_reconstruction ... ok
test encode::tests::a_mode_the_encoder_cannot_predict_is_refused ... ok
test encode::tests::a_640x360_half_straddle_round_trips_through_ffmpeg_across_three_frames ... ok
test encode::tests::a_picture_off_the_block_grid_encodes_and_a_malformed_one_is_refused ... ok
test encode::tests::a_nearestmv_block_with_one_nonzero_coefficient_decodes_clean ... ok
test encode::tests::a_640x360_half_straddle_sequence_round_trips_through_ffmpeg ... ok
test encode::tests::a_repeated_pattern_key_frame_codes_intrabc_blocks_ffmpeg_decodes_exactly ... ok
test encode::tests::a_single_axis_straddle_round_trips_through_ffmpeg ... ok
test encode::tests::a_screen_content_picture_codes_palette_blocks_ffmpeg_decodes_exactly ... ok
test encode::tests::bd_rate_screen_native ... ignored, the native-resolution BD arm: minutes per row, needs ffmpeg
test encode::tests::bd_rate_vs_libaom_and_rav1e ... ignored, the encoder BD-rate baseline: minutes per clip, needs ffmpeg
test encode::tests::calibration_sweep_base_q_idx ... ignored, a calibration probe, not a gate
test encode::tests::every_frame_of_a_sequence_decodes_through_our_own_decoder ... ok
test encode::tests::every_frame_of_a_sequence_decodes_to_what_the_encoder_reconstructed ... ok
test encode::tests::an_854x480_picture_round_trips_through_its_padding ... ok
test encode::tests::every_rect_shape_reaches_what_libaom_says_over_the_whole_superblock ... ok
test encode::tests::ffmpeg_decodes_exactly_what_the_encoder_reconstructed ... ok
test encode::tests::fidelity_and_rate_move_with_the_quantizer ... ok
test encode::tests::key_frame_and_inter_frame_both_encode_at_half_straddle_size ... ok
test encode::tests::low_motion_makes_an_inter_frame_smaller_than_the_key_frame ... ok
test encode::tests::odd_dimensions_are_refused ... ok
test encode::tests::of_tu_follows_the_block_row_including_under_vert_ab ... ok
test encode::tests::of_tu_matches_libaom_has_top_right_and_has_bottom_left_per_unit ... ok
test encode::tests::predicted_coeff_bits_track_the_tile_the_writer_wrote ... ok
test encode::tests::pricer_error_census_by_block_class ... ok
test encode::tests::pricer_error_census_on_clips ... ignored, reads the real library, needs ffmpeg
test encode::tests::probe_directional ... ignored, a sweep, not a gate
test encode::tests::probe_intrabc_key_frame ... ignored, needs the real-library manifest and ffmpeg
test encode::tests::probe_ladder ... ignored, a sweep, not a gate
test encode::tests::probe_lambda ... ignored, a sweep, not a gate
test encode::tests::probe_screen_detect ... ignored, reads the real library
test encode::tests::probe_screen_library ... ignored, reads the real library
test encode::tests::probe_split ... ignored, a sweep, not a gate
test encode::tests::prune_k_quality_sweep ... ignored, needs real clips and ffmpeg; prints numbers for the lane report to judge
test encode::tests::prune_k_quality_sweep_inter ... ignored, needs real clips and ffmpeg; prints numbers for the lane report to judge
test encode::tests::reach_matches_libaom_has_top_right_and_has_bottom_left ... ok
test encode::tests::a_sequence_round_trips_at_the_exactly_half_straddle_size ... ok
test encode::tests::every_mode_decodes_to_what_the_encoder_predicted ... ok
test encode::tests::rect_reach_tables_are_indexed_with_a_32_mi_row_stride ... ok
test encode::tests::sequence_bench_sanity ... ignored, a perf probe, not a gate
test encode::tests::sequence_round_trips_at_a_non_multiple_size ... ok
test encode::tests::stage_timing_breakdown ... ignored, a perf probe, not a gate
test encode::tests::stage_timing_breakdown_inter ... ignored, a perf probe, not a gate
test encode::tests::the_diagonals_beat_the_modes_that_read_no_further ... ok
test encode::tests::the_encoded_picture_is_the_one_that_went_in ... ok
test encode::tests::a_frame_round_trips_at_its_own_size ... ok
test encode::tests::the_filter_search_picks_real_filters ... ok
test encode::tests::real_clip_encodes_within_its_quality_and_size_budget_at_a_straddle_size ... ok
test encode::tests::the_search_beats_dc_alone ... ok
test encode::tests::the_search_picks_the_diagonal_the_picture_runs ... ok
test encode::tests::the_search_picks_the_direction_the_picture_runs ... ok
test encode::tests::tpl_factors_are_flat_on_a_uniform_repeat_and_fall_where_the_window_leans ... ok
test encode::tests::tpl_intra_denominator_histogram ... ignored, needs ffmpeg and the film fixtures
test encode::tests::vert_ab_partition_flips_below_left_for_the_top_right_8x8 ... ok
test encoder::tests::a_1080p_multi_tile_stream_decodes_sample_exact_through_both_decoders ... ignored, 1080p encode: minutes, run it with --ignored
test encode::tests::real_clip_encodes_within_its_quality_and_size_budget ... ok
test encode::tests::the_final_filter_replay_matches_the_capture_decode_at_odd_sizes ... ok
test encoder::tests::bt601_limited_colour_is_reported_by_ffprobe ... ok
test encode::tests::the_encoders_own_streams_are_byte_identical_to_their_pins ... ok
test encoder::tests::bt709_limited_colour_is_reported_by_ffprobe ... ok
test encoder::tests::a_pyramid_stream_decodes_in_display_order_through_both_decoders ... ok
test encoder::tests::every_speed_preset_decodes_sample_exact_through_both_decoders ... ignored, sets the process-global speed preset: run it alone
test encoder::tests::bytes_per_frame_controller_never_oscillates_past_its_clamp ... ok
test encoder::tests::bytes_per_frame_target_settles_within_20_percent ... ok
test encoder::tests::filter_replay_codes_the_same_stream_as_a_full_decode ... ok
test encoder::tests::filter_replay_final_matches_the_capture_decode ... ok
test encoder::tests::filter_stage_wall_1080p ... ignored, wall measurement: minutes, run it with --ignored --nocapture
test encoder::tests::filter_stage_wall_4k ... ignored, wall measurement: minutes, run it with --ignored --nocapture
test encoder::tests::filter_stage_wall_film ... ignored, wall measurement: minutes, run it with --ignored --nocapture
test encoder::tests::geometry_mismatch_is_refused ... ok
test encoder::tests::gop_cadence_is_honored ... ok
test encoder::tests::one_in_one_out_delayed_by_the_lookahead_depth ... ok
test encoder::tests::every_tile_layout_decodes_sample_exact_through_both_decoders ... ok
test encoder::tests::the_content_gate_keeps_screen_streams_flat ... ok
test encoder::tests::filter_stage_bytes_do_not_depend_on_the_thread_count ... ok
test encoder::tests::quality_target_is_monotone_in_bytes_and_psnr ... ok
test encoder::tests::thirty_pictures_at_gop_fifteen_decode_to_two_key_frames ... ok
test encoder::tests::tile_search_wall_1080p ... ignored, wall measurement: minutes, run it with --ignored --nocapture
test encoder::tests::tile_search_wall_4k ... ignored, wall measurement: minutes, run it with --ignored --nocapture
test encoder::tests::tile_wall_table_at_1080p ... ignored, 1080p wall table: minutes, run it with --ignored
test encoder::tests::zero_gop_is_refused ... ok
test tile::tests::a_block_gathers_the_cells_its_neighbours_cover ... ok
test tile::tests::a_coefficient_in_the_far_corner_reaches_the_last_end_of_block_group ... ok
test tile::tests::a_coefficient_off_the_origin_selects_its_own_basis_function ... ok
test tile::tests::a_dc_coefficient_moves_the_whole_block_off_mid_grey ... ok
test tile::tests::a_dc_level_is_worth_half_as_much_each_time_the_transform_doubles ... ok
test encoder::tests::tile_bytes_do_not_depend_on_the_thread_count ... ok
test tile::tests::a_frame_that_is_not_a_whole_number_of_blocks_is_refused ... ok
test tile::tests::a_frame_that_hangs_off_the_bottom_codes_every_block ... ok
test tile::tests::a_level_grid_that_does_not_cover_the_frame_is_refused ... ok
test tile::tests::a_newmv_block_reads_back_the_exact_symbol_sequence_it_was_written_with ... ok
test tile::tests::a_frame_that_is_not_a_whole_number_of_superblocks_codes_every_block ... ok
test tile::tests::a_quadrant_splits_into_four_sixteens ... ok
test tile::tests::a_single_ac_coefficient_varies_along_its_own_axis ... ok
test tile::tests::a_quantized_picture_decodes_to_what_the_encoder_reconstructed ... ok
test tile::tests::a_whole_superblock_at_the_frame_edge_is_refused ... ok
test tile::tests::a_split_superblock_decodes_each_quadrant_on_its_own_level ... ok
test tile::tests::an_all_skip_inter_superblock_is_small_and_reads_back ... ok
test tile::tests::an_intra_block_in_an_inter_frame_is_caught_reading_kf_y_mode ... ok
test tile::tests::an_intra_mode_outside_the_key_frame_set_is_refused ... ok
test tile::tests::a_whole_superblock_covers_all_four_of_its_quadrants ... ok
test tile::tests::coefficients_the_writer_cannot_code_are_refused ... ok
test tile::tests::dc_levels_the_base_syntax_cannot_carry_are_refused ... ok
test tile::tests::chroma_dc_signs_read_their_neighbours ... ok
test tile::tests::directional_modes_predict_from_the_neighbours_they_name ... ok
test tile::tests::each_chroma_plane_codes_its_own_basis_function ... ok
test tile::tests::each_superblock_decodes_to_the_grey_its_own_level_asks_for ... ok
test tile::tests::every_quadrant_carries_its_own_coefficients ... ok
test tile::tests::flat_key_frame_decodes_to_mid_grey ... ok
test tile::tests::negating_the_levels_negates_the_residual ... ok
test tile::tests::partial_superblocks_are_refused ... ok
test tile::tests::the_default_scan_walks_every_position_outwards ... ok
test tile::tests::the_golomb_tail_reads_back_as_the_level_it_was_written_for ... ok
test tile::tests::the_inverse_transform_predicts_what_ffmpeg_decodes_for_a_16x16_block ... ok
test tile::tests::the_inverse_transform_predicts_what_ffmpeg_decodes_for_a_32x32_block ... ok
test tile::tests::the_inverse_transform_predicts_what_ffmpeg_decodes_for_a_64x64_block ... ok
test tile::tests::the_inverse_transform_reproduces_the_pinned_split_residuals ... ok
test tile::tests::the_inverse_transform_reproduces_the_pinned_whole_superblock_residuals ... ok
test tile::tests::the_price_grows_with_the_levels ... ok
test tile::tests::the_priced_coefficient_bits_match_the_bytes_written ... ok
test tile::tests::levels_above_the_base_range_tail_carry_a_golomb_tail ... ok
test encoder::tests::the_facade_codes_the_same_bytes_as_encode_sequence ... ok
test encoder::tests::bitrate_target_lands_within_10_percent_over_48_frames ... ok

test result: ok. 143 passed; 0 failed; 25 ignored; 0 measured; 418 filtered out; finished in 37.38s

RC=0
===== speed 0 invariants =====

running 2 tests
test encoder::tests::tile_bytes_do_not_depend_on_the_thread_count ... ok
test encoder::tests::the_facade_codes_the_same_bytes_as_encode_sequence ... ok

test result: ok. 2 passed; 0 failed; 0 ignored; 0 measured; 584 filtered out; finished in 6.19s

RC=0
===== speed 3 scoped =====

running 168 tests
test decode::a_var_tx_tree_never_presents_a_leaf_larger_than_the_unit_it_entered ... ok
test decode::every_intra_in_inter_shape_the_census_lists_has_a_size_group_row ... ok
test decode::every_rect_transform_shape_the_census_lists_has_a_coefficient_table_and_scan ... ok
test decode::every_shape_that_allows_motion_variation_has_a_motion_mode_cdf_row ... ok
test decode::size_group_wh_matches_libaom_size_group_lookup ... ok
test decode::sub_tx_size_map_matches_libaom ... ok
test decode::tests::a_frame_with_no_mode_info_grid_is_refused ... ok
test decode::tests::a_filter_intra_key_frame_decodes_pixel_exact_through_ffmpeg ... ok
test decode::tests::a_nearmv_block_predicts_from_the_stacks_second_candidate ... ok
test decode::tests::a_non_split_inter_sb_partition_refuses_by_name_instead_of_desyncing ... ok
test decode::tests::a_rect_strip_below_16x16_reads_its_own_filter_intra_cdf_row ... ok
test decode::tests::a_selected_reference_with_an_empty_ref_frame_idx_slot_refuses_by_name ... ok
test decode::tests::a_sub16_leaf_after_a_palette_block_yields_palette_ctx_zero ... ok
test decode::tests::an_inter_chroma_transform_narrows_its_inherited_tx_type_to_its_own_set ... ok
test decode::tests::a_skipped_block_decodes_to_pure_prediction ... ok
test decode::tests::an_obmc_neighbour_with_no_recorded_filter_refuses_instead_of_panicking ... ok
test decode::tests::base_ctx_rect_offsets_match_the_transcribed_tables_over_the_whole_domain ... ok
test decode::tests::cdef_find_dir_matches_the_per_sample_reference ... ok
test decode::tests::cdef_gather_and_shifted_constrain_match_the_spec_forms ... ok
test decode::tests::a_key_frames_tile_needs_the_headers_own_tx_select_bit ... ok
test decode::tests::compound_mode_ctx_map_matches_libaom_corners ... ok
test decode::tests::deblock_simd_kernel_matches_the_scalar_filter ... ok
test decode::tests::every_inter_record_publishes_an_obmc_readable_filter ... ok
test decode::tests::a_gop_round_trips_bit_exact_against_the_encoder_reconstruction ... ok
test decode::tests::an_odd_size_gop_round_trips_bit_exact_against_the_encoder_reconstruction ... ok
test decode::tests::every_intra_mode_round_trips_bit_exact_against_the_encoder_reconstruction ... ok
test decode::tests::filter_intra_classes_carry_their_own_libaom_default_row ... ok
test decode::tests::flat_taps_match_the_row_col_neighbour_reads ... ok
test decode::tests::is_uni_comp_ref_matches_forward_backward_sides ... ok
test decode::tests::cdef_simd_kernel_matches_the_scalar_filter ... ok
test decode::tests::narrowed_publish_surface_keeps_neighbour_semantics ... ok
test decode::tests::ffmpeg_and_this_decoder_agree_on_a_gop ... ok
test decode::tests::padded_level_buffers_cover_every_neighbour_read_at_every_transform_size ... ok
test decode::tests::real_yuv_round_trips_bit_exact_against_the_encoder_reconstruction ... ok
test decode::tests::record_compound_ctx_stamps_ref1_for_the_next_block_to_read ... ok
test decode::tests::scan_8x4_and_4x8_are_not_transposed_against_each_other ... ok
test decode::tests::the_rect4_scans_are_transposed_pairs ... ok
test decode::tx4x8_table_tests::the_32_position_eob_tables_are_well_formed ... ok
test decode::tx4x8_table_tests::the_rect_4x8_scans_are_each_other_transposed ... ok
test decode::tx4x8_table_tests::the_rect_class1_scans_match_libaom ... ok
test decode::tx4x8_table_tests::the_sub8_rect_reach_tables_are_shape_specific ... ok
test decode::tests::leaf8_straddle_sizes_round_trip_bit_exact_against_the_encoder_reconstruction ... ok
test decode::tests::ffmpeg_and_this_decoder_agree_on_a_key_frame ... ok
test encode::tests::a_flat_picture_costs_almost_nothing ... ok
test encode::tests::a_frame_of_real_video_decodes_to_what_the_encoder_reconstructed ... ok
test decode::tests::odd_sizes_round_trip_bit_exact_against_the_encoder_reconstruction ... ok
test encode::tests::a_mode_the_encoder_cannot_predict_is_refused ... ok
test encode::tests::a_nearestmv_block_with_one_nonzero_coefficient_decodes_clean ... ok
test encode::tests::a_picture_off_the_block_grid_encodes_and_a_malformed_one_is_refused ... ok
test encode::tests::a_640x360_half_straddle_round_trips_through_ffmpeg_across_three_frames ... ok
test encode::tests::a_640x360_half_straddle_sequence_round_trips_through_ffmpeg ... ok
test encode::tests::a_repeated_pattern_key_frame_codes_intrabc_blocks_ffmpeg_decodes_exactly ... ok
test encode::tests::a_screen_content_picture_codes_palette_blocks_ffmpeg_decodes_exactly ... ok
test encode::tests::a_single_axis_straddle_round_trips_through_ffmpeg ... ok
test encode::tests::bd_rate_screen_native ... ignored, the native-resolution BD arm: minutes per row, needs ffmpeg
test encode::tests::bd_rate_vs_libaom_and_rav1e ... ignored, the encoder BD-rate baseline: minutes per clip, needs ffmpeg
test encode::tests::calibration_sweep_base_q_idx ... ignored, a calibration probe, not a gate
test encode::tests::every_frame_of_a_sequence_decodes_through_our_own_decoder ... ok
test encode::tests::every_frame_of_a_sequence_decodes_to_what_the_encoder_reconstructed ... ok
test encode::tests::an_854x480_picture_round_trips_through_its_padding ... ok
test encode::tests::every_rect_shape_reaches_what_libaom_says_over_the_whole_superblock ... ok
test encode::tests::ffmpeg_decodes_exactly_what_the_encoder_reconstructed ... ok
test encode::tests::fidelity_and_rate_move_with_the_quantizer ... ok
test encode::tests::key_frame_and_inter_frame_both_encode_at_half_straddle_size ... ok
test encode::tests::a_sequence_round_trips_at_the_exactly_half_straddle_size ... ok
test encode::tests::odd_dimensions_are_refused ... ok
test encode::tests::of_tu_follows_the_block_row_including_under_vert_ab ... ok
test encode::tests::of_tu_matches_libaom_has_top_right_and_has_bottom_left_per_unit ... ok
test encode::tests::low_motion_makes_an_inter_frame_smaller_than_the_key_frame ... ok
test encode::tests::predicted_coeff_bits_track_the_tile_the_writer_wrote ... ok
test encode::tests::pricer_error_census_on_clips ... ignored, reads the real library, needs ffmpeg
test encode::tests::probe_directional ... ignored, a sweep, not a gate
test encode::tests::probe_intrabc_key_frame ... ignored, needs the real-library manifest and ffmpeg
test encode::tests::probe_ladder ... ignored, a sweep, not a gate
test encode::tests::probe_lambda ... ignored, a sweep, not a gate
test encode::tests::probe_screen_detect ... ignored, reads the real library
test encode::tests::probe_screen_library ... ignored, reads the real library
test encode::tests::probe_split ... ignored, a sweep, not a gate
test encode::tests::prune_k_quality_sweep ... ignored, needs real clips and ffmpeg; prints numbers for the lane report to judge
test encode::tests::prune_k_quality_sweep_inter ... ignored, needs real clips and ffmpeg; prints numbers for the lane report to judge
test encode::tests::reach_matches_libaom_has_top_right_and_has_bottom_left ... ok
test encode::tests::pricer_error_census_by_block_class ... ok
test encode::tests::every_mode_decodes_to_what_the_encoder_predicted ... ok
test encode::tests::rect_reach_tables_are_indexed_with_a_32_mi_row_stride ... ok
test encode::tests::sequence_bench_sanity ... ignored, a perf probe, not a gate
test encode::tests::a_frame_round_trips_at_its_own_size ... ok
test encode::tests::stage_timing_breakdown ... ignored, a perf probe, not a gate
test encode::tests::stage_timing_breakdown_inter ... ignored, a perf probe, not a gate
test encode::tests::sequence_round_trips_at_a_non_multiple_size ... ok
test encode::tests::the_encoded_picture_is_the_one_that_went_in ... ok
test encode::tests::the_diagonals_beat_the_modes_that_read_no_further ... ok
test encode::tests::real_clip_encodes_within_its_quality_and_size_budget_at_a_straddle_size ... ok
test encode::tests::the_filter_search_picks_real_filters ... ok
test encode::tests::the_search_beats_dc_alone ... ok
test encode::tests::the_search_picks_the_diagonal_the_picture_runs ... ok
test encode::tests::the_search_picks_the_direction_the_picture_runs ... ok
test encode::tests::tpl_factors_are_flat_on_a_uniform_repeat_and_fall_where_the_window_leans ... ok
test encode::tests::tpl_intra_denominator_histogram ... ignored, needs ffmpeg and the film fixtures
test encode::tests::vert_ab_partition_flips_below_left_for_the_top_right_8x8 ... ok
test encoder::tests::a_1080p_multi_tile_stream_decodes_sample_exact_through_both_decoders ... ignored, 1080p encode: minutes, run it with --ignored
test encode::tests::real_clip_encodes_within_its_quality_and_size_budget ... ok
test encode::tests::the_encoders_own_streams_are_byte_identical_to_their_pins ... FAILED
test encoder::tests::bt601_limited_colour_is_reported_by_ffprobe ... ok
test encoder::tests::a_pyramid_stream_decodes_in_display_order_through_both_decoders ... ok
test encoder::tests::bt709_limited_colour_is_reported_by_ffprobe ... ok
test encode::tests::the_final_filter_replay_matches_the_capture_decode_at_odd_sizes ... ok
test encoder::tests::every_speed_preset_decodes_sample_exact_through_both_decoders ... ignored, sets the process-global speed preset: run it alone
test encoder::tests::bytes_per_frame_controller_never_oscillates_past_its_clamp ... ok
test encoder::tests::bytes_per_frame_target_settles_within_20_percent ... ok
test encoder::tests::filter_replay_codes_the_same_stream_as_a_full_decode ... ok
test encoder::tests::filter_replay_final_matches_the_capture_decode ... ok
test encoder::tests::filter_stage_wall_1080p ... ignored, wall measurement: minutes, run it with --ignored --nocapture
test encoder::tests::filter_stage_wall_4k ... ignored, wall measurement: minutes, run it with --ignored --nocapture
test encoder::tests::filter_stage_wall_film ... ignored, wall measurement: minutes, run it with --ignored --nocapture
test encoder::tests::geometry_mismatch_is_refused ... ok
test encoder::tests::gop_cadence_is_honored ... ok
test encoder::tests::one_in_one_out_delayed_by_the_lookahead_depth ... ok
test encoder::tests::every_tile_layout_decodes_sample_exact_through_both_decoders ... ok
test encoder::tests::the_content_gate_keeps_screen_streams_flat ... ok
test encoder::tests::filter_stage_bytes_do_not_depend_on_the_thread_count ... ok
test encoder::tests::thirty_pictures_at_gop_fifteen_decode_to_two_key_frames ... ok
test encoder::tests::quality_target_is_monotone_in_bytes_and_psnr ... ok
test encoder::tests::tile_search_wall_1080p ... ignored, wall measurement: minutes, run it with --ignored --nocapture
test encoder::tests::tile_search_wall_4k ... ignored, wall measurement: minutes, run it with --ignored --nocapture
test encoder::tests::tile_wall_table_at_1080p ... ignored, 1080p wall table: minutes, run it with --ignored
test encoder::tests::zero_gop_is_refused ... ok
test tile::tests::a_block_gathers_the_cells_its_neighbours_cover ... ok
test tile::tests::a_coefficient_in_the_far_corner_reaches_the_last_end_of_block_group ... ok
test tile::tests::a_coefficient_off_the_origin_selects_its_own_basis_function ... ok
test encoder::tests::tile_bytes_do_not_depend_on_the_thread_count ... ok
test tile::tests::a_dc_level_is_worth_half_as_much_each_time_the_transform_doubles ... ok
test tile::tests::a_frame_that_hangs_off_the_bottom_codes_every_block ... ok
test tile::tests::a_frame_that_is_not_a_whole_number_of_blocks_is_refused ... ok
test tile::tests::a_frame_that_is_not_a_whole_number_of_superblocks_codes_every_block ... ok
test tile::tests::a_level_grid_that_does_not_cover_the_frame_is_refused ... ok
test tile::tests::a_newmv_block_reads_back_the_exact_symbol_sequence_it_was_written_with ... ok
test tile::tests::a_quadrant_splits_into_four_sixteens ... ok
test tile::tests::a_quantized_picture_decodes_to_what_the_encoder_reconstructed ... ok
test tile::tests::a_single_ac_coefficient_varies_along_its_own_axis ... ok
test tile::tests::a_split_superblock_decodes_each_quadrant_on_its_own_level ... ok
test tile::tests::a_whole_superblock_at_the_frame_edge_is_refused ... ok
test tile::tests::a_whole_superblock_covers_all_four_of_its_quadrants ... ok
test tile::tests::an_all_skip_inter_superblock_is_small_and_reads_back ... ok
test tile::tests::an_intra_block_in_an_inter_frame_is_caught_reading_kf_y_mode ... ok
test tile::tests::an_intra_mode_outside_the_key_frame_set_is_refused ... ok
test tile::tests::chroma_dc_signs_read_their_neighbours ... ok
test tile::tests::coefficients_the_writer_cannot_code_are_refused ... ok
test tile::tests::dc_levels_the_base_syntax_cannot_carry_are_refused ... ok
test tile::tests::directional_modes_predict_from_the_neighbours_they_name ... ok
test tile::tests::a_dc_coefficient_moves_the_whole_block_off_mid_grey ... ok
test tile::tests::each_chroma_plane_codes_its_own_basis_function ... ok
test tile::tests::every_quadrant_carries_its_own_coefficients ... ok
test tile::tests::each_superblock_decodes_to_the_grey_its_own_level_asks_for ... ok
test tile::tests::flat_key_frame_decodes_to_mid_grey ... ok
test tile::tests::negating_the_levels_negates_the_residual ... ok
test tile::tests::partial_superblocks_are_refused ... ok
test tile::tests::the_default_scan_walks_every_position_outwards ... ok
test tile::tests::the_golomb_tail_reads_back_as_the_level_it_was_written_for ... ok
test tile::tests::the_inverse_transform_predicts_what_ffmpeg_decodes_for_a_16x16_block ... ok
test tile::tests::the_inverse_transform_predicts_what_ffmpeg_decodes_for_a_32x32_block ... ok
test tile::tests::the_inverse_transform_predicts_what_ffmpeg_decodes_for_a_64x64_block ... ok
test tile::tests::the_inverse_transform_reproduces_the_pinned_split_residuals ... ok
test tile::tests::the_inverse_transform_reproduces_the_pinned_whole_superblock_residuals ... ok
test tile::tests::the_price_grows_with_the_levels ... ok
test tile::tests::the_priced_coefficient_bits_match_the_bytes_written ... ok
test tile::tests::levels_above_the_base_range_tail_carry_a_golomb_tail ... ok
test encoder::tests::the_facade_codes_the_same_bytes_as_encode_sequence ... ok
test encoder::tests::bitrate_target_lands_within_10_percent_over_48_frames ... ok

failures:

---- encode::tests::the_encoders_own_streams_are_byte_identical_to_their_pins stdout ----

thread 'encode::tests::the_encoders_own_streams_are_byte_identical_to_their_pins' (252927) panicked at crates/ec-av1/src/encode.rs:13019:13:
assertion `left == right` failed: q=150: the encoder's stream moved
  left: (8325, 856587542894535391)
 right: (7373, 15037440610111639487)
note: run with `RUST_BACKTRACE=1` environment variable to display a backtrace


failures:
    encode::tests::the_encoders_own_streams_are_byte_identical_to_their_pins

test result: FAILED. 142 passed; 1 failed; 25 ignored; 0 measured; 418 filtered out; finished in 24.78s

RC=101
===== speed 3 invariants =====

running 2 tests
test encoder::tests::tile_bytes_do_not_depend_on_the_thread_count ... ok
test encoder::tests::the_facade_codes_the_same_bytes_as_encode_sequence ... ok

test result: ok. 2 passed; 0 failed; 0 ignored; 0 measured; 584 filtered out; finished in 4.21s

RC=0
===== speed 6 scoped =====

running 168 tests
test decode::a_var_tx_tree_never_presents_a_leaf_larger_than_the_unit_it_entered ... ok
test decode::every_intra_in_inter_shape_the_census_lists_has_a_size_group_row ... ok
test decode::every_rect_transform_shape_the_census_lists_has_a_coefficient_table_and_scan ... ok
test decode::every_shape_that_allows_motion_variation_has_a_motion_mode_cdf_row ... ok
test decode::size_group_wh_matches_libaom_size_group_lookup ... ok
test decode::sub_tx_size_map_matches_libaom ... ok
test decode::tests::a_frame_with_no_mode_info_grid_is_refused ... ok
test decode::tests::a_filter_intra_key_frame_decodes_pixel_exact_through_ffmpeg ... ok
test decode::tests::a_nearmv_block_predicts_from_the_stacks_second_candidate ... ok
test decode::tests::a_non_split_inter_sb_partition_refuses_by_name_instead_of_desyncing ... ok
test decode::tests::a_rect_strip_below_16x16_reads_its_own_filter_intra_cdf_row ... ok
test decode::tests::a_selected_reference_with_an_empty_ref_frame_idx_slot_refuses_by_name ... ok
test decode::tests::a_sub16_leaf_after_a_palette_block_yields_palette_ctx_zero ... ok
test decode::tests::an_inter_chroma_transform_narrows_its_inherited_tx_type_to_its_own_set ... ok
test decode::tests::a_skipped_block_decodes_to_pure_prediction ... ok
test decode::tests::an_obmc_neighbour_with_no_recorded_filter_refuses_instead_of_panicking ... ok
test decode::tests::base_ctx_rect_offsets_match_the_transcribed_tables_over_the_whole_domain ... ok
test decode::tests::cdef_find_dir_matches_the_per_sample_reference ... ok
test decode::tests::cdef_gather_and_shifted_constrain_match_the_spec_forms ... ok
test decode::tests::a_key_frames_tile_needs_the_headers_own_tx_select_bit ... ok
test decode::tests::compound_mode_ctx_map_matches_libaom_corners ... ok
test decode::tests::a_gop_round_trips_bit_exact_against_the_encoder_reconstruction ... ok
test decode::tests::every_inter_record_publishes_an_obmc_readable_filter ... ok
test decode::tests::deblock_simd_kernel_matches_the_scalar_filter ... ok
test decode::tests::an_odd_size_gop_round_trips_bit_exact_against_the_encoder_reconstruction ... ok
test decode::tests::every_intra_mode_round_trips_bit_exact_against_the_encoder_reconstruction ... ok
test decode::tests::filter_intra_classes_carry_their_own_libaom_default_row ... ok
test decode::tests::flat_taps_match_the_row_col_neighbour_reads ... ok
test decode::tests::is_uni_comp_ref_matches_forward_backward_sides ... ok
test decode::tests::cdef_simd_kernel_matches_the_scalar_filter ... ok
test decode::tests::narrowed_publish_surface_keeps_neighbour_semantics ... ok
test decode::tests::leaf8_straddle_sizes_round_trip_bit_exact_against_the_encoder_reconstruction ... ok
test decode::tests::ffmpeg_and_this_decoder_agree_on_a_gop ... ok
test decode::tests::padded_level_buffers_cover_every_neighbour_read_at_every_transform_size ... ok
test decode::tests::record_compound_ctx_stamps_ref1_for_the_next_block_to_read ... ok
test decode::tests::scan_8x4_and_4x8_are_not_transposed_against_each_other ... ok
test decode::tests::the_rect4_scans_are_transposed_pairs ... ok
test decode::tx4x8_table_tests::the_32_position_eob_tables_are_well_formed ... ok
test decode::tx4x8_table_tests::the_rect_4x8_scans_are_each_other_transposed ... ok
test decode::tx4x8_table_tests::the_rect_class1_scans_match_libaom ... ok
test decode::tx4x8_table_tests::the_sub8_rect_reach_tables_are_shape_specific ... ok
test decode::tests::real_yuv_round_trips_bit_exact_against_the_encoder_reconstruction ... ok
test decode::tests::odd_sizes_round_trip_bit_exact_against_the_encoder_reconstruction ... ok
test decode::tests::ffmpeg_and_this_decoder_agree_on_a_key_frame ... ok
test encode::tests::a_frame_of_real_video_decodes_to_what_the_encoder_reconstructed ... ok
test encode::tests::a_flat_picture_costs_almost_nothing ... ok
test encode::tests::a_mode_the_encoder_cannot_predict_is_refused ... ok
test encode::tests::a_nearestmv_block_with_one_nonzero_coefficient_decodes_clean ... ok
test encode::tests::a_picture_off_the_block_grid_encodes_and_a_malformed_one_is_refused ... ok
test encode::tests::a_640x360_half_straddle_sequence_round_trips_through_ffmpeg ... ok
test encode::tests::a_640x360_half_straddle_round_trips_through_ffmpeg_across_three_frames ... ok
test encode::tests::a_repeated_pattern_key_frame_codes_intrabc_blocks_ffmpeg_decodes_exactly ... ok
test encode::tests::a_single_axis_straddle_round_trips_through_ffmpeg ... ok
test encode::tests::a_screen_content_picture_codes_palette_blocks_ffmpeg_decodes_exactly ... ok
test encode::tests::bd_rate_screen_native ... ignored, the native-resolution BD arm: minutes per row, needs ffmpeg
test encode::tests::bd_rate_vs_libaom_and_rav1e ... ignored, the encoder BD-rate baseline: minutes per clip, needs ffmpeg
test encode::tests::calibration_sweep_base_q_idx ... ignored, a calibration probe, not a gate
test encode::tests::every_frame_of_a_sequence_decodes_through_our_own_decoder ... ok
test encode::tests::every_frame_of_a_sequence_decodes_to_what_the_encoder_reconstructed ... ok
test encode::tests::an_854x480_picture_round_trips_through_its_padding ... ok
test encode::tests::every_rect_shape_reaches_what_libaom_says_over_the_whole_superblock ... ok
test encode::tests::a_sequence_round_trips_at_the_exactly_half_straddle_size ... ok
test encode::tests::fidelity_and_rate_move_with_the_quantizer ... FAILED
test encode::tests::ffmpeg_decodes_exactly_what_the_encoder_reconstructed ... ok
test encode::tests::key_frame_and_inter_frame_both_encode_at_half_straddle_size ... ok
test encode::tests::odd_dimensions_are_refused ... ok
test encode::tests::of_tu_follows_the_block_row_including_under_vert_ab ... ok
test encode::tests::of_tu_matches_libaom_has_top_right_and_has_bottom_left_per_unit ... ok
test encode::tests::low_motion_makes_an_inter_frame_smaller_than_the_key_frame ... ok
test encode::tests::predicted_coeff_bits_track_the_tile_the_writer_wrote ... ok
test encode::tests::pricer_error_census_on_clips ... ignored, reads the real library, needs ffmpeg
test encode::tests::probe_directional ... ignored, a sweep, not a gate
test encode::tests::probe_intrabc_key_frame ... ignored, needs the real-library manifest and ffmpeg
test encode::tests::probe_ladder ... ignored, a sweep, not a gate
test encode::tests::probe_lambda ... ignored, a sweep, not a gate
test encode::tests::probe_screen_detect ... ignored, reads the real library
test encode::tests::probe_screen_library ... ignored, reads the real library
test encode::tests::probe_split ... ignored, a sweep, not a gate
test encode::tests::prune_k_quality_sweep ... ignored, needs real clips and ffmpeg; prints numbers for the lane report to judge
test encode::tests::prune_k_quality_sweep_inter ... ignored, needs real clips and ffmpeg; prints numbers for the lane report to judge
test encode::tests::reach_matches_libaom_has_top_right_and_has_bottom_left ... ok
test encode::tests::pricer_error_census_by_block_class ... ok
test encode::tests::a_frame_round_trips_at_its_own_size ... ok
test encode::tests::rect_reach_tables_are_indexed_with_a_32_mi_row_stride ... ok
test encode::tests::sequence_bench_sanity ... ignored, a perf probe, not a gate
test encode::tests::real_clip_encodes_within_its_quality_and_size_budget_at_a_straddle_size ... ok
test encode::tests::stage_timing_breakdown ... ignored, a perf probe, not a gate
test encode::tests::stage_timing_breakdown_inter ... ignored, a perf probe, not a gate
test encode::tests::sequence_round_trips_at_a_non_multiple_size ... ok
test encode::tests::the_encoded_picture_is_the_one_that_went_in ... ok
test encode::tests::real_clip_encodes_within_its_quality_and_size_budget ... ok
test encode::tests::the_diagonals_beat_the_modes_that_read_no_further ... ok
test encode::tests::the_filter_search_picks_real_filters ... ok
test encode::tests::every_mode_decodes_to_what_the_encoder_predicted ... ok
test encode::tests::the_search_picks_the_diagonal_the_picture_runs ... ok
test encode::tests::the_search_beats_dc_alone ... ok
test encode::tests::tpl_factors_are_flat_on_a_uniform_repeat_and_fall_where_the_window_leans ... ok
test encode::tests::tpl_intra_denominator_histogram ... ignored, needs ffmpeg and the film fixtures
test encode::tests::vert_ab_partition_flips_below_left_for_the_top_right_8x8 ... ok
test encoder::tests::a_1080p_multi_tile_stream_decodes_sample_exact_through_both_decoders ... ignored, 1080p encode: minutes, run it with --ignored
test encode::tests::the_search_picks_the_direction_the_picture_runs ... ok
test encode::tests::the_encoders_own_streams_are_byte_identical_to_their_pins ... FAILED
test encoder::tests::a_pyramid_stream_decodes_in_display_order_through_both_decoders ... ok
test encode::tests::the_final_filter_replay_matches_the_capture_decode_at_odd_sizes ... ok
test encoder::tests::bt709_limited_colour_is_reported_by_ffprobe ... ok
test encoder::tests::bt601_limited_colour_is_reported_by_ffprobe ... ok
test encoder::tests::every_speed_preset_decodes_sample_exact_through_both_decoders ... ignored, sets the process-global speed preset: run it alone
test encoder::tests::bytes_per_frame_controller_never_oscillates_past_its_clamp ... ok
test encoder::tests::bytes_per_frame_target_settles_within_20_percent ... ok
test encoder::tests::filter_replay_codes_the_same_stream_as_a_full_decode ... ok
test encoder::tests::filter_replay_final_matches_the_capture_decode ... ok
test encoder::tests::filter_stage_wall_1080p ... ignored, wall measurement: minutes, run it with --ignored --nocapture
test encoder::tests::filter_stage_wall_4k ... ignored, wall measurement: minutes, run it with --ignored --nocapture
test encoder::tests::filter_stage_wall_film ... ignored, wall measurement: minutes, run it with --ignored --nocapture
test encoder::tests::geometry_mismatch_is_refused ... ok
test encoder::tests::gop_cadence_is_honored ... ok
test encoder::tests::one_in_one_out_delayed_by_the_lookahead_depth ... ok
test encoder::tests::every_tile_layout_decodes_sample_exact_through_both_decoders ... ok
test encoder::tests::the_content_gate_keeps_screen_streams_flat ... ok
test encoder::tests::filter_stage_bytes_do_not_depend_on_the_thread_count ... ok
test encoder::tests::thirty_pictures_at_gop_fifteen_decode_to_two_key_frames ... ok
test encoder::tests::quality_target_is_monotone_in_bytes_and_psnr ... ok
test encoder::tests::tile_search_wall_1080p ... ignored, wall measurement: minutes, run it with --ignored --nocapture
test encoder::tests::tile_search_wall_4k ... ignored, wall measurement: minutes, run it with --ignored --nocapture
test encoder::tests::tile_wall_table_at_1080p ... ignored, 1080p wall table: minutes, run it with --ignored
test encoder::tests::zero_gop_is_refused ... ok
test tile::tests::a_block_gathers_the_cells_its_neighbours_cover ... ok
test encoder::tests::tile_bytes_do_not_depend_on_the_thread_count ... ok
test tile::tests::a_coefficient_in_the_far_corner_reaches_the_last_end_of_block_group ... ok
test tile::tests::a_coefficient_off_the_origin_selects_its_own_basis_function ... ok
test tile::tests::a_dc_level_is_worth_half_as_much_each_time_the_transform_doubles ... ok
test tile::tests::a_frame_that_hangs_off_the_bottom_codes_every_block ... ok
test tile::tests::a_frame_that_is_not_a_whole_number_of_blocks_is_refused ... ok
test tile::tests::a_frame_that_is_not_a_whole_number_of_superblocks_codes_every_block ... ok
test tile::tests::a_level_grid_that_does_not_cover_the_frame_is_refused ... ok
test tile::tests::a_newmv_block_reads_back_the_exact_symbol_sequence_it_was_written_with ... ok
test tile::tests::a_quadrant_splits_into_four_sixteens ... ok
test tile::tests::a_quantized_picture_decodes_to_what_the_encoder_reconstructed ... ok
test tile::tests::a_single_ac_coefficient_varies_along_its_own_axis ... ok
test tile::tests::a_split_superblock_decodes_each_quadrant_on_its_own_level ... ok
test tile::tests::a_whole_superblock_at_the_frame_edge_is_refused ... ok
test tile::tests::a_whole_superblock_covers_all_four_of_its_quadrants ... ok
test tile::tests::an_all_skip_inter_superblock_is_small_and_reads_back ... ok
test tile::tests::an_intra_block_in_an_inter_frame_is_caught_reading_kf_y_mode ... ok
test tile::tests::an_intra_mode_outside_the_key_frame_set_is_refused ... ok
test tile::tests::chroma_dc_signs_read_their_neighbours ... ok
test tile::tests::coefficients_the_writer_cannot_code_are_refused ... ok
test tile::tests::dc_levels_the_base_syntax_cannot_carry_are_refused ... ok
test tile::tests::directional_modes_predict_from_the_neighbours_they_name ... ok
test tile::tests::each_chroma_plane_codes_its_own_basis_function ... ok
test tile::tests::each_superblock_decodes_to_the_grey_its_own_level_asks_for ... ok
test tile::tests::every_quadrant_carries_its_own_coefficients ... ok
test tile::tests::flat_key_frame_decodes_to_mid_grey ... ok
test tile::tests::a_dc_coefficient_moves_the_whole_block_off_mid_grey ... ok
test tile::tests::negating_the_levels_negates_the_residual ... ok
test tile::tests::partial_superblocks_are_refused ... ok
test tile::tests::the_default_scan_walks_every_position_outwards ... ok
test tile::tests::the_golomb_tail_reads_back_as_the_level_it_was_written_for ... ok
test tile::tests::the_inverse_transform_predicts_what_ffmpeg_decodes_for_a_16x16_block ... ok
test encoder::tests::the_facade_codes_the_same_bytes_as_encode_sequence ... ok
test tile::tests::the_inverse_transform_predicts_what_ffmpeg_decodes_for_a_32x32_block ... ok
test tile::tests::the_inverse_transform_reproduces_the_pinned_split_residuals ... ok
test tile::tests::the_inverse_transform_reproduces_the_pinned_whole_superblock_residuals ... ok
test tile::tests::the_price_grows_with_the_levels ... ok
test tile::tests::the_priced_coefficient_bits_match_the_bytes_written ... ok
test tile::tests::the_inverse_transform_predicts_what_ffmpeg_decodes_for_a_64x64_block ... ok
test tile::tests::levels_above_the_base_range_tail_carry_a_golomb_tail ... ok
test encoder::tests::bitrate_target_lands_within_10_percent_over_48_frames ... ok

failures:

---- encode::tests::fidelity_and_rate_move_with_the_quantizer stdout ----

thread 'encode::tests::fidelity_and_rate_move_with_the_quantizer' (261486) panicked at crates/ec-av1/src/encode.rs:11402:17:
deadzone 0.15: 362 bytes
note: run with `RUST_BACKTRACE=1` environment variable to display a backtrace

---- encode::tests::the_encoders_own_streams_are_byte_identical_to_their_pins stdout ----

thread 'encode::tests::the_encoders_own_streams_are_byte_identical_to_their_pins' (263413) panicked at crates/ec-av1/src/encode.rs:13019:13:
assertion `left == right` failed: q=150: the encoder's stream moved
  left: (8341, 11280449014707481423)
 right: (7373, 15037440610111639487)


failures:
    encode::tests::fidelity_and_rate_move_with_the_quantizer
    encode::tests::the_encoders_own_streams_are_byte_identical_to_their_pins

test result: FAILED. 141 passed; 2 failed; 25 ignored; 0 measured; 418 filtered out; finished in 20.57s

RC=101
===== speed 6 invariants =====

running 2 tests
test encoder::tests::tile_bytes_do_not_depend_on_the_thread_count ... ok
test encoder::tests::the_facade_codes_the_same_bytes_as_encode_sequence ... ok

test result: ok. 2 passed; 0 failed; 0 ignored; 0 measured; 584 filtered out; finished in 3.34s

RC=0
===== speed 10 scoped =====

running 168 tests
test decode::a_var_tx_tree_never_presents_a_leaf_larger_than_the_unit_it_entered ... ok
test decode::every_intra_in_inter_shape_the_census_lists_has_a_size_group_row ... ok
test decode::size_group_wh_matches_libaom_size_group_lookup ... ok
test decode::every_shape_that_allows_motion_variation_has_a_motion_mode_cdf_row ... ok
test decode::every_rect_transform_shape_the_census_lists_has_a_coefficient_table_and_scan ... ok
test decode::sub_tx_size_map_matches_libaom ... ok
test decode::tests::a_frame_with_no_mode_info_grid_is_refused ... ok
test decode::tests::a_filter_intra_key_frame_decodes_pixel_exact_through_ffmpeg ... ok
test decode::tests::a_nearmv_block_predicts_from_the_stacks_second_candidate ... ok
test decode::tests::a_non_split_inter_sb_partition_refuses_by_name_instead_of_desyncing ... ok
test decode::tests::a_rect_strip_below_16x16_reads_its_own_filter_intra_cdf_row ... ok
test decode::tests::a_selected_reference_with_an_empty_ref_frame_idx_slot_refuses_by_name ... ok
test decode::tests::a_sub16_leaf_after_a_palette_block_yields_palette_ctx_zero ... ok
test decode::tests::an_inter_chroma_transform_narrows_its_inherited_tx_type_to_its_own_set ... ok
test decode::tests::a_skipped_block_decodes_to_pure_prediction ... ok
test decode::tests::an_obmc_neighbour_with_no_recorded_filter_refuses_instead_of_panicking ... ok
test decode::tests::base_ctx_rect_offsets_match_the_transcribed_tables_over_the_whole_domain ... ok
test decode::tests::cdef_find_dir_matches_the_per_sample_reference ... ok
test decode::tests::cdef_gather_and_shifted_constrain_match_the_spec_forms ... ok
test decode::tests::a_key_frames_tile_needs_the_headers_own_tx_select_bit ... FAILED
test decode::tests::compound_mode_ctx_map_matches_libaom_corners ... ok
test decode::tests::a_gop_round_trips_bit_exact_against_the_encoder_reconstruction ... ok
test decode::tests::every_inter_record_publishes_an_obmc_readable_filter ... ok
test decode::tests::deblock_simd_kernel_matches_the_scalar_filter ... ok
test decode::tests::an_odd_size_gop_round_trips_bit_exact_against_the_encoder_reconstruction ... ok
test decode::tests::every_intra_mode_round_trips_bit_exact_against_the_encoder_reconstruction ... ok
test decode::tests::filter_intra_classes_carry_their_own_libaom_default_row ... ok
test decode::tests::flat_taps_match_the_row_col_neighbour_reads ... ok
test decode::tests::is_uni_comp_ref_matches_forward_backward_sides ... ok
test decode::tests::leaf8_straddle_sizes_round_trip_bit_exact_against_the_encoder_reconstruction ... ok
test decode::tests::narrowed_publish_surface_keeps_neighbour_semantics ... ok
test decode::tests::cdef_simd_kernel_matches_the_scalar_filter ... ok
test decode::tests::padded_level_buffers_cover_every_neighbour_read_at_every_transform_size ... ok
test decode::tests::real_yuv_round_trips_bit_exact_against_the_encoder_reconstruction ... ok
test decode::tests::record_compound_ctx_stamps_ref1_for_the_next_block_to_read ... ok
test decode::tests::scan_8x4_and_4x8_are_not_transposed_against_each_other ... ok
test decode::tests::the_rect4_scans_are_transposed_pairs ... ok
test decode::tx4x8_table_tests::the_32_position_eob_tables_are_well_formed ... ok
test decode::tx4x8_table_tests::the_rect_4x8_scans_are_each_other_transposed ... ok
test decode::tx4x8_table_tests::the_rect_class1_scans_match_libaom ... ok
test decode::tx4x8_table_tests::the_sub8_rect_reach_tables_are_shape_specific ... ok
test decode::tests::ffmpeg_and_this_decoder_agree_on_a_gop ... ok
test decode::tests::odd_sizes_round_trip_bit_exact_against_the_encoder_reconstruction ... ok
test encode::tests::a_flat_picture_costs_almost_nothing ... ok
test encode::tests::a_frame_of_real_video_decodes_to_what_the_encoder_reconstructed ... ok
test decode::tests::ffmpeg_and_this_decoder_agree_on_a_key_frame ... ok
test encode::tests::a_mode_the_encoder_cannot_predict_is_refused ... ok
test encode::tests::a_640x360_half_straddle_sequence_round_trips_through_ffmpeg ... ok
test encode::tests::a_picture_off_the_block_grid_encodes_and_a_malformed_one_is_refused ... ok
test encode::tests::a_640x360_half_straddle_round_trips_through_ffmpeg_across_three_frames ... ok
test encode::tests::a_nearestmv_block_with_one_nonzero_coefficient_decodes_clean ... ok
test encode::tests::a_repeated_pattern_key_frame_codes_intrabc_blocks_ffmpeg_decodes_exactly ... ok
test encode::tests::a_single_axis_straddle_round_trips_through_ffmpeg ... ok
test encode::tests::a_screen_content_picture_codes_palette_blocks_ffmpeg_decodes_exactly ... ok
test encode::tests::bd_rate_screen_native ... ignored, the native-resolution BD arm: minutes per row, needs ffmpeg
test encode::tests::bd_rate_vs_libaom_and_rav1e ... ignored, the encoder BD-rate baseline: minutes per clip, needs ffmpeg
test encode::tests::calibration_sweep_base_q_idx ... ignored, a calibration probe, not a gate
test encode::tests::every_frame_of_a_sequence_decodes_through_our_own_decoder ... ok
test encode::tests::an_854x480_picture_round_trips_through_its_padding ... ok
test encode::tests::every_frame_of_a_sequence_decodes_to_what_the_encoder_reconstructed ... ok
test encode::tests::every_rect_shape_reaches_what_libaom_says_over_the_whole_superblock ... ok
test encode::tests::a_sequence_round_trips_at_the_exactly_half_straddle_size ... ok
test encode::tests::fidelity_and_rate_move_with_the_quantizer ... ok
test encode::tests::key_frame_and_inter_frame_both_encode_at_half_straddle_size ... ok
test encode::tests::low_motion_makes_an_inter_frame_smaller_than_the_key_frame ... ok
test encode::tests::odd_dimensions_are_refused ... ok
test encode::tests::of_tu_follows_the_block_row_including_under_vert_ab ... ok
test encode::tests::of_tu_matches_libaom_has_top_right_and_has_bottom_left_per_unit ... ok
test encode::tests::predicted_coeff_bits_track_the_tile_the_writer_wrote ... ok
test encode::tests::pricer_error_census_by_block_class ... ok
test encode::tests::pricer_error_census_on_clips ... ignored, reads the real library, needs ffmpeg
test encode::tests::probe_directional ... ignored, a sweep, not a gate
test encode::tests::probe_intrabc_key_frame ... ignored, needs the real-library manifest and ffmpeg
test encode::tests::probe_ladder ... ignored, a sweep, not a gate
test encode::tests::probe_lambda ... ignored, a sweep, not a gate
test encode::tests::probe_screen_detect ... ignored, reads the real library
test encode::tests::probe_screen_library ... ignored, reads the real library
test encode::tests::probe_split ... ignored, a sweep, not a gate
test encode::tests::prune_k_quality_sweep ... ignored, needs real clips and ffmpeg; prints numbers for the lane report to judge
test encode::tests::prune_k_quality_sweep_inter ... ignored, needs real clips and ffmpeg; prints numbers for the lane report to judge
test encode::tests::reach_matches_libaom_has_top_right_and_has_bottom_left ... ok
test encode::tests::ffmpeg_decodes_exactly_what_the_encoder_reconstructed ... FAILED
test encode::tests::a_frame_round_trips_at_its_own_size ... ok
test encode::tests::rect_reach_tables_are_indexed_with_a_32_mi_row_stride ... ok
test encode::tests::sequence_bench_sanity ... ignored, a perf probe, not a gate
test encode::tests::sequence_round_trips_at_a_non_multiple_size ... ok
test encode::tests::stage_timing_breakdown ... ignored, a perf probe, not a gate
test encode::tests::stage_timing_breakdown_inter ... ignored, a perf probe, not a gate
test encode::tests::the_diagonals_beat_the_modes_that_read_no_further ... FAILED
test encode::tests::the_encoded_picture_is_the_one_that_went_in ... ok
test encode::tests::real_clip_encodes_within_its_quality_and_size_budget ... ok
test encode::tests::the_filter_search_picks_real_filters ... ok
test encode::tests::the_encoders_own_streams_are_byte_identical_to_their_pins ... FAILED
test encode::tests::the_search_beats_dc_alone ... FAILED
test encode::tests::the_search_picks_the_diagonal_the_picture_runs ... FAILED
test encode::tests::the_search_picks_the_direction_the_picture_runs ... ok
test encode::tests::tpl_factors_are_flat_on_a_uniform_repeat_and_fall_where_the_window_leans ... ok
test encode::tests::tpl_intra_denominator_histogram ... ignored, needs ffmpeg and the film fixtures
test encode::tests::vert_ab_partition_flips_below_left_for_the_top_right_8x8 ... ok
test encoder::tests::a_1080p_multi_tile_stream_decodes_sample_exact_through_both_decoders ... ignored, 1080p encode: minutes, run it with --ignored
test encode::tests::real_clip_encodes_within_its_quality_and_size_budget_at_a_straddle_size ... ok
test encode::tests::the_final_filter_replay_matches_the_capture_decode_at_odd_sizes ... ok
test encoder::tests::a_pyramid_stream_decodes_in_display_order_through_both_decoders ... ok
test encoder::tests::bt601_limited_colour_is_reported_by_ffprobe ... ok
test encoder::tests::bt709_limited_colour_is_reported_by_ffprobe ... ok
test encode::tests::every_mode_decodes_to_what_the_encoder_predicted ... ok
test encoder::tests::every_speed_preset_decodes_sample_exact_through_both_decoders ... ignored, sets the process-global speed preset: run it alone
test encoder::tests::bytes_per_frame_controller_never_oscillates_past_its_clamp ... ok
test encoder::tests::bytes_per_frame_target_settles_within_20_percent ... ok
test encoder::tests::filter_replay_codes_the_same_stream_as_a_full_decode ... ok
test encoder::tests::filter_replay_final_matches_the_capture_decode ... ok
test encoder::tests::filter_stage_wall_1080p ... ignored, wall measurement: minutes, run it with --ignored --nocapture
test encoder::tests::filter_stage_wall_4k ... ignored, wall measurement: minutes, run it with --ignored --nocapture
test encoder::tests::filter_stage_wall_film ... ignored, wall measurement: minutes, run it with --ignored --nocapture
test encoder::tests::geometry_mismatch_is_refused ... ok
test encoder::tests::gop_cadence_is_honored ... ok
test encoder::tests::one_in_one_out_delayed_by_the_lookahead_depth ... ok
test encoder::tests::filter_stage_bytes_do_not_depend_on_the_thread_count ... ok
test encoder::tests::the_content_gate_keeps_screen_streams_flat ... ok
test encoder::tests::every_tile_layout_decodes_sample_exact_through_both_decoders ... ok
test encoder::tests::thirty_pictures_at_gop_fifteen_decode_to_two_key_frames ... ok
test encoder::tests::tile_bytes_do_not_depend_on_the_thread_count ... ok
test encoder::tests::tile_search_wall_1080p ... ignored, wall measurement: minutes, run it with --ignored --nocapture
test encoder::tests::tile_search_wall_4k ... ignored, wall measurement: minutes, run it with --ignored --nocapture
test encoder::tests::tile_wall_table_at_1080p ... ignored, 1080p wall table: minutes, run it with --ignored
test encoder::tests::zero_gop_is_refused ... ok
test tile::tests::a_block_gathers_the_cells_its_neighbours_cover ... ok
test encoder::tests::quality_target_is_monotone_in_bytes_and_psnr ... ok
test tile::tests::a_coefficient_in_the_far_corner_reaches_the_last_end_of_block_group ... ok
test tile::tests::a_coefficient_off_the_origin_selects_its_own_basis_function ... ok
test tile::tests::a_dc_level_is_worth_half_as_much_each_time_the_transform_doubles ... ok
test tile::tests::a_frame_that_hangs_off_the_bottom_codes_every_block ... ok
test tile::tests::a_frame_that_is_not_a_whole_number_of_blocks_is_refused ... ok
test tile::tests::a_frame_that_is_not_a_whole_number_of_superblocks_codes_every_block ... ok
test tile::tests::a_level_grid_that_does_not_cover_the_frame_is_refused ... ok
test tile::tests::a_newmv_block_reads_back_the_exact_symbol_sequence_it_was_written_with ... ok
test tile::tests::a_quadrant_splits_into_four_sixteens ... ok
test tile::tests::a_quantized_picture_decodes_to_what_the_encoder_reconstructed ... ok
test tile::tests::a_single_ac_coefficient_varies_along_its_own_axis ... ok
test tile::tests::a_split_superblock_decodes_each_quadrant_on_its_own_level ... ok
test tile::tests::a_whole_superblock_at_the_frame_edge_is_refused ... ok
test tile::tests::a_whole_superblock_covers_all_four_of_its_quadrants ... ok
test tile::tests::an_all_skip_inter_superblock_is_small_and_reads_back ... ok
test tile::tests::an_intra_block_in_an_inter_frame_is_caught_reading_kf_y_mode ... ok
test tile::tests::an_intra_mode_outside_the_key_frame_set_is_refused ... ok
test tile::tests::chroma_dc_signs_read_their_neighbours ... ok
test tile::tests::coefficients_the_writer_cannot_code_are_refused ... ok
test tile::tests::dc_levels_the_base_syntax_cannot_carry_are_refused ... ok
test tile::tests::directional_modes_predict_from_the_neighbours_they_name ... ok
test tile::tests::each_chroma_plane_codes_its_own_basis_function ... ok
test encoder::tests::the_facade_codes_the_same_bytes_as_encode_sequence ... ok
test tile::tests::every_quadrant_carries_its_own_coefficients ... ok
test tile::tests::each_superblock_decodes_to_the_grey_its_own_level_asks_for ... ok
test tile::tests::flat_key_frame_decodes_to_mid_grey ... ok
test tile::tests::negating_the_levels_negates_the_residual ... ok
test tile::tests::partial_superblocks_are_refused ... ok
test tile::tests::the_default_scan_walks_every_position_outwards ... ok
test tile::tests::the_golomb_tail_reads_back_as_the_level_it_was_written_for ... ok
test tile::tests::the_inverse_transform_predicts_what_ffmpeg_decodes_for_a_16x16_block ... ok
test tile::tests::the_inverse_transform_predicts_what_ffmpeg_decodes_for_a_32x32_block ... ok
test tile::tests::a_dc_coefficient_moves_the_whole_block_off_mid_grey ... ok
test tile::tests::the_inverse_transform_reproduces_the_pinned_split_residuals ... ok
test tile::tests::the_inverse_transform_reproduces_the_pinned_whole_superblock_residuals ... ok
test tile::tests::the_price_grows_with_the_levels ... ok
test tile::tests::the_priced_coefficient_bits_match_the_bytes_written ... ok
test tile::tests::the_inverse_transform_predicts_what_ffmpeg_decodes_for_a_64x64_block ... ok
test tile::tests::levels_above_the_base_range_tail_carry_a_golomb_tail ... ok
test encoder::tests::bitrate_target_lands_within_10_percent_over_48_frames ... ok

failures:

---- decode::tests::a_key_frames_tile_needs_the_headers_own_tx_select_bit stdout ----

thread 'decode::tests::a_key_frames_tile_needs_the_headers_own_tx_select_bit' (268636) panicked at crates/ec-av1/src/decode.rs:38113:9:
the encoder's key frame no longer codes TxMode::Select -- this gate's premise moved, not the decoder
note: run with `RUST_BACKTRACE=1` environment variable to display a backtrace

---- encode::tests::ffmpeg_decodes_exactly_what_the_encoder_reconstructed stdout ----

thread 'encode::tests::ffmpeg_decodes_exactly_what_the_encoder_reconstructed' (269478) panicked at crates/ec-av1/src/encode.rs:9963:9:
no block split its transform: depths [0, 0, 0]

---- encode::tests::the_diagonals_beat_the_modes_that_read_no_further stdout ----

thread 'encode::tests::the_diagonals_beat_the_modes_that_read_no_further' (270817) panicked at crates/ec-av1/src/encode.rs:11326:13:
down-right: the directional modes saved 0.0% of the rate, wanted better than 20.0%

---- encode::tests::the_encoders_own_streams_are_byte_identical_to_their_pins stdout ----

thread 'encode::tests::the_encoders_own_streams_are_byte_identical_to_their_pins' (270821) panicked at crates/ec-av1/src/encode.rs:13019:13:
assertion `left == right` failed: q=150: the encoder's stream moved
  left: (12675, 3120850839556455414)
 right: (7373, 15037440610111639487)

---- encode::tests::the_search_beats_dc_alone stdout ----

thread 'encode::tests::the_search_beats_dc_alone' (271124) panicked at crates/ec-av1/src/encode.rs:11190:13:
test card: the search saved 0.0% of the rate, wanted at least 5.0%

---- encode::tests::the_search_picks_the_diagonal_the_picture_runs stdout ----

thread 'encode::tests::the_search_picks_the_diagonal_the_picture_runs' (271125) panicked at crates/ec-av1/src/encode.rs:11301:13:
assertion `left == right` failed: down_right=true: 14 of 14 blocks picked mode 0
  left: 0
 right: 4


failures:
    decode::tests::a_key_frames_tile_needs_the_headers_own_tx_select_bit
    encode::tests::ffmpeg_decodes_exactly_what_the_encoder_reconstructed
    encode::tests::the_diagonals_beat_the_modes_that_read_no_further
    encode::tests::the_encoders_own_streams_are_byte_identical_to_their_pins
    encode::tests::the_search_beats_dc_alone
    encode::tests::the_search_picks_the_diagonal_the_picture_runs

test result: FAILED. 137 passed; 6 failed; 25 ignored; 0 measured; 418 filtered out; finished in 8.92s

RC=101
===== speed 10 invariants =====

running 2 tests
test encoder::tests::tile_bytes_do_not_depend_on_the_thread_count ... ok
test encoder::tests::the_facade_codes_the_same_bytes_as_encode_sequence ... ok

test result: ok. 2 passed; 0 failed; 0 ignored; 0 measured; 584 filtered out; finished in 1.77s

RC=0
===== preset decode-exact (ignored) =====

running 1 test
test encoder::tests::every_speed_preset_decodes_sample_exact_through_both_decoders ... ok

test result: ok. 1 passed; 0 failed; 0 ignored; 0 measured; 585 filtered out; finished in 3.84s

RC=0
