
running 1 test
test encode::tests::bd_rate_screen_native ... 
native crop, 12 frames, gop=12; tiles (0, 0), tile threads 1, intrabc false, palette maxcolors 128
| clip | ours PSNR/bytes per point | BD-rate vs libaom | BD-rate vs rav1e | wall ours:libaom:rav1e (noisy) |
|---|---|---|---|---|
bars 1080p: sequence, pyramid requested Some(Pyramid { mini_gop: 4, arf_q_offset: -16, leaf_q_offset: 8 }) effective Some(Pyramid { mini_gop: 4, arf_q_offset: -16, leaf_q_offset: 8 })
bars 1080p: pricer armings default=13 real=145
bars 1080p: motion_mode 32x32 SIMPLE=0 OBMC=0 WARP=0 | 16x16 SIMPLE=0 OBMC=0 WARP=0 | 8x8 SIMPLE=0 OBMC=0 WARP=0 (0.0% OBMC / 0.0% WARP of 0 eligible)
bars 1080p: inter var-tx depths of 12878 blocks -- leaf single 0=1366 1=606 (30.7% split) | leaf compound 0=1661 1=1094 (39.7% split) | 32x32 single 0=1013 1=2383 (70.2% split) | 32x32 compound 0=2391 1=2364 (49.7% split)
bars 1080p: screen frames on=0 off=4 (0.0% on); palette blocks luma 0 chroma 0; intrabc blocks 0 (searched 0 / valid 0 / won 0)
bars 1080p: filter intra on=true blocks 383 (modes DC=52 V=51 H=170 D157=73 PAETH=37)
| bars 1080p 1920x1024 | 42.94 dB/297394 B, 46.78 dB/447717 B, 50.28 dB/609339 B, 53.42 dB/761310 B | +54.5% | +32.1% | 27.0s:6.6s:16.5s |
film A (1080p source): sequence, pyramid requested Some(Pyramid { mini_gop: 4, arf_q_offset: -16, leaf_q_offset: 8 }) effective Some(Pyramid { mini_gop: 4, arf_q_offset: -16, leaf_q_offset: 8 })
film A (1080p source): pricer armings default=16 real=176
film A (1080p source): motion_mode 32x32 SIMPLE=0 OBMC=0 WARP=0 | 16x16 SIMPLE=0 OBMC=0 WARP=0 | 8x8 SIMPLE=0 OBMC=0 WARP=0 (0.0% OBMC / 0.0% WARP of 0 eligible)
film A (1080p source): inter var-tx depths of 116640 blocks -- leaf single 0=20681 1=5434 (20.8% split) | leaf compound 0=40475 1=11757 (22.5% split) | 32x32 single 0=9841 1=6838 (41.0% split) | 32x32 compound 0=13069 1=8545 (39.5% split)
film A (1080p source): screen frames on=0 off=4 (0.0% on); palette blocks luma 0 chroma 0; intrabc blocks 0 (searched 0 / valid 0 / won 0)
film A (1080p source): filter intra on=true blocks 13014 (modes DC=3242 V=1636 H=2460 D157=3974 PAETH=1702)
| film A (1080p source) 1920x768 | 43.45 dB/72611 B, 45.35 dB/121450 B, 46.79 dB/216564 B, 47.94 dB/395286 B | +54.6% | +24.3% | 43.1s:9.5s:13.7s |
ok

test result: ok. 1 passed; 0 failed; 0 ignored; 0 measured; 585 filtered out; finished in 121.17s

RC=0
