   Compiling ec-core v0.1.0 (/home/tahinli/Documents/Code/Rust/edith_codecs-av1libdet/crates/ec-core)
   Compiling ec-av1-syntax v0.1.0 (/home/tahinli/Documents/Code/Rust/edith_codecs-av1libdet/crates/ec-av1-syntax)
   Compiling ec-av1 v0.1.0 (/home/tahinli/Documents/Code/Rust/edith_codecs-av1libdet/crates/ec-av1)
    Finished `release` profile [optimized] target(s) in 18.47s
     Running unittests src/lib.rs (/home/tahinli/.cache/cargo-target-av1libdet/release/deps/ec_av1-8fef0196ab10338d)

running 1 test
SKIP 135: file is gone
SKIP 136: file is gone
| idx | codec size | class | offset | qualifying blocks | verdict | mean/sd/MAD |
| fx | bars 1080p | camera | 10% | 2.6% | camera (0/4 frames) | 126/55.9/1.92 |
| fx | bars 1080p | camera | 50% | SKIP: ffmpeg decoded no frame here |
| fx | bars 1080p | camera | 90% | SKIP: ffmpeg decoded no frame here |
| fx | bars 2160p | camera | 10% | 0.8% | camera (0/4 frames) | 126/69.3/1.08 |
| fx | bars 2160p | camera | 50% | SKIP: ffmpeg decoded no frame here |
| fx | bars 2160p | camera | 90% | SKIP: ffmpeg decoded no frame here |
| 1 | h264 2560x1440 | screen | 10% | 6.4% | camera (0/4 frames) | 218/27.0/0.00 |
| 1 | h264 2560x1440 | screen | 50% | 6.3% | camera (0/4 frames) | 218/27.0/0.00 |
| 1 | h264 2560x1440 | screen | 90% | 6.7% | camera (0/4 frames) | 218/27.3/0.00 |
| 2 | h264 2560x1440 | screen | 10% | 6.4% | camera (0/4 frames) | 218/27.0/0.00 |
| 2 | h264 2560x1440 | screen | 50% | 6.3% | camera (0/4 frames) | 218/27.0/0.00 |
| 2 | h264 2560x1440 | screen | 90% | 6.7% | camera (0/4 frames) | 218/27.3/0.00 |
| 3 | h264 2560x1440 | screen | 10% | 1.6% | camera (0/4 frames) | 25/22.0/0.83 |
| 3 | h264 2560x1440 | screen | 50% | 2.7% | camera (0/4 frames) | 24/19.2/1.23 |
| 3 | h264 2560x1440 | screen | 90% | 1.7% | camera (0/4 frames) | 23/20.4/2.20 |
| 4 | h264 2560x1440 | screen | 10% | 1.6% | camera (0/4 frames) | 25/22.0/0.83 |
| 4 | h264 2560x1440 | screen | 50% | 2.7% | camera (0/4 frames) | 24/19.3/0.83 |
| 4 | h264 2560x1440 | screen | 90% | 1.7% | camera (0/4 frames) | 23/20.4/2.20 |
| 5 | h264 2560x1440 | screen | 10% | 2.8% | camera (0/4 frames) | 29/22.6/1.22 |
| 5 | h264 2560x1440 | screen | 50% | 2.3% | camera (0/4 frames) | 35/28.4/0.93 |
| 5 | h264 2560x1440 | screen | 90% | 3.8% | camera (0/4 frames) | 59/15.1/0.04 |
| 6 | h264 2560x1440 | screen | 10% | 2.8% | camera (0/4 frames) | 29/22.6/1.22 |
| 6 | h264 2560x1440 | screen | 50% | 2.3% | camera (0/4 frames) | 35/28.4/0.93 |
| 6 | h264 2560x1440 | screen | 90% | 3.9% | camera (0/4 frames) | 59/15.1/0.07 |
| 7 | h264 2560x1440 | screen | 10% | 1.9% | camera (0/4 frames) | 60/40.1/12.80 |
| 7 | h264 2560x1440 | screen | 50% | 4.2% | camera (0/4 frames) | 62/47.1/5.50 |
| 7 | h264 2560x1440 | screen | 90% | 4.1% | camera (0/4 frames) | 58/26.7/10.35 |
| 8 | h264 2560x1440 | screen | 10% | 1.9% | camera (0/4 frames) | 60/40.1/12.80 |
| 8 | h264 2560x1440 | screen | 50% | 4.2% | camera (0/4 frames) | 62/47.1/5.50 |
| 8 | h264 2560x1440 | screen | 90% | 4.0% | camera (0/4 frames) | 57/26.8/4.92 |
| 9 | h264 2560x1440 | screen | 10% | 5.1% | camera (0/4 frames) | 65/27.5/1.94 |
| 9 | h264 2560x1440 | screen | 50% | 5.1% | camera (0/4 frames) | 67/29.5/1.70 |
| 9 | h264 2560x1440 | screen | 90% | 4.7% | camera (0/4 frames) | 70/30.2/1.55 |
| 10 | h264 2560x1440 | screen | 10% | 5.1% | camera (0/4 frames) | 65/27.5/1.30 |
| 10 | h264 2560x1440 | screen | 50% | 5.1% | camera (0/4 frames) | 67/29.5/1.13 |
| 10 | h264 2560x1440 | screen | 90% | 4.7% | camera (0/4 frames) | 70/30.2/1.05 |
| 11 | h264 2560x1440 | screen | 10% | 2.1% | camera (0/4 frames) | 70/44.6/4.97 |
| 11 | h264 2560x1440 | screen | 50% | 1.6% | camera (0/4 frames) | 74/43.3/6.77 |
| 11 | h264 2560x1440 | screen | 90% | 2.3% | camera (0/4 frames) | 67/62.4/5.69 |
| 12 | h264 2560x1440 | screen | 10% | 2.1% | camera (0/4 frames) | 70/44.6/4.97 |
| 12 | h264 2560x1440 | screen | 50% | 1.6% | camera (0/4 frames) | 74/43.3/6.77 |
| 12 | h264 2560x1440 | screen | 90% | 2.4% | camera (0/4 frames) | 67/62.6/8.14 |
| 13 | h264 2560x1440 | screen | 10% | 9.5% | camera (0/4 frames) | 30/21.1/0.11 |
| 13 | h264 2560x1440 | screen | 50% | 9.7% | camera (2/4 frames) | 30/21.1/0.61 |
| 13 | h264 2560x1440 | screen | 90% | 9.5% | camera (0/4 frames) | 30/21.2/0.10 |
| 14 | h264 2560x1440 | screen | 10% | 9.5% | camera (0/4 frames) | 30/21.1/0.07 |
| 14 | h264 2560x1440 | screen | 50% | 9.4% | camera (1/4 frames) | 31/21.2/0.50 |
| 14 | h264 2560x1440 | screen | 90% | 9.5% | camera (0/4 frames) | 30/21.2/0.06 |
| 15 | h264 1280x720 | camera | 10% | 3.7% | camera (0/4 frames) | 71/63.7/3.17 |
| 15 | h264 1280x720 | camera | 50% | 1.6% | camera (0/4 frames) | 150/37.7/0.00 |
| 15 | h264 1280x720 | camera | 90% | 3.1% | camera (0/4 frames) | 132/41.0/0.02 |
| 16 | h264 1280x720 | camera | 10% | 0.2% | camera (0/4 frames) | 182/17.6/3.60 |
| 16 | h264 1280x720 | camera | 50% | 2.7% | camera (0/4 frames) | 126/59.1/0.91 |
| 16 | h264 1280x720 | camera | 90% | 0.5% | camera (0/4 frames) | 131/57.0/0.17 |
| 17 | h264 1280x720 | camera | 10% | 1.3% | camera (0/4 frames) | 93/41.9/10.39 |
| 17 | h264 1280x720 | camera | 50% | 0.4% | camera (0/4 frames) | 78/43.8/0.09 |
| 17 | h264 1280x720 | camera | 90% | 0.6% | camera (0/4 frames) | 111/30.0/0.00 |
| 18 | h264 1280x720 | camera | 10% | 1.0% | camera (0/4 frames) | 134/36.9/0.04 |
| 18 | h264 1280x720 | camera | 50% | 1.1% | camera (0/4 frames) | 109/25.3/0.07 |
| 18 | h264 1280x720 | camera | 90% | 0.6% | camera (0/4 frames) | 53/42.1/0.07 |
| 19 | h264 1280x720 | camera | 10% | 0.9% | camera (0/4 frames) | 111/58.0/14.31 |
| 19 | h264 1280x720 | camera | 50% | 0.8% | camera (0/4 frames) | 104/52.5/0.03 |
| 19 | h264 1280x720 | camera | 90% | 0.9% | camera (0/4 frames) | 116/40.3/0.25 |
| 20 | h264 1280x720 | camera | 10% | 0.1% | camera (0/4 frames) | 139/45.4/0.01 |
| 20 | h264 1280x720 | camera | 50% | 0.4% | camera (0/4 frames) | 103/32.7/11.24 |
| 20 | h264 1280x720 | camera | 90% | 0.6% | camera (0/4 frames) | 137/53.2/1.10 |
| 21 | h264 1280x720 | camera | 10% | 0.9% | camera (0/4 frames) | 135/63.0/1.16 |
| 21 | h264 1280x720 | camera | 50% | 0.7% | camera (0/4 frames) | 54/19.8/15.05 |
| 21 | h264 1280x720 | camera | 90% | 0.5% | camera (0/4 frames) | 118/57.5/9.75 |
| 22 | h264 1280x720 | camera | 10% | 2.6% | camera (0/4 frames) | 120/31.9/3.26 |
| 22 | h264 1280x720 | camera | 50% | 3.3% | camera (0/4 frames) | 148/52.0/0.01 |
| 22 | h264 1280x720 | camera | 90% | 2.3% | camera (0/4 frames) | 142/23.8/1.51 |
| 23 | h264 1280x720 | camera | 10% | 0.8% | camera (0/4 frames) | 74/53.1/4.84 |
| 23 | h264 1280x720 | camera | 50% | 0.4% | camera (0/4 frames) | 62/34.4/0.01 |
| 23 | h264 1280x720 | camera | 90% | 0.9% | camera (0/4 frames) | 125/58.5/0.01 |
| 24 | h264 1280x720 | camera | 10% | 0.3% | camera (0/4 frames) | 99/49.9/0.66 |
| 24 | h264 1280x720 | camera | 50% | 0.2% | camera (0/4 frames) | 152/43.9/0.04 |
| 24 | h264 1280x720 | camera | 90% | 3.3% | camera (0/4 frames) | 36/14.8/1.44 |
| 25 | h264 1280x720 | camera | 10% | 0.7% | camera (0/4 frames) | 105/60.8/0.08 |
| 25 | h264 1280x720 | camera | 50% | 0.5% | camera (0/4 frames) | 198/38.5/0.02 |
| 25 | h264 1280x720 | camera | 90% | 1.8% | camera (0/4 frames) | 72/33.4/0.07 |
| 26 | h264 1280x720 | camera | 10% | 1.7% | camera (0/4 frames) | 90/48.0/2.61 |
| 26 | h264 1280x720 | camera | 50% | 0.4% | camera (0/4 frames) | 162/54.6/0.04 |
| 26 | h264 1280x720 | camera | 90% | 0.5% | camera (0/4 frames) | 37/20.0/0.83 |
| 27 | h264 1280x720 | camera | 10% | 0.7% | camera (0/4 frames) | 127/52.3/0.05 |
| 27 | h264 1280x720 | camera | 50% | 0.4% | camera (0/4 frames) | 102/38.9/0.59 |
| 27 | h264 1280x720 | camera | 90% | 0.3% | camera (0/4 frames) | 70/24.5/4.13 |
| 28 | h264 1280x720 | camera | 10% | 2.0% | camera (0/4 frames) | 48/18.0/4.66 |
| 28 | h264 1280x720 | camera | 50% | 0.5% | camera (0/4 frames) | 144/51.7/4.12 |
| 28 | h264 1280x720 | camera | 90% | 0.1% | camera (0/4 frames) | 77/23.8/0.40 |
| 29 | h264 1280x720 | camera | 10% | 0.6% | camera (0/4 frames) | 142/40.9/0.05 |
| 29 | h264 1280x720 | camera | 50% | 0.7% | camera (0/4 frames) | 120/48.9/19.56 |
| 29 | h264 1280x720 | camera | 90% | 0.0% | camera (0/4 frames) | 152/64.0/3.96 |
| 30 | h264 1280x720 | camera | 10% | 0.7% | camera (0/4 frames) | 35/16.2/0.94 |
| 30 | h264 1280x720 | camera | 50% | 0.9% | camera (0/4 frames) | 61/19.6/0.02 |
| 30 | h264 1280x720 | camera | 90% | 0.0% | camera (0/4 frames) | 197/39.5/5.02 |
| 31 | h264 1280x720 | camera | 10% | 0.3% | camera (0/4 frames) | 134/46.1/0.05 |
| 31 | h264 1280x720 | camera | 50% | 1.1% | camera (0/4 frames) | 160/32.6/1.30 |
| 31 | h264 1280x720 | camera | 90% | 1.0% | camera (0/4 frames) | 124/29.3/0.02 |
| 32 | h264 1280x720 | camera | 10% | 2.3% | camera (0/4 frames) | 112/43.5/7.38 |
| 32 | h264 1280x720 | camera | 50% | 0.9% | camera (0/4 frames) | 65/35.1/0.01 |
| 32 | h264 1280x720 | camera | 90% | 2.1% | camera (0/4 frames) | 153/50.6/0.79 |
| 33 | h264 1280x720 | camera | 10% | 0.4% | camera (0/4 frames) | 119/49.0/0.04 |
| 33 | h264 1280x720 | camera | 50% | 0.5% | camera (0/4 frames) | 158/51.5/20.29 |
| 33 | h264 1280x720 | camera | 90% | 0.6% | camera (0/4 frames) | 116/45.1/1.24 |
| 34 | h264 1280x720 | camera | 10% | 0.4% | camera (0/4 frames) | 107/47.7/6.90 |
| 34 | h264 1280x720 | camera | 50% | 0.4% | camera (0/4 frames) | 176/41.3/0.05 |
| 34 | h264 1280x720 | camera | 90% | 0.6% | camera (0/4 frames) | 98/36.1/2.33 |
| 35 | h264 1280x720 | camera | 10% | 0.4% | camera (0/4 frames) | 91/37.8/0.01 |
| 35 | h264 1280x720 | camera | 50% | 0.8% | camera (0/4 frames) | 64/31.5/0.13 |
| 35 | h264 1280x720 | camera | 90% | 0.7% | camera (0/4 frames) | 166/36.0/0.48 |
| 36 | h264 1280x720 | camera | 10% | 0.3% | camera (0/4 frames) | 84/37.0/0.07 |
| 36 | h264 1280x720 | camera | 50% | 1.4% | camera (0/4 frames) | 85/50.1/9.36 |
| 36 | h264 1280x720 | camera | 90% | 0.8% | camera (0/4 frames) | 52/34.3/0.25 |
| 37 | h264 1280x720 | camera | 10% | 0.5% | camera (0/4 frames) | 48/14.8/0.09 |
| 37 | h264 1280x720 | camera | 50% | 0.6% | camera (0/4 frames) | 67/39.3/0.82 |
| 37 | h264 1280x720 | camera | 90% | 0.1% | camera (0/4 frames) | 135/46.4/0.03 |
| 38 | h264 1280x720 | camera | 10% | 0.8% | camera (0/4 frames) | 71/55.5/10.98 |
| 38 | h264 1280x720 | camera | 50% | 1.3% | camera (0/4 frames) | 124/54.3/0.18 |
| 38 | h264 1280x720 | camera | 90% | 0.6% | camera (0/4 frames) | 103/56.5/1.57 |
| 39 | h264 1280x720 | camera | 10% | 1.0% | camera (0/4 frames) | 125/43.3/0.04 |
| 39 | h264 1280x720 | camera | 50% | 0.6% | camera (0/4 frames) | 60/31.6/2.58 |
| 39 | h264 1280x720 | camera | 90% | 0.6% | camera (0/4 frames) | 102/49.2/0.07 |
| 40 | h264 1280x720 | camera | 10% | 0.5% | camera (0/4 frames) | 67/37.0/0.21 |
| 40 | h264 1280x720 | camera | 50% | 0.6% | camera (0/4 frames) | 87/33.9/0.02 |
| 40 | h264 1280x720 | camera | 90% | 0.3% | camera (0/4 frames) | 92/40.6/0.07 |
| 41 | h264 1280x720 | camera | 10% | 0.4% | camera (0/4 frames) | 145/81.9/13.23 |
| 41 | h264 1280x720 | camera | 50% | 1.4% | camera (0/4 frames) | 70/53.3/5.25 |
| 41 | h264 1280x720 | camera | 90% | 0.1% | camera (0/4 frames) | 123/66.0/2.34 |
| 42 | h264 1280x720 | camera | 10% | 2.0% | camera (0/4 frames) | 139/46.5/6.31 |
| 42 | h264 1280x720 | camera | 50% | 1.1% | camera (0/4 frames) | 70/62.3/0.21 |
| 42 | h264 1280x720 | camera | 90% | 0.4% | camera (0/4 frames) | 51/18.9/0.27 |
| 43 | h264 1280x720 | camera | 10% | 0.7% | camera (0/4 frames) | 115/48.7/0.03 |
| 43 | h264 1280x720 | camera | 50% | 1.6% | camera (0/4 frames) | 97/36.7/5.44 |
| 43 | h264 1280x720 | camera | 90% | 1.0% | camera (0/4 frames) | 30/7.5/5.94 |
| 44 | h264 1280x720 | camera | 10% | 0.3% | camera (0/4 frames) | 115/68.9/0.15 |
| 44 | h264 1280x720 | camera | 50% | 1.3% | camera (0/4 frames) | 168/35.9/6.04 |
| 44 | h264 1280x720 | camera | 90% | 2.2% | camera (0/4 frames) | 120/37.6/0.99 |
| 45 | h264 1280x720 | camera | 10% | 1.9% | camera (0/4 frames) | 131/58.9/6.18 |
| 45 | h264 1280x720 | camera | 50% | 3.6% | camera (0/4 frames) | 138/59.6/28.62 |
| 45 | h264 1280x720 | camera | 90% | 1.2% | camera (0/4 frames) | 102/72.5/0.22 |
| 46 | h264 1280x720 | camera | 10% | 0.5% | camera (0/4 frames) | 170/58.6/4.92 |
| 46 | h264 1280x720 | camera | 50% | 0.7% | camera (0/4 frames) | 145/40.1/7.32 |
| 46 | h264 1280x720 | camera | 90% | 0.9% | camera (0/4 frames) | 109/58.4/0.36 |
| 47 | h264 1280x720 | camera | 10% | 0.8% | camera (0/4 frames) | 72/55.8/30.24 |
| 47 | h264 1280x720 | camera | 50% | 1.3% | camera (0/4 frames) | 47/22.7/0.07 |
| 47 | h264 1280x720 | camera | 90% | 0.1% | camera (0/4 frames) | 93/41.0/2.01 |
| 48 | h264 1280x720 | camera | 10% | 0.6% | camera (0/4 frames) | 93/28.6/0.47 |
| 48 | h264 1280x720 | camera | 50% | 1.4% | camera (0/4 frames) | 99/34.3/20.25 |
| 48 | h264 1280x720 | camera | 90% | 1.3% | camera (0/4 frames) | 71/33.8/0.05 |
| 49 | h264 1280x720 | camera | 10% | 0.1% | camera (0/4 frames) | 164/38.1/0.12 |
| 49 | h264 1280x720 | camera | 50% | 0.3% | camera (0/4 frames) | 72/31.3/0.04 |
| 49 | h264 1280x720 | camera | 90% | 2.4% | camera (0/4 frames) | 67/24.5/0.35 |
| 50 | h264 1280x720 | camera | 10% | 2.5% | camera (0/4 frames) | 161/18.3/5.04 |
| 50 | h264 1280x720 | camera | 50% | 0.3% | camera (0/4 frames) | 124/19.9/10.92 |
| 50 | h264 1280x720 | camera | 90% | 3.8% | camera (0/4 frames) | 140/71.1/0.01 |
| 51 | h264 1280x720 | camera | 10% | 0.6% | camera (0/4 frames) | 124/46.9/3.45 |
| 51 | h264 1280x720 | camera | 50% | 0.6% | camera (0/4 frames) | 87/21.9/0.03 |
| 51 | h264 1280x720 | camera | 90% | 0.0% | camera (0/4 frames) | 199/6.8/0.77 |
| 52 | h264 1280x720 | camera | 10% | 0.5% | camera (0/4 frames) | 102/42.8/0.05 |
| 52 | h264 1280x720 | camera | 50% | 1.3% | camera (0/4 frames) | 81/24.1/0.04 |
| 52 | h264 1280x720 | camera | 90% | 0.3% | camera (0/4 frames) | 86/55.7/1.78 |
| 53 | h264 1280x720 | camera | 10% | 0.8% | camera (0/4 frames) | 163/27.7/7.38 |
| 53 | h264 1280x720 | camera | 50% | 0.3% | camera (0/4 frames) | 60/26.8/0.25 |
| 53 | h264 1280x720 | camera | 90% | 0.8% | camera (0/4 frames) | 39/19.2/4.96 |
| 54 | h264 1280x720 | camera | 10% | 0.8% | camera (0/4 frames) | 108/60.7/2.13 |
| 54 | h264 1280x720 | camera | 50% | 1.2% | camera (0/4 frames) | 130/44.4/0.05 |
| 54 | h264 1280x720 | camera | 90% | 0.8% | camera (0/4 frames) | 80/18.9/1.27 |
| 55 | h264 1280x720 | camera | 10% | 1.7% | camera (0/4 frames) | 68/35.9/0.69 |
| 55 | h264 1280x720 | camera | 50% | 0.1% | camera (0/4 frames) | 55/9.0/0.17 |
| 55 | h264 1280x720 | camera | 90% | 0.8% | camera (0/4 frames) | 59/25.6/1.69 |
| 56 | h264 1280x720 | camera | 10% | 0.6% | camera (0/4 frames) | 103/57.1/0.04 |
| 56 | h264 1280x720 | camera | 50% | 0.5% | camera (0/4 frames) | 54/19.7/0.05 |
| 56 | h264 1280x720 | camera | 90% | 1.0% | camera (0/4 frames) | 41/14.4/7.14 |
| 57 | h264 1280x720 | camera | 10% | 1.0% | camera (0/4 frames) | 165/44.8/0.01 |
| 57 | h264 1280x720 | camera | 50% | 0.5% | camera (0/4 frames) | 107/61.7/0.23 |
| 57 | h264 1280x720 | camera | 90% | 1.5% | camera (0/4 frames) | 119/73.3/0.05 |
| 58 | h264 1280x720 | camera | 10% | 0.8% | camera (0/4 frames) | 97/47.5/0.19 |
| 58 | h264 1280x720 | camera | 50% | 4.3% | camera (0/4 frames) | 125/58.4/0.01 |
| 58 | h264 1280x720 | camera | 90% | 1.4% | camera (0/4 frames) | 146/39.1/6.75 |
| 59 | h264 1280x720 | camera | 10% | 1.8% | camera (0/4 frames) | 99/26.4/31.53 |
| 59 | h264 1280x720 | camera | 50% | 3.1% | camera (0/4 frames) | 149/34.6/0.81 |
| 59 | h264 1280x720 | camera | 90% | 3.2% | camera (0/4 frames) | 176/62.0/3.12 |
| 60 | h264 1280x720 | camera | 10% | 1.6% | camera (0/4 frames) | 98/49.4/5.38 |
| 60 | h264 1280x720 | camera | 50% | 2.7% | camera (0/4 frames) | 108/61.1/22.29 |
| 60 | h264 1280x720 | camera | 90% | 1.1% | camera (0/4 frames) | 95/61.4/20.96 |
| 61 | h264 1280x720 | camera | 10% | 0.5% | camera (0/4 frames) | 82/33.4/0.05 |
| 61 | h264 1280x720 | camera | 50% | 2.5% | camera (0/4 frames) | 134/47.1/0.39 |
| 61 | h264 1280x720 | camera | 90% | 2.2% | camera (0/4 frames) | 57/23.0/0.12 |
| 62 | h264 1280x720 | camera | 10% | 1.9% | camera (0/4 frames) | 105/29.2/0.02 |
| 62 | h264 1280x720 | camera | 50% | 1.8% | camera (0/4 frames) | 92/61.2/0.02 |
| 62 | h264 1280x720 | camera | 90% | 3.2% | camera (0/4 frames) | 51/31.0/0.00 |
| 63 | h264 1280x720 | camera | 10% | 1.3% | camera (0/4 frames) | 121/52.6/4.44 |
| 63 | h264 1280x720 | camera | 50% | 0.5% | camera (0/4 frames) | 74/38.1/0.59 |
| 63 | h264 1280x720 | camera | 90% | 0.2% | camera (0/4 frames) | 86/56.4/1.67 |
| 64 | h264 1280x720 | camera | 10% | 0.2% | camera (0/4 frames) | 123/44.5/0.50 |
| 64 | h264 1280x720 | camera | 50% | 0.3% | camera (0/4 frames) | 148/50.3/0.02 |
| 64 | h264 1280x720 | camera | 90% | 0.0% | camera (0/4 frames) | 70/31.2/3.74 |
| 65 | h264 1280x720 | camera | 10% | 0.1% | camera (0/4 frames) | 146/25.9/0.01 |
| 65 | h264 1280x720 | camera | 50% | 0.9% | camera (0/4 frames) | 59/31.3/10.18 |
| 65 | h264 1280x720 | camera | 90% | 1.2% | camera (0/4 frames) | 90/62.1/1.29 |
| 66 | h264 1280x720 | camera | 10% | 3.1% | camera (0/4 frames) | 155/54.7/0.03 |
| 66 | h264 1280x720 | camera | 50% | 3.3% | camera (0/4 frames) | 180/41.6/0.66 |
| 66 | h264 1280x720 | camera | 90% | 4.8% | camera (0/4 frames) | 49/19.9/3.49 |
| 67 | h264 1280x720 | camera | 10% | 0.9% | camera (0/4 frames) | 135/38.7/0.03 |
| 67 | h264 1280x720 | camera | 50% | 0.3% | camera (0/4 frames) | 89/42.9/0.06 |
| 67 | h264 1280x720 | camera | 90% | 0.0% | camera (0/4 frames) | 158/64.9/3.88 |
| 68 | h264 1280x720 | camera | 10% | 1.4% | camera (0/4 frames) | 151/54.3/11.40 |
| 68 | h264 1280x720 | camera | 50% | 0.6% | camera (0/4 frames) | 83/51.5/0.10 |
| 68 | h264 1280x720 | camera | 90% | 1.0% | camera (0/4 frames) | 67/35.6/0.06 |
| 69 | h264 1280x720 | camera | 10% | 0.4% | camera (0/4 frames) | 39/20.6/0.89 |
| 69 | h264 1280x720 | camera | 50% | 0.5% | camera (0/4 frames) | 40/14.7/0.07 |
| 69 | h264 1280x720 | camera | 90% | 0.7% | camera (0/4 frames) | 42/22.7/0.02 |
| 70 | h264 1280x720 | camera | 10% | 0.7% | camera (0/4 frames) | 110/36.4/0.57 |
| 70 | h264 1280x720 | camera | 50% | 0.6% | camera (0/4 frames) | 51/22.3/0.01 |
| 70 | h264 1280x720 | camera | 90% | 1.2% | camera (0/4 frames) | 62/43.8/0.01 |
| 71 | h264 1280x720 | camera | 10% | 0.6% | camera (0/4 frames) | 57/26.4/0.08 |
| 71 | h264 1280x720 | camera | 50% | 0.3% | camera (0/4 frames) | 186/47.5/10.71 |
| 71 | h264 1280x720 | camera | 90% | 0.9% | camera (0/4 frames) | 123/41.4/0.26 |
| 72 | h264 1280x720 | camera | 10% | 0.9% | camera (0/4 frames) | 116/44.7/0.24 |
| 72 | h264 1280x720 | camera | 50% | 1.0% | camera (0/4 frames) | 93/30.3/0.13 |
| 72 | h264 1280x720 | camera | 90% | 0.2% | camera (0/4 frames) | 85/34.7/7.77 |
| 73 | h264 1280x720 | camera | 10% | 1.3% | camera (0/4 frames) | 185/71.2/0.00 |
| 73 | h264 1280x720 | camera | 50% | 0.6% | camera (0/4 frames) | 128/23.8/9.17 |
| 73 | h264 1280x720 | camera | 90% | 3.2% | camera (0/4 frames) | 149/81.4/0.02 |
| 74 | h264 1280x720 | camera | 10% | 0.4% | camera (0/4 frames) | 47/17.8/4.53 |
| 74 | h264 1280x720 | camera | 50% | 0.1% | camera (0/4 frames) | 61/17.8/0.07 |
| 74 | h264 1280x720 | camera | 90% | 0.6% | camera (0/4 frames) | 131/55.4/10.16 |
| 75 | h264 1280x720 | camera | 10% | 0.9% | camera (0/4 frames) | 84/41.6/0.00 |
| 75 | h264 1280x720 | camera | 50% | 0.7% | camera (0/4 frames) | 75/33.5/0.56 |
| 75 | h264 1280x720 | camera | 90% | 2.9% | camera (0/4 frames) | 133/60.6/0.05 |
| 76 | h264 1280x720 | camera | 10% | 1.0% | camera (0/4 frames) | 95/60.4/1.14 |
| 76 | h264 1280x720 | camera | 50% | 0.2% | camera (0/4 frames) | 188/17.5/0.22 |
| 76 | h264 1280x720 | camera | 90% | 0.3% | camera (0/4 frames) | 72/40.7/0.05 |
| 77 | h264 1280x720 | camera | 10% | 4.6% | camera (0/4 frames) | 181/25.8/0.93 |
| 77 | h264 1280x720 | camera | 50% | 0.6% | camera (0/4 frames) | 119/49.1/7.50 |
| 77 | h264 1280x720 | camera | 90% | 4.3% | camera (0/4 frames) | 146/64.8/2.42 |
| 78 | h264 1280x720 | camera | 10% | 0.5% | camera (0/4 frames) | 87/44.5/2.30 |
| 78 | h264 1280x720 | camera | 50% | 0.7% | camera (0/4 frames) | 169/41.3/0.02 |
| 78 | h264 1280x720 | camera | 90% | 0.2% | camera (0/4 frames) | 91/35.4/1.84 |
| 79 | av1 1920x792 | camera | 10% | 0.1% | camera (0/4 frames) | 31/12.6/0.95 |
| 79 | av1 1920x792 | camera | 50% | 0.2% | camera (0/4 frames) | 118/43.2/24.68 |
| 79 | av1 1920x792 | camera | 90% | 0.4% | camera (0/4 frames) | 37/15.6/13.63 |
| 80 | h264 3840x1608 | camera | 10% | 1.9% | camera (0/4 frames) | 64/20.9/1.68 |
| 80 | h264 3840x1608 | camera | 50% | 0.9% | camera (0/4 frames) | 76/28.3/6.24 |
| 80 | h264 3840x1608 | camera | 90% | 2.0% | camera (0/4 frames) | 59/17.8/3.26 |
| 81 | h264 576x1024 | camera | 10% | 1.3% | camera (0/4 frames) | 129/65.2/0.11 |
| 81 | h264 576x1024 | camera | 50% | 1.3% | camera (0/4 frames) | 142/44.3/0.59 |
| 81 | h264 576x1024 | camera | 90% | 1.0% | camera (0/4 frames) | 114/62.4/6.56 |
| 83 | h264 640x1138 | camera | 10% | 2.6% | camera (0/4 frames) | 60/45.4/1.35 |
| 83 | h264 640x1138 | camera | 50% | 1.3% | camera (0/4 frames) | 64/49.3/0.95 |
| 83 | h264 640x1138 | camera | 90% | 1.7% | camera (0/4 frames) | 39/31.4/0.72 |
| 84 | h264 1920x1080 | screen | 10% | 13.8% | SCREEN (4/4 frames) | 188/80.3/0.01 |
| 84 | h264 1920x1080 | screen | 50% | 8.0% | camera (0/4 frames) | 120/87.2/1.20 |
| 84 | h264 1920x1080 | screen | 90% | 6.3% | camera (0/4 frames) | 133/70.8/0.26 |
| 85 | h264 1274x720 | camera | 10% | 2.9% | camera (0/4 frames) | 49/32.8/4.99 |
| 85 | h264 1274x720 | camera | 50% | 2.3% | camera (0/4 frames) | 51/48.1/3.33 |
| 85 | h264 1274x720 | camera | 90% | 0.8% | camera (0/4 frames) | 41/27.7/2.17 |
| 86 | h264 720x1280 | camera | 10% | 4.6% | camera (0/4 frames) | 67/38.8/0.58 |
| 86 | h264 720x1280 | camera | 50% | 5.4% | camera (0/4 frames) | 66/40.2/0.54 |
| 86 | h264 720x1280 | camera | 90% | 4.7% | camera (0/4 frames) | 66/40.5/1.68 |
| 87 | h264 640x1138 | camera | 10% | 2.8% | camera (0/4 frames) | 224/42.1/0.00 |
| 87 | h264 640x1138 | camera | 50% | 0.2% | camera (0/4 frames) | 210/49.4/0.80 |
| 87 | h264 640x1138 | camera | 90% | 1.0% | camera (0/4 frames) | 93/61.4/9.89 |
| 88 | h264 1920x1080 | camera | 10% | 0.4% | camera (0/4 frames) | 70/32.2/5.87 |
| 88 | h264 1920x1080 | camera | 50% | 0.0% | camera (0/4 frames) | 49/22.5/2.18 |
| 88 | h264 1920x1080 | camera | 90% | 0.0% | camera (0/4 frames) | 95/34.1/3.32 |
| 89 | h264 1080x1920 | camera | 10% | 2.2% | camera (0/4 frames) | 56/50.3/0.32 |
| 89 | h264 1080x1920 | camera | 50% | 2.5% | camera (0/4 frames) | 58/53.6/0.27 |
| 89 | h264 1080x1920 | camera | 90% | 2.4% | camera (0/4 frames) | 60/54.3/0.46 |
| 90 | h264 1078x1920 | camera | 10% | 4.5% | camera (0/4 frames) | 92/53.5/0.11 |
| 90 | h264 1078x1920 | camera | 50% | 5.2% | camera (0/4 frames) | 76/54.1/0.16 |
| 90 | h264 1078x1920 | camera | 90% | 2.8% | camera (0/4 frames) | 82/63.8/0.56 |
| 91 | mjpeg 1024x576 | camera | 10% | SKIP: ffmpeg decoded no frame here |
| 91 | mjpeg 1024x576 | camera | 50% | SKIP: ffmpeg decoded no frame here |
| 91 | mjpeg 1024x576 | camera | 90% | SKIP: ffmpeg decoded no frame here |
| 92 | h264 1280x720 | camera | 10% | 0.5% | camera (0/4 frames) | 36/14.3/3.72 |
| 92 | h264 1280x720 | camera | 50% | 1.2% | camera (0/4 frames) | 74/44.0/1.69 |
| 92 | h264 1280x720 | camera | 90% | 1.3% | camera (0/4 frames) | 73/44.0/0.68 |
| 93 | h264 1920x1080 | camera | 10% | 1.1% | camera (0/4 frames) | 80/46.3/1.67 |
| 93 | h264 1920x1080 | camera | 50% | 3.2% | camera (0/4 frames) | 102/44.0/4.39 |
| 93 | h264 1920x1080 | camera | 90% | 1.1% | camera (0/4 frames) | 36/34.7/0.15 |
| 94 | h264 720x720 | camera | 10% | 1.8% | camera (0/4 frames) | 91/32.8/2.55 |
| 94 | h264 720x720 | camera | 50% | 0.8% | camera (0/4 frames) | 86/47.5/0.98 |
| 94 | h264 720x720 | camera | 90% | 1.2% | camera (0/4 frames) | 44/28.3/0.05 |
| 95 | h264 1920x1080 | camera | 10% | 0.4% | camera (0/4 frames) | 32/20.8/1.69 |
| 95 | h264 1920x1080 | camera | 50% | 0.3% | camera (0/4 frames) | 47/40.6/8.58 |
| 95 | h264 1920x1080 | camera | 90% | 0.5% | camera (0/4 frames) | 44/23.6/3.38 |
| 96 | h264 1920x1080 | camera | 10% | 0.4% | camera (0/4 frames) | 98/45.8/5.12 |
| 96 | h264 1920x1080 | camera | 50% | 0.2% | camera (0/4 frames) | 56/35.9/15.06 |
| 96 | h264 1920x1080 | camera | 90% | 0.8% | camera (0/4 frames) | 127/50.7/3.43 |
| 97 | h264 1920x1080 | camera | 10% | 0.5% | camera (0/4 frames) | 36/19.8/4.62 |
| 97 | h264 1920x1080 | camera | 50% | 0.8% | camera (0/4 frames) | 145/61.5/7.09 |
| 97 | h264 1920x1080 | camera | 90% | 0.8% | camera (0/4 frames) | 24/39.2/5.96 |
| 98 | h264 1920x808 | camera | 10% | 0.4% | camera (0/4 frames) | 54/32.3/2.90 |
| 98 | h264 1920x808 | camera | 50% | 0.3% | camera (0/4 frames) | 59/28.1/1.78 |
| 98 | h264 1920x808 | camera | 90% | 0.6% | camera (0/4 frames) | 33/21.6/1.18 |
| 99 | hevc 3840x2160 | camera | 10% | 1.4% | camera (0/4 frames) | 75/31.6/0.71 |
| 99 | hevc 3840x2160 | camera | 50% | 0.1% | camera (0/4 frames) | 77/20.5/10.32 |
| 99 | hevc 3840x2160 | camera | 90% | 0.7% | camera (0/4 frames) | 28/10.9/0.54 |
| 100 | h264 1916x1080 | camera | 10% | 0.4% | camera (0/4 frames) | 52/26.0/2.47 |
| 100 | h264 1916x1080 | camera | 50% | 0.8% | camera (0/4 frames) | 35/18.2/1.02 |
| 100 | h264 1916x1080 | camera | 90% | 0.1% | camera (0/4 frames) | 66/29.8/0.84 |
| 101 | h264 1916x1080 | camera | 10% | 0.3% | camera (0/4 frames) | 46/21.5/8.90 |
| 101 | h264 1916x1080 | camera | 50% | 0.3% | camera (0/4 frames) | 82/36.9/2.18 |
| 101 | h264 1916x1080 | camera | 90% | 0.1% | camera (0/4 frames) | 78/36.5/2.71 |
| 102 | h264 1080x1080 | camera | 10% | 3.4% | camera (0/4 frames) | 120/38.4/0.67 |
| 102 | h264 1080x1080 | camera | 50% | 3.9% | camera (0/4 frames) | 118/37.9/1.36 |
| 102 | h264 1080x1080 | camera | 90% | 3.0% | camera (0/4 frames) | 117/36.7/1.37 |
| 103 | hevc 1920x1080 | camera | 10% | 0.4% | camera (0/4 frames) | 29/22.4/0.81 |
| 103 | hevc 1920x1080 | camera | 50% | 3.2% | camera (0/4 frames) | 31/17.4/0.50 |
| 103 | hevc 1920x1080 | camera | 90% | 0.1% | camera (0/4 frames) | 17/7.9/0.25 |
| 104 | h264 640x1138 | camera | 10% | 2.0% | camera (0/4 frames) | 176/49.1/10.06 |
| 104 | h264 640x1138 | camera | 50% | 1.4% | camera (0/4 frames) | 179/39.9/0.05 |
| 104 | h264 640x1138 | camera | 90% | 0.0% | camera (0/4 frames) | 107/10.6/0.00 |
| 105 | hevc 1920x1080 | camera | 10% | 1.9% | camera (0/4 frames) | 28/10.7/0.00 |
| 105 | hevc 1920x1080 | camera | 50% | 0.9% | camera (0/4 frames) | 30/28.9/1.07 |
| 105 | hevc 1920x1080 | camera | 90% | 2.4% | camera (0/4 frames) | 50/40.6/2.35 |
| 106 | hevc 1920x1080 | camera | 10% | 1.5% | camera (0/4 frames) | 72/54.9/5.48 |
| 106 | hevc 1920x1080 | camera | 50% | 2.0% | camera (0/4 frames) | 52/34.5/0.00 |
| 106 | hevc 1920x1080 | camera | 90% | 2.5% | camera (0/4 frames) | 114/80.8/2.16 |
| 107 | hevc 1920x1080 | camera | 10% | 1.6% | camera (0/4 frames) | 50/36.7/1.70 |
| 107 | hevc 1920x1080 | camera | 50% | 2.6% | camera (0/4 frames) | 43/28.8/0.16 |
| 107 | hevc 1920x1080 | camera | 90% | 1.2% | camera (0/4 frames) | 40/34.6/0.60 |
| 108 | hevc 1920x1080 | camera | 10% | 2.7% | camera (0/4 frames) | 43/27.4/2.12 |
| 108 | hevc 1920x1080 | camera | 50% | 0.6% | camera (0/4 frames) | 21/9.4/0.15 |
| 108 | hevc 1920x1080 | camera | 90% | 1.5% | camera (0/4 frames) | 24/8.6/0.12 |
| 109 | h264 640x1138 | camera | 10% | 1.7% | camera (0/4 frames) | 77/47.9/3.31 |
| 109 | h264 640x1138 | camera | 50% | 2.3% | camera (0/4 frames) | 116/60.4/4.12 |
test encode::tests::probe_screen_library has been running for over 60 seconds
| 109 | h264 640x1138 | camera | 90% | 1.0% | camera (0/4 frames) | 127/61.6/4.32 |
| 110 | h264 640x640 | camera | 10% | 5.3% | camera (0/4 frames) | 92/45.6/1.67 |
| 110 | h264 640x640 | camera | 50% | 0.2% | camera (0/4 frames) | 99/51.4/3.21 |
| 110 | h264 640x640 | camera | 90% | 1.5% | camera (0/4 frames) | 110/35.6/1.00 |
| 111 | av1 3840x1608 | camera | 10% | 0.3% | camera (0/4 frames) | 56/26.4/2.29 |
| 111 | av1 3840x1608 | camera | 50% | 0.3% | camera (0/4 frames) | 61/25.4/0.47 |
| 111 | av1 3840x1608 | camera | 90% | 0.3% | camera (0/4 frames) | 60/13.6/0.57 |
| 112 | h264 640x1138 | camera | 10% | 3.0% | camera (0/4 frames) | 82/52.7/0.69 |
| 112 | h264 640x1138 | camera | 50% | 2.0% | camera (0/4 frames) | 86/53.2/0.78 |
| 112 | h264 640x1138 | camera | 90% | 2.3% | camera (0/4 frames) | 86/53.4/0.05 |
| 113 | hevc 3840x1608 | camera | 10% | 0.7% | camera (0/4 frames) | 36/10.0/8.65 |
| 113 | hevc 3840x1608 | camera | 50% | 0.7% | camera (0/4 frames) | 61/16.7/0.27 |
| 113 | hevc 3840x1608 | camera | 90% | 0.5% | camera (0/4 frames) | 49/15.3/2.13 |
| 114 | hevc 3840x1600 | camera | 10% | 0.7% | camera (0/4 frames) | 60/33.9/4.20 |
| 114 | hevc 3840x1600 | camera | 50% | 0.7% | camera (0/4 frames) | 78/23.9/0.69 |
| 114 | hevc 3840x1600 | camera | 90% | 0.3% | camera (0/4 frames) | 39/15.1/0.81 |
| 115 | hevc 1920x1038 | camera | 10% | 0.2% | camera (0/4 frames) | 33/17.8/0.76 |
| 115 | hevc 1920x1038 | camera | 50% | 0.1% | camera (0/4 frames) | 48/31.1/3.08 |
| 115 | hevc 1920x1038 | camera | 90% | 0.2% | camera (0/4 frames) | 26/7.4/0.99 |
| 116 | hevc 1920x1080 | camera | 10% | 0.0% | camera (0/4 frames) | 72/28.0/1.37 |
| 116 | hevc 1920x1080 | camera | 50% | 0.0% | camera (0/4 frames) | 69/19.9/1.06 |
| 116 | hevc 1920x1080 | camera | 90% | 0.0% | camera (0/4 frames) | 54/31.4/5.21 |
| 117 | h264 720x1280 | camera | 10% | 3.2% | camera (0/4 frames) | 116/43.4/0.45 |
| 117 | h264 720x1280 | camera | 50% | 3.6% | camera (0/4 frames) | 117/47.5/1.33 |
| 117 | h264 720x1280 | camera | 90% | 2.8% | camera (0/4 frames) | 133/48.7/0.19 |
| 118 | h264 640x702 | camera | 10% | 3.1% | camera (0/4 frames) | 79/42.2/3.35 |
| 118 | h264 640x702 | camera | 50% | 2.2% | camera (0/4 frames) | 71/42.3/8.20 |
| 118 | h264 640x702 | camera | 90% | 3.5% | camera (0/4 frames) | 73/43.6/5.19 |
| 119 | h264 1138x640 | camera | 10% | 6.8% | camera (0/4 frames) | 73/52.9/1.41 |
| 119 | h264 1138x640 | camera | 50% | 3.1% | camera (0/4 frames) | 64/38.3/6.12 |
| 119 | h264 1138x640 | camera | 90% | 2.4% | camera (0/4 frames) | 102/49.0/27.22 |
| 120 | h264 720x526 | camera | 10% | 0.9% | camera (0/4 frames) | 134/34.9/3.91 |
| 120 | h264 720x526 | camera | 50% | 0.7% | camera (0/4 frames) | 113/54.6/3.18 |
| 120 | h264 720x526 | camera | 90% | 1.5% | camera (0/4 frames) | 124/51.5/4.54 |
| 121 | h264 1280x720 | camera | 10% | 4.2% | camera (0/4 frames) | 59/27.1/0.00 |
| 121 | h264 1280x720 | camera | 50% | 5.5% | camera (0/4 frames) | 30/9.5/6.14 |
| 121 | h264 1280x720 | camera | 90% | 6.6% | camera (0/4 frames) | 59/26.7/0.48 |
| 122 | h264 640x360 | camera | 10% | 2.7% | camera (0/4 frames) | 91/39.7/2.85 |
| 122 | h264 640x360 | camera | 50% | 4.8% | camera (0/4 frames) | 84/39.3/3.74 |
| 122 | h264 640x360 | camera | 90% | 2.7% | camera (0/4 frames) | 133/55.5/1.35 |
| 123 | hevc 1920x1080 | camera | 10% | 0.4% | camera (0/4 frames) | 139/49.1/15.44 |
| 123 | hevc 1920x1080 | camera | 50% | 1.2% | camera (0/4 frames) | 48/18.6/0.25 |
| 123 | hevc 1920x1080 | camera | 90% | 0.7% | camera (0/4 frames) | 40/13.0/0.39 |
| 124 | hevc 1920x1080 | camera | 10% | 0.1% | camera (0/4 frames) | 98/38.7/16.21 |
| 124 | hevc 1920x1080 | camera | 50% | 0.7% | camera (0/4 frames) | 60/19.9/0.26 |
| 124 | hevc 1920x1080 | camera | 90% | 0.7% | camera (0/4 frames) | 71/36.2/0.80 |
| 125 | hevc 1920x1080 | camera | 10% | 0.3% | camera (0/4 frames) | 103/50.9/0.77 |
| 125 | hevc 1920x1080 | camera | 50% | 0.6% | camera (0/4 frames) | 44/14.5/2.99 |
| 125 | hevc 1920x1080 | camera | 90% | 0.4% | camera (0/4 frames) | 35/15.4/0.44 |
| 126 | hevc 1920x1080 | camera | 10% | 0.6% | camera (0/4 frames) | 84/35.8/11.24 |
| 126 | hevc 1920x1080 | camera | 50% | 1.7% | camera (0/4 frames) | 56/28.0/0.08 |
| 126 | hevc 1920x1080 | camera | 90% | 2.9% | camera (0/4 frames) | 55/33.1/0.09 |
| 127 | hevc 1920x1080 | camera | 10% | 1.5% | camera (0/4 frames) | 105/34.9/0.17 |
| 127 | hevc 1920x1080 | camera | 50% | 1.5% | camera (0/4 frames) | 47/28.1/0.97 |
| 127 | hevc 1920x1080 | camera | 90% | 1.6% | camera (0/4 frames) | 55/15.2/0.14 |
| 128 | hevc 1920x1080 | camera | 10% | 0.2% | camera (0/4 frames) | 132/53.8/18.85 |
| 128 | hevc 1920x1080 | camera | 50% | 0.9% | camera (0/4 frames) | 42/14.6/0.37 |
| 128 | hevc 1920x1080 | camera | 90% | 1.1% | camera (0/4 frames) | 43/11.9/2.44 |
| 129 | hevc 1920x1080 | camera | 10% | 0.6% | camera (0/4 frames) | 80/47.1/0.43 |
| 129 | hevc 1920x1080 | camera | 50% | 1.0% | camera (0/4 frames) | 62/23.1/2.33 |
| 129 | hevc 1920x1080 | camera | 90% | 0.9% | camera (0/4 frames) | 40/19.3/0.71 |
| 130 | hevc 1920x1080 | camera | 10% | 0.6% | camera (0/4 frames) | 115/55.6/27.40 |
| 130 | hevc 1920x1080 | camera | 50% | 0.5% | camera (0/4 frames) | 46/26.0/0.85 |
| 130 | hevc 1920x1080 | camera | 90% | 0.7% | camera (0/4 frames) | 47/17.3/0.14 |
| 131 | hevc 1920x1080 | camera | 10% | 0.0% | camera (0/4 frames) | 229/4.0/2.83 |
| 131 | hevc 1920x1080 | camera | 50% | 2.1% | camera (0/4 frames) | 34/16.6/5.74 |
| 131 | hevc 1920x1080 | camera | 90% | 0.9% | camera (0/4 frames) | 150/65.7/0.13 |
| 132 | hevc 1920x1080 | camera | 10% | 0.3% | camera (0/4 frames) | 61/28.3/6.43 |
| 132 | hevc 1920x1080 | camera | 50% | 0.3% | camera (0/4 frames) | 46/22.1/0.49 |
| 132 | hevc 1920x1080 | camera | 90% | 0.9% | camera (0/4 frames) | 52/19.1/0.26 |
| 133 | hevc 1920x1080 | camera | 10% | 0.4% | camera (0/4 frames) | 69/37.8/2.77 |
| 133 | hevc 1920x1080 | camera | 50% | 0.7% | camera (0/4 frames) | 49/23.3/0.24 |
| 133 | hevc 1920x1080 | camera | 90% | 1.0% | camera (0/4 frames) | 77/42.4/0.95 |
| 134 | hevc 1920x1080 | camera | 10% | 0.6% | camera (0/4 frames) | 42/44.6/0.26 |
| 134 | hevc 1920x1080 | camera | 50% | 2.4% | camera (0/4 frames) | 41/14.1/0.30 |
| 134 | hevc 1920x1080 | camera | 90% | 0.8% | camera (0/4 frames) | 57/39.1/0.25 |
| 137 | h264 1280x720 | camera | 10% | 0.2% | camera (0/4 frames) | 53/17.3/4.77 |
| 137 | h264 1280x720 | camera | 50% | 0.3% | camera (0/4 frames) | 45/30.2/0.78 |
| 137 | h264 1280x720 | camera | 90% | 0.2% | camera (0/4 frames) | 76/30.0/0.94 |
| 138 | h264 1920x1024 | camera | 10% | 0.4% | camera (0/4 frames) | 43/21.4/2.10 |
| 138 | h264 1920x1024 | camera | 50% | 0.7% | camera (0/4 frames) | 73/27.5/0.83 |
| 138 | h264 1920x1024 | camera | 90% | 1.5% | camera (0/4 frames) | 39/25.3/2.77 |
| 141 | h264 1920x1080 | camera | 10% | 1.3% | camera (0/4 frames) | 64/45.6/2.41 |
| 141 | h264 1920x1080 | camera | 50% | 3.0% | camera (0/4 frames) | 36/30.0/2.14 |
| 141 | h264 1920x1080 | camera | 90% | 1.3% | camera (0/4 frames) | 61/31.8/0.34 |
| 142 | mjpeg 1024x576 | camera | 10% | SKIP: ffmpeg decoded no frame here |
| 142 | mjpeg 1024x576 | camera | 50% | SKIP: ffmpeg decoded no frame here |
| 142 | mjpeg 1024x576 | camera | 90% | SKIP: ffmpeg decoded no frame here |
sweep over the whole library -- worst camera/film share vs best screen share, per (N colours, var > V):
  N \ V |               V>0               V>4               V>8              V>16              V>32              V>64             V>128
      4 |      2.0/0.6 -1.5      1.0/0.2 -0.8      0.9/0.2 -0.7      0.7/0.2 -0.5      0.7/0.2 -0.5      0.5/0.1 -0.4      0.4/0.0 -0.3
      8 |    23.9/4.0 -19.8      2.8/0.7 -2.1      2.6/0.5 -2.1      2.3/0.5 -1.8      2.2/0.4 -1.8      1.9/0.3 -1.5      0.8/0.2 -0.6
     16 |    55.7/6.7 -49.0    25.0/5.7 -19.3      9.7/3.1 -6.6      5.4/2.0 -3.5      3.9/1.2 -2.8      3.2/0.8 -2.4      2.2/0.4 -1.7
     32 |    81.1/9.3 -71.8    61.2/9.3 -51.9    38.3/9.3 -29.0    24.8/6.7 -18.1    16.3/3.7 -12.6      9.3/2.6 -6.8      6.9/1.4 -5.5
     64 |   98.2/17.8 -80.4   78.3/17.3 -61.0   69.3/14.4 -54.8   60.2/11.1 -49.2    50.1/8.1 -41.9    37.3/6.3 -31.0    27.4/4.5 -22.9
widest split: 4 colours, var > 128, gap -0.3 points (camera <= 0.4%, screen >= 0.0%); threshold 0.2% = EC_AV1_SCREEN_PCT 541
test encode::tests::probe_screen_library ... ok

test result: ok. 1 passed; 0 failed; 0 ignored; 0 measured; 581 filtered out; finished in 82.04s

RC=0
