
running 1 test
test encode::tests::bd_rate_screen_native ... 
native crop, 12 frames, gop=12; tiles (0, 0), tile threads 1, intrabc false, palette maxcolors 128
| clip | ours PSNR/bytes per point | BD-rate vs libaom | BD-rate vs rav1e | wall ours:libaom:rav1e (noisy) |
|---|---|---|---|---|
bars 1080p: sequence, pyramid requested Some(Pyramid { mini_gop: 8, arf_q_offset: -32, leaf_q_offset: 12, mid_q_offset: Some(-8), quarter_q_offset: None, key_q_offset: -48 }) effective Some(Pyramid { mini_gop: 8, arf_q_offset: -32, leaf_q_offset: 12, mid_q_offset: Some(-8), quarter_q_offset: None, key_q_offset: -48 })
bars 1080p: pricer armings default=18 real=186
bars 1080p: motion_mode 32x32 SIMPLE=50888 OBMC=0 WARP=261 | 16x16 SIMPLE=4763 OBMC=0 WARP=496 | 8x8 SIMPLE=18962 OBMC=0 WARP=2314 (0.0% OBMC / 4.0% WARP of 77684 eligible)
bars 1080p: inter var-tx depths of 10596 blocks -- leaf single 0=1534 1=999 (39.4% split) | leaf compound 0=595 1=594 (50.0% split) | 32x32 single 0=748 1=1835 (71.0% split) | 32x32 compound 0=2071 1=2220 (51.7% split)
bars 1080p: screen frames on=0 off=4 (0.0% on); palette blocks luma 0 chroma 0; intrabc blocks 0 (searched 0 / valid 0 / won 0)
bars 1080p: filter intra on=true blocks 28849 (modes DC=6807 V=3323 H=5155 D157=8792 PAETH=4772)
| bars 1080p 1920x1024 | 43.69 dB/200400 B, 47.44 dB/302180 B, 50.93 dB/422772 B, 54.10 dB/573650 B | -0.9% | -16.7% | 150.4s:7.0s:17.0s |
bars 2160p: sequence, pyramid requested Some(Pyramid { mini_gop: 8, arf_q_offset: -32, leaf_q_offset: 12, mid_q_offset: Some(-8), quarter_q_offset: None, key_q_offset: -48 }) effective Some(Pyramid { mini_gop: 8, arf_q_offset: -32, leaf_q_offset: 12, mid_q_offset: Some(-8), quarter_q_offset: None, key_q_offset: -48 })
bars 2160p: pricer armings default=14 real=175
bars 2160p: motion_mode 32x32 SIMPLE=42161 OBMC=0 WARP=286 | 16x16 SIMPLE=2690 OBMC=0 WARP=605 | 8x8 SIMPLE=7410 OBMC=0 WARP=255 (0.0% OBMC / 2.1% WARP of 53407 eligible)
bars 2160p: inter var-tx depths of 8635 blocks -- leaf single 0=1094 1=428 (28.1% split) | leaf compound 0=792 1=271 (25.5% split) | 32x32 single 0=327 1=1305 (80.0% split) | 32x32 compound 0=134 1=4284 (97.0% split)
bars 2160p: screen frames on=0 off=4 (0.0% on); palette blocks luma 0 chroma 0; intrabc blocks 0 (searched 0 / valid 0 / won 0)
bars 2160p: filter intra on=true blocks 12608 (modes DC=3428 V=793 H=2503 D157=4069 PAETH=1815)
| bars 2160p 1920x1024 | 43.28 dB/211818 B, 47.37 dB/325775 B, 51.03 dB/438746 B, 54.41 dB/569001 B | +9.8% | -12.3% | 134.1s:5.9s:18.2s |
film A (1080p source): sequence, pyramid requested Some(Pyramid { mini_gop: 8, arf_q_offset: -32, leaf_q_offset: 12, mid_q_offset: Some(-8), quarter_q_offset: None, key_q_offset: -48 }) effective Some(Pyramid { mini_gop: 8, arf_q_offset: -32, leaf_q_offset: 12, mid_q_offset: Some(-8), quarter_q_offset: None, key_q_offset: -48 })
film A (1080p source): pricer armings default=19 real=210
film A (1080p source): motion_mode 32x32 SIMPLE=48512 OBMC=0 WARP=2289 | 16x16 SIMPLE=15686 OBMC=0 WARP=1771 | 8x8 SIMPLE=4497 OBMC=0 WARP=858 (0.0% OBMC / 6.7% WARP of 73613 eligible)
film A (1080p source): inter var-tx depths of 64496 blocks -- leaf single 0=11892 1=1995 (14.4% split) | leaf compound 0=24774 1=3766 (13.2% split) | 32x32 single 0=6442 1=4573 (41.5% split) | 32x32 compound 0=6838 1=4216 (38.1% split)
film A (1080p source): screen frames on=0 off=4 (0.0% on); palette blocks luma 0 chroma 0; intrabc blocks 0 (searched 0 / valid 0 / won 0)
film A (1080p source): filter intra on=true blocks 20130 (modes DC=4868 V=3081 H=3771 D157=5872 PAETH=2538)
| film A (1080p source) 1920x768 | 44.02 dB/67188 B, 45.62 dB/107077 B, 46.93 dB/179632 B, 48.20 dB/429276 B | +24.6% | -1.6% | 158.3s:10.3s:14.8s |
film B (2160p HDR source): sequence, pyramid requested Some(Pyramid { mini_gop: 8, arf_q_offset: -32, leaf_q_offset: 12, mid_q_offset: Some(-8), quarter_q_offset: None, key_q_offset: -48 }) effective Some(Pyramid { mini_gop: 8, arf_q_offset: -32, leaf_q_offset: 12, mid_q_offset: Some(-8), quarter_q_offset: None, key_q_offset: -48 })
film B (2160p HDR source): pricer armings default=19 real=185
film B (2160p HDR source): motion_mode 32x32 SIMPLE=56313 OBMC=0 WARP=1538 | 16x16 SIMPLE=10022 OBMC=0 WARP=750 | 8x8 SIMPLE=1735 OBMC=0 WARP=389 (0.0% OBMC / 3.8% WARP of 70747 eligible)
film B (2160p HDR source): inter var-tx depths of 57309 blocks -- leaf single 0=11952 1=1432 (10.7% split) | leaf compound 0=21835 1=2853 (11.6% split) | 32x32 single 0=6370 1=4155 (39.5% split) | 32x32 compound 0=5744 1=2968 (34.1% split)
film B (2160p HDR source): screen frames on=0 off=4 (0.0% on); palette blocks luma 0 chroma 0; intrabc blocks 0 (searched 0 / valid 0 / won 0)
film B (2160p HDR source): filter intra on=true blocks 12989 (modes DC=3290 V=1878 H=2062 D157=4411 PAETH=1348)
| film B (2160p HDR source) 1920x1024 | 46.60 dB/29840 B, 47.89 dB/54705 B, 48.99 dB/115372 B, 50.14 dB/313050 B | +35.9% | +8.2% | 128.9s:21.4s:16.9s |
screen capture (2026-07-25 02-09-04.mkv): sequence, pyramid requested Some(Pyramid { mini_gop: 8, arf_q_offset: -32, leaf_q_offset: 12, mid_q_offset: Some(-8), quarter_q_offset: None, key_q_offset: -48 }) effective None
screen capture (2026-07-25 02-09-04.mkv): pricer armings default=156 real=0
screen capture (2026-07-25 02-09-04.mkv): motion_mode 32x32 SIMPLE=24911 OBMC=0 WARP=503 | 16x16 SIMPLE=1569 OBMC=0 WARP=375 | 8x8 SIMPLE=594 OBMC=0 WARP=723 (0.0% OBMC / 5.6% WARP of 28675 eligible)
screen capture (2026-07-25 02-09-04.mkv): inter var-tx depths of 9372 blocks -- leaf single 0=1179 1=1569 (57.1% split) | leaf compound 0=438 1=646 (59.6% split) | 32x32 single 0=1426 1=3605 (71.7% split) | 32x32 compound 0=202 1=307 (60.3% split)
screen capture (2026-07-25 02-09-04.mkv): screen frames on=48 off=0 (100.0% on); palette blocks luma 9749 chroma 1126; intrabc blocks 0 (searched 0 / valid 0 / won 0)
screen capture (2026-07-25 02-09-04.mkv): filter intra on=true blocks 8154 (modes DC=66 V=2262 H=5486 D157=236 PAETH=104)
| screen capture (2026-07-25 02-09-04.mkv) 1920x1024 | 45.46 dB/38672 B, 48.20 dB/48395 B, 50.46 dB/59904 B, 52.74 dB/73945 B | +28.7% | -25.7% | 84.9s:11.0s:13.2s |
ok

test result: ok. 1 passed; 0 failed; 0 ignored; 0 measured; 603 filtered out; finished in 815.75s

RC=0
