
running 1 test
test encode::tests::bd_rate_screen_native ... 
native crop, 12 frames, gop=12; tiles (0, 0), tile threads 1, intrabc false, palette maxcolors 128
| clip | ours PSNR/bytes per point | BD-rate vs libaom | BD-rate vs rav1e | wall ours:libaom:rav1e (noisy) |
|---|---|---|---|---|
bars 1080p: sequence, pyramid requested Some(Pyramid { mini_gop: 8, arf_q_offset: -32, leaf_q_offset: 12, mid_q_offset: Some(-8), quarter_q_offset: None, key_q_offset: -48 }) effective Some(Pyramid { mini_gop: 8, arf_q_offset: -32, leaf_q_offset: 12, mid_q_offset: Some(-8), quarter_q_offset: None, key_q_offset: -48 })
bars 1080p: pricer armings default=16 real=182
bars 1080p: motion_mode 32x32 SIMPLE=48876 OBMC=0 WARP=235 | 16x16 SIMPLE=4779 OBMC=0 WARP=506 | 8x8 SIMPLE=21380 OBMC=0 WARP=1255 (0.0% OBMC / 2.6% WARP of 77031 eligible)
bars 1080p: inter var-tx depths of 10456 blocks -- leaf single 0=1559 1=799 (33.9% split) | leaf compound 0=635 1=590 (48.2% split) | 32x32 single 0=736 1=1788 (70.8% split) | 32x32 compound 0=2210 1=2139 (49.2% split)
bars 1080p: screen frames on=0 off=4 (0.0% on); palette blocks luma 0 chroma 0; intrabc blocks 0 (searched 0 / valid 0 / won 0)
bars 1080p: filter intra on=true blocks 29049 (modes DC=6778 V=3502 H=5375 D157=8516 PAETH=4878)
| bars 1080p 1920x1024 | 43.25 dB/188063 B, 47.13 dB/293236 B, 50.72 dB/415369 B, 53.90 dB/564136 B | -0.6% | -16.5% | 178.6s:8.0s:20.4s |
bars 2160p: sequence, pyramid requested Some(Pyramid { mini_gop: 8, arf_q_offset: -32, leaf_q_offset: 12, mid_q_offset: Some(-8), quarter_q_offset: None, key_q_offset: -48 }) effective Some(Pyramid { mini_gop: 8, arf_q_offset: -32, leaf_q_offset: 12, mid_q_offset: Some(-8), quarter_q_offset: None, key_q_offset: -48 })
bars 2160p: pricer armings default=14 real=175
bars 2160p: motion_mode 32x32 SIMPLE=42165 OBMC=0 WARP=236 | 16x16 SIMPLE=2986 OBMC=0 WARP=468 | 8x8 SIMPLE=7786 OBMC=0 WARP=198 (0.0% OBMC / 1.7% WARP of 53839 eligible)
bars 2160p: inter var-tx depths of 8729 blocks -- leaf single 0=1109 1=418 (27.4% split) | leaf compound 0=841 1=278 (24.8% split) | 32x32 single 0=333 1=1323 (79.9% split) | 32x32 compound 0=166 1=4261 (96.3% split)
bars 2160p: screen frames on=0 off=4 (0.0% on); palette blocks luma 0 chroma 0; intrabc blocks 0 (searched 0 / valid 0 / won 0)
bars 2160p: filter intra on=true blocks 13147 (modes DC=3400 V=964 H=2613 D157=4176 PAETH=1994)
| bars 2160p 1920x1024 | 42.91 dB/198283 B, 47.10 dB/315779 B, 50.85 dB/431074 B, 54.26 dB/559737 B | +9.2% | -13.0% | 141.3s:6.4s:17.4s |
film A (1080p source): sequence, pyramid requested Some(Pyramid { mini_gop: 8, arf_q_offset: -32, leaf_q_offset: 12, mid_q_offset: Some(-8), quarter_q_offset: None, key_q_offset: -48 }) effective Some(Pyramid { mini_gop: 8, arf_q_offset: -32, leaf_q_offset: 12, mid_q_offset: Some(-8), quarter_q_offset: None, key_q_offset: -48 })
film A (1080p source): pricer armings default=20 real=209
film A (1080p source): motion_mode 32x32 SIMPLE=49812 OBMC=0 WARP=2359 | 16x16 SIMPLE=14331 OBMC=0 WARP=1831 | 8x8 SIMPLE=5199 OBMC=0 WARP=972 (0.0% OBMC / 6.9% WARP of 74504 eligible)
film A (1080p source): inter var-tx depths of 56415 blocks -- leaf single 0=10630 1=1442 (11.9% split) | leaf compound 0=22240 1=2960 (11.7% split) | 32x32 single 0=5748 1=3816 (39.9% split) | 32x32 compound 0=6175 1=3404 (35.5% split)
film A (1080p source): screen frames on=0 off=4 (0.0% on); palette blocks luma 0 chroma 0; intrabc blocks 0 (searched 0 / valid 0 / won 0)
film A (1080p source): filter intra on=true blocks 21625 (modes DC=5323 V=3192 H=4043 D157=6127 PAETH=2940)
| film A (1080p source) 1920x768 | 43.84 dB/63861 B, 45.44 dB/101821 B, 46.78 dB/164773 B, 48.09 dB/400404 B | +24.7% | -1.5% | 131.7s:10.4s:15.0s |
film B (2160p HDR source): sequence, pyramid requested Some(Pyramid { mini_gop: 8, arf_q_offset: -32, leaf_q_offset: 12, mid_q_offset: Some(-8), quarter_q_offset: None, key_q_offset: -48 }) effective Some(Pyramid { mini_gop: 8, arf_q_offset: -32, leaf_q_offset: 12, mid_q_offset: Some(-8), quarter_q_offset: None, key_q_offset: -48 })
film B (2160p HDR source): pricer armings default=19 real=187
film B (2160p HDR source): motion_mode 32x32 SIMPLE=58742 OBMC=0 WARP=1810 | 16x16 SIMPLE=10033 OBMC=0 WARP=857 | 8x8 SIMPLE=1907 OBMC=0 WARP=454 (0.0% OBMC / 4.2% WARP of 73803 eligible)
film B (2160p HDR source): inter var-tx depths of 48385 blocks -- leaf single 0=10598 1=1126 (9.6% split) | leaf compound 0=18576 1=2071 (10.0% split) | 32x32 single 0=6002 1=2967 (33.1% split) | 32x32 compound 0=5029 1=2016 (28.6% split)
film B (2160p HDR source): screen frames on=0 off=4 (0.0% on); palette blocks luma 0 chroma 0; intrabc blocks 0 (searched 0 / valid 0 / won 0)
film B (2160p HDR source): filter intra on=true blocks 14128 (modes DC=3653 V=2065 H=2348 D157=4524 PAETH=1538)
| film B (2160p HDR source) 1920x1024 | 46.46 dB/27971 B, 47.77 dB/50882 B, 48.84 dB/100507 B, 50.01 dB/283627 B | +36.1% | +7.6% | 118.6s:25.9s:22.6s |
screen capture (2026-07-25 02-09-04.mkv): sequence, pyramid requested Some(Pyramid { mini_gop: 8, arf_q_offset: -32, leaf_q_offset: 12, mid_q_offset: Some(-8), quarter_q_offset: None, key_q_offset: -48 }) effective None
screen capture (2026-07-25 02-09-04.mkv): pricer armings default=154 real=0
screen capture (2026-07-25 02-09-04.mkv): motion_mode 32x32 SIMPLE=24404 OBMC=0 WARP=448 | 16x16 SIMPLE=1191 OBMC=0 WARP=239 | 8x8 SIMPLE=507 OBMC=0 WARP=543 (0.0% OBMC / 4.5% WARP of 27332 eligible)
screen capture (2026-07-25 02-09-04.mkv): inter var-tx depths of 5961 blocks -- leaf single 0=712 1=718 (50.2% split) | leaf compound 0=300 1=341 (53.2% split) | 32x32 single 0=1095 1=2381 (68.5% split) | 32x32 compound 0=189 1=225 (54.3% split)
screen capture (2026-07-25 02-09-04.mkv): screen frames on=48 off=0 (100.0% on); palette blocks luma 8999 chroma 1062; intrabc blocks 0 (searched 0 / valid 0 / won 0)
screen capture (2026-07-25 02-09-04.mkv): filter intra on=true blocks 6770 (modes DC=58 V=1869 H=4587 D157=183 PAETH=73)
| screen capture (2026-07-25 02-09-04.mkv) 1920x1024 | 45.21 dB/38449 B, 48.00 dB/48029 B, 50.15 dB/58597 B, 52.37 dB/71765 B | +29.4% | -25.0% | 79.1s:10.8s:12.4s |
ok

test result: ok. 1 passed; 0 failed; 0 ignored; 0 measured; 603 filtered out; finished in 823.49s

RC=0
