
running 1 test
test encode::tests::bd_rate_screen_native ... 
native crop, 12 frames, gop=12; tiles (0, 0), tile threads 1, intrabc false, palette maxcolors 128
| clip | ours PSNR/bytes per point | BD-rate vs libaom | BD-rate vs rav1e | wall ours:libaom:rav1e (noisy) |
|---|---|---|---|---|
bars 1080p: sequence, pyramid requested Some(Pyramid { mini_gop: 8, arf_q_offset: -32, leaf_q_offset: 12, mid_q_offset: Some(-8), quarter_q_offset: None, key_q_offset: -48 }) effective Some(Pyramid { mini_gop: 8, arf_q_offset: -32, leaf_q_offset: 12, mid_q_offset: Some(-8), quarter_q_offset: None, key_q_offset: -48 })
bars 1080p: pricer armings default=17 real=185
bars 1080p: motion_mode 32x32 SIMPLE=50342 OBMC=0 WARP=206 | 16x16 SIMPLE=4645 OBMC=0 WARP=465 | 8x8 SIMPLE=17599 OBMC=0 WARP=3022 (0.0% OBMC / 4.8% WARP of 76279 eligible)
bars 1080p: inter var-tx depths of 10791 blocks -- leaf single 0=1480 1=1089 (42.4% split) | leaf compound 0=683 1=650 (48.8% split) | 32x32 single 0=735 1=1873 (71.8% split) | 32x32 compound 0=2018 1=2263 (52.9% split)
bars 1080p: screen frames on=0 off=4 (0.0% on); palette blocks luma 0 chroma 0; intrabc blocks 0 (searched 0 / valid 0 / won 0)
bars 1080p: filter intra on=true blocks 28856 (modes DC=7054 V=3364 H=5198 D157=8711 PAETH=4529)
| bars 1080p 1920x1024 | 43.95 dB/209056 B, 47.59 dB/310313 B, 51.02 dB/431567 B, 54.22 dB/581391 B | +0.1% | -15.9% | 166.7s:7.9s:22.1s |
bars 2160p: sequence, pyramid requested Some(Pyramid { mini_gop: 8, arf_q_offset: -32, leaf_q_offset: 12, mid_q_offset: Some(-8), quarter_q_offset: None, key_q_offset: -48 }) effective Some(Pyramid { mini_gop: 8, arf_q_offset: -32, leaf_q_offset: 12, mid_q_offset: Some(-8), quarter_q_offset: None, key_q_offset: -48 })
bars 2160p: pricer armings default=14 real=178
bars 2160p: motion_mode 32x32 SIMPLE=43482 OBMC=0 WARP=259 | 16x16 SIMPLE=3019 OBMC=0 WARP=516 | 8x8 SIMPLE=7998 OBMC=0 WARP=281 (0.0% OBMC / 1.9% WARP of 55555 eligible)
bars 2160p: inter var-tx depths of 9056 blocks -- leaf single 0=1221 1=543 (30.8% split) | leaf compound 0=885 1=288 (24.6% split) | 32x32 single 0=353 1=1325 (79.0% split) | 32x32 compound 0=147 1=4294 (96.7% split)
bars 2160p: screen frames on=0 off=4 (0.0% on); palette blocks luma 0 chroma 0; intrabc blocks 0 (searched 0 / valid 0 / won 0)
bars 2160p: filter intra on=true blocks 13087 (modes DC=3548 V=824 H=2617 D157=4343 PAETH=1755)
| bars 2160p 1920x1024 | 43.51 dB/220831 B, 47.51 dB/333369 B, 51.13 dB/446688 B, 54.49 dB/575926 B | +10.9% | -11.4% | 161.0s:6.2s:16.9s |
film A (1080p source): sequence, pyramid requested Some(Pyramid { mini_gop: 8, arf_q_offset: -32, leaf_q_offset: 12, mid_q_offset: Some(-8), quarter_q_offset: None, key_q_offset: -48 }) effective Some(Pyramid { mini_gop: 8, arf_q_offset: -32, leaf_q_offset: 12, mid_q_offset: Some(-8), quarter_q_offset: None, key_q_offset: -48 })
film A (1080p source): pricer armings default=20 real=213
film A (1080p source): motion_mode 32x32 SIMPLE=46969 OBMC=0 WARP=1946 | 16x16 SIMPLE=17334 OBMC=0 WARP=1855 | 8x8 SIMPLE=4461 OBMC=0 WARP=889 (0.0% OBMC / 6.4% WARP of 73454 eligible)
film A (1080p source): inter var-tx depths of 73190 blocks -- leaf single 0=13048 1=2237 (14.6% split) | leaf compound 0=28209 1=4803 (14.5% split) | 32x32 single 0=6979 1=4959 (41.5% split) | 32x32 compound 0=8085 1=4870 (37.6% split)
film A (1080p source): screen frames on=0 off=4 (0.0% on); palette blocks luma 0 chroma 0; intrabc blocks 0 (searched 0 / valid 0 / won 0)
film A (1080p source): filter intra on=true blocks 20566 (modes DC=5070 V=3091 H=3922 D157=5883 PAETH=2600)
| film A (1080p source) 1920x768 | 44.15 dB/70752 B, 45.74 dB/113043 B, 47.01 dB/194105 B, 48.27 dB/467715 B | +27.6% | +0.3% | 153.2s:10.4s:15.3s |
film B (2160p HDR source): sequence, pyramid requested Some(Pyramid { mini_gop: 8, arf_q_offset: -32, leaf_q_offset: 12, mid_q_offset: Some(-8), quarter_q_offset: None, key_q_offset: -48 }) effective Some(Pyramid { mini_gop: 8, arf_q_offset: -32, leaf_q_offset: 12, mid_q_offset: Some(-8), quarter_q_offset: None, key_q_offset: -48 })
film B (2160p HDR source): pricer armings default=19 real=187
film B (2160p HDR source): motion_mode 32x32 SIMPLE=55373 OBMC=0 WARP=1355 | 16x16 SIMPLE=10352 OBMC=0 WARP=779 | 8x8 SIMPLE=1571 OBMC=0 WARP=345 (0.0% OBMC / 3.6% WARP of 69775 eligible)
film B (2160p HDR source): inter var-tx depths of 65418 blocks -- leaf single 0=12499 1=1810 (12.6% split) | leaf compound 0=25271 1=3661 (12.7% split) | 32x32 single 0=6921 1=4896 (41.4% split) | 32x32 compound 0=6708 1=3652 (35.3% split)
film B (2160p HDR source): screen frames on=0 off=4 (0.0% on); palette blocks luma 0 chroma 0; intrabc blocks 0 (searched 0 / valid 0 / won 0)
film B (2160p HDR source): filter intra on=true blocks 13105 (modes DC=3415 V=1767 H=2116 D157=4528 PAETH=1279)
| film B (2160p HDR source) 1920x1024 | 46.68 dB/31941 B, 47.97 dB/59344 B, 49.10 dB/129813 B, 50.23 dB/348623 B | +39.5% | +11.6% | 128.4s:22.2s:19.3s |
screen capture (2026-07-25 02-09-04.mkv): sequence, pyramid requested Some(Pyramid { mini_gop: 8, arf_q_offset: -32, leaf_q_offset: 12, mid_q_offset: Some(-8), quarter_q_offset: None, key_q_offset: -48 }) effective None
screen capture (2026-07-25 02-09-04.mkv): pricer armings default=152 real=0
screen capture (2026-07-25 02-09-04.mkv): motion_mode 32x32 SIMPLE=23726 OBMC=0 WARP=338 | 16x16 SIMPLE=1593 OBMC=0 WARP=383 | 8x8 SIMPLE=619 OBMC=0 WARP=671 (0.0% OBMC / 5.1% WARP of 27330 eligible)
screen capture (2026-07-25 02-09-04.mkv): inter var-tx depths of 16221 blocks -- leaf single 0=2169 1=3148 (59.2% split) | leaf compound 0=975 1=1330 (57.7% split) | 32x32 single 0=2487 1=5141 (67.4% split) | 32x32 compound 0=428 1=543 (55.9% split)
screen capture (2026-07-25 02-09-04.mkv): screen frames on=48 off=0 (100.0% on); palette blocks luma 7897 chroma 857; intrabc blocks 0 (searched 0 / valid 0 / won 0)
screen capture (2026-07-25 02-09-04.mkv): filter intra on=true blocks 6953 (modes DC=42 V=1986 H=4645 D157=207 PAETH=73)
| screen capture (2026-07-25 02-09-04.mkv) 1920x1024 | 45.66 dB/39179 B, 48.37 dB/49225 B, 50.67 dB/61201 B, 52.94 dB/76435 B | +29.6% | -25.5% | 101.0s:11.9s:13.4s |
ok

test result: ok. 1 passed; 0 failed; 0 ignored; 0 measured; 603 filtered out; finished in 880.48s

RC=0
