
running 1 test
test encode::tests::bd_rate_film_long_gop ... 
native crop, 48 frames, gop=48; tiles (0, 0), tile threads 1, intrabc false, palette maxcolors 128
| clip | ours PSNR/bytes per point | BD-rate vs libaom | BD-rate vs rav1e | wall ours:libaom:rav1e (noisy) |
|---|---|---|---|---|
film A (1080p source): sequence, pyramid requested Some(Pyramid { mini_gop: 8, arf_q_offset: -32, leaf_q_offset: 12, mid_q_offset: Some(-8), quarter_q_offset: None, key_q_offset: -48 }) effective Some(Pyramid { mini_gop: 8, arf_q_offset: -32, leaf_q_offset: 12, mid_q_offset: Some(-8), quarter_q_offset: None, key_q_offset: -48 })
film A (1080p source): pricer armings default=20 real=895
film A (1080p source): rdoq blocks=120292953 coeffs=470133178 (+-1 68.7%, trailing +-1 15.5%) zeroed=69035484 lowered=4585318 trial bits 2471708678 -> 2036290519 (-17.62%)
film A (1080p source): motion_mode 32x32 SIMPLE=192900 OBMC=0 WARP=7450 | 16x16 SIMPLE=57575 OBMC=0 WARP=6884 | 8x8 SIMPLE=24687 OBMC=0 WARP=3239 (0.0% OBMC / 6.0% WARP of 292735 eligible)
film A (1080p source): inter var-tx depths of 259566 blocks -- leaf single 0=42208 1=6041 (12.5% split) | leaf compound 0=105604 1=17598 (14.3% split) | 32x32 single 0=23152 1=14905 (39.2% split) | 32x32 compound 0=30637 1=19421 (38.8% split)
film A (1080p source): screen frames on=0 off=4 (0.0% on); palette blocks luma 0 chroma 0; intrabc blocks 0 (searched 0 / valid 0 / won 0)
film A (1080p source): filter intra on=true blocks 92991 (modes DC=21700 V=14106 H=18102 D157=25835 PAETH=13248)
| film A (1080p source) 1920x768 | 43.99 dB/188841 B, 45.66 dB/321714 B, 46.92 dB/542939 B, 48.11 dB/1196594 B | +29.4% | -3.9% | 668.5s:40.9s:62.5s |
film B (2160p HDR source): sequence, pyramid requested Some(Pyramid { mini_gop: 8, arf_q_offset: -32, leaf_q_offset: 12, mid_q_offset: Some(-8), quarter_q_offset: None, key_q_offset: -48 }) effective Some(Pyramid { mini_gop: 8, arf_q_offset: -32, leaf_q_offset: 12, mid_q_offset: Some(-8), quarter_q_offset: None, key_q_offset: -48 })
film B (2160p HDR source): pricer armings default=19 real=811
film B (2160p HDR source): rdoq blocks=100095295 coeffs=253625796 (+-1 79.3%, trailing +-1 17.4%) zeroed=51576179 lowered=2413919 trial bits 1410820666 -> 1055935727 (-25.15%)
film B (2160p HDR source): motion_mode 32x32 SIMPLE=249020 OBMC=0 WARP=5938 | 16x16 SIMPLE=44781 OBMC=0 WARP=3490 | 8x8 SIMPLE=13480 OBMC=0 WARP=1458 (0.0% OBMC / 3.4% WARP of 318167 eligible)
film B (2160p HDR source): inter var-tx depths of 209995 blocks -- leaf single 0=37983 1=5861 (13.4% split) | leaf compound 0=79477 1=12073 (13.2% split) | 32x32 single 0=22804 1=16343 (41.7% split) | 32x32 compound 0=21472 1=13982 (39.4% split)
film B (2160p HDR source): screen frames on=0 off=4 (0.0% on); palette blocks luma 0 chroma 0; intrabc blocks 0 (searched 0 / valid 0 / won 0)
film B (2160p HDR source): filter intra on=true blocks 51847 (modes DC=12631 V=7656 H=8271 D157=17507 PAETH=5782)
| film B (2160p HDR source) 1920x1024 | 46.55 dB/73549 B, 47.81 dB/153066 B, 48.79 dB/337361 B, 49.86 dB/910900 B | +100.2% | +16.6% | 507.4s:80.7s:58.0s |
ok

test result: ok. 1 passed; 0 failed; 0 ignored; 0 measured; 603 filtered out; finished in 1448.93s

RC=0
