
running 1 test
test encode::tests::bd_rate_screen_native ... 
native crop, 12 frames, gop=12; tiles (0, 0), tile threads 1, intrabc false, palette maxcolors 128
| clip | ours PSNR/bytes per point | BD-rate vs libaom | BD-rate vs rav1e | wall ours:libaom:rav1e (noisy) |
|---|---|---|---|---|
bars 1080p: sequence, pyramid requested Some(Pyramid { mini_gop: 8, arf_q_offset: -32, leaf_q_offset: 12, mid_q_offset: Some(-8), quarter_q_offset: None, key_q_offset: -48 }) effective Some(Pyramid { mini_gop: 8, arf_q_offset: -32, leaf_q_offset: 12, mid_q_offset: Some(-8), quarter_q_offset: None, key_q_offset: -48 })
bars 1080p: pricer armings default=17 real=185
bars 1080p: rdoq blocks=11259830 coeffs=243326272 (+-1 63.5%, trailing +-1 3.6%) zeroed=5470210 lowered=786604 trial bits 1093274731 -> 1065966524 (-2.50%)
bars 1080p: motion_mode 32x32 SIMPLE=50142 OBMC=0 WARP=283 | 16x16 SIMPLE=5006 OBMC=0 WARP=474 | 8x8 SIMPLE=16634 OBMC=0 WARP=3044 (0.0% OBMC / 5.0% WARP of 75583 eligible)
bars 1080p: inter var-tx depths of 10786 blocks -- leaf single 0=1588 1=1154 (42.1% split) | leaf compound 0=583 1=626 (51.8% split) | 32x32 single 0=712 1=1890 (72.6% split) | 32x32 compound 0=1988 1=2245 (53.0% split)
bars 1080p: screen frames on=0 off=4 (0.0% on); palette blocks luma 0 chroma 0; intrabc blocks 0 (searched 0 / valid 0 / won 0)
bars 1080p: filter intra on=true blocks 28760 (modes DC=6807 V=3220 H=5385 D157=8687 PAETH=4661)
| bars 1080p 1920x1024 | 43.87 dB/205901 B, 47.55 dB/307565 B, 50.99 dB/428574 B, 54.18 dB/577932 B | -0.4% | -16.3% | 169.9s:9.0s:22.7s |
bars 2160p: sequence, pyramid requested Some(Pyramid { mini_gop: 8, arf_q_offset: -32, leaf_q_offset: 12, mid_q_offset: Some(-8), quarter_q_offset: None, key_q_offset: -48 }) effective Some(Pyramid { mini_gop: 8, arf_q_offset: -32, leaf_q_offset: 12, mid_q_offset: Some(-8), quarter_q_offset: None, key_q_offset: -48 })
bars 2160p: pricer armings default=14 real=176
bars 2160p: rdoq blocks=9960545 coeffs=225797515 (+-1 60.9%, trailing +-1 3.5%) zeroed=4420725 lowered=741205 trial bits 1006746036 -> 985746544 (-2.09%)
bars 2160p: motion_mode 32x32 SIMPLE=42532 OBMC=0 WARP=180 | 16x16 SIMPLE=2892 OBMC=0 WARP=506 | 8x8 SIMPLE=7853 OBMC=0 WARP=317 (0.0% OBMC / 1.8% WARP of 54280 eligible)
bars 2160p: inter var-tx depths of 8885 blocks -- leaf single 0=1169 1=504 (30.1% split) | leaf compound 0=847 1=251 (22.9% split) | 32x32 single 0=355 1=1330 (78.9% split) | 32x32 compound 0=140 1=4289 (96.8% split)
bars 2160p: screen frames on=0 off=4 (0.0% on); palette blocks luma 0 chroma 0; intrabc blocks 0 (searched 0 / valid 0 / won 0)
bars 2160p: filter intra on=true blocks 12507 (modes DC=3378 V=868 H=2555 D157=3895 PAETH=1811)
| bars 2160p 1920x1024 | 43.43 dB/216078 B, 47.46 dB/332485 B, 51.09 dB/443004 B, 54.45 dB/574371 B | +10.5% | -11.7% | 161.9s:6.1s:16.9s |
film A (1080p source): sequence, pyramid requested Some(Pyramid { mini_gop: 8, arf_q_offset: -32, leaf_q_offset: 12, mid_q_offset: Some(-8), quarter_q_offset: None, key_q_offset: -48 }) effective Some(Pyramid { mini_gop: 8, arf_q_offset: -32, leaf_q_offset: 12, mid_q_offset: Some(-8), quarter_q_offset: None, key_q_offset: -48 })
film A (1080p source): pricer armings default=20 real=211
film A (1080p source): rdoq blocks=30682389 coeffs=124231889 (+-1 68.7%, trailing +-1 14.2%) zeroed=10110721 lowered=540367 trial bits 653763817 -> 586353258 (-10.31%)
film A (1080p source): motion_mode 32x32 SIMPLE=47681 OBMC=0 WARP=1902 | 16x16 SIMPLE=16606 OBMC=0 WARP=1693 | 8x8 SIMPLE=4239 OBMC=0 WARP=853 (0.0% OBMC / 6.1% WARP of 72974 eligible)
film A (1080p source): inter var-tx depths of 70256 blocks -- leaf single 0=12755 1=2096 (14.1% split) | leaf compound 0=26968 1=4438 (14.1% split) | 32x32 single 0=6838 1=5003 (42.3% split) | 32x32 compound 0=7553 1=4605 (37.9% split)
film A (1080p source): screen frames on=0 off=4 (0.0% on); palette blocks luma 0 chroma 0; intrabc blocks 0 (searched 0 / valid 0 / won 0)
film A (1080p source): filter intra on=true blocks 20284 (modes DC=4964 V=2991 H=3721 D157=5880 PAETH=2728)
| film A (1080p source) 1920x768 | 44.11 dB/69530 B, 45.69 dB/110687 B, 46.98 dB/188914 B, 48.25 dB/452101 B | +26.3% | -0.5% | 158.7s:10.7s:15.8s |
film B (2160p HDR source): sequence, pyramid requested Some(Pyramid { mini_gop: 8, arf_q_offset: -32, leaf_q_offset: 12, mid_q_offset: Some(-8), quarter_q_offset: None, key_q_offset: -48 }) effective Some(Pyramid { mini_gop: 8, arf_q_offset: -32, leaf_q_offset: 12, mid_q_offset: Some(-8), quarter_q_offset: None, key_q_offset: -48 })
film B (2160p HDR source): pricer armings default=19 real=190
film B (2160p HDR source): rdoq blocks=28563479 coeffs=68533899 (+-1 78.1%, trailing +-1 17.6%) zeroed=8085091 lowered=307421 trial bits 390011300 -> 331638448 (-14.97%)
film B (2160p HDR source): motion_mode 32x32 SIMPLE=58186 OBMC=0 WARP=1635 | 16x16 SIMPLE=9860 OBMC=0 WARP=780 | 8x8 SIMPLE=1636 OBMC=0 WARP=312 (0.0% OBMC / 3.8% WARP of 72409 eligible)
film B (2160p HDR source): inter var-tx depths of 61962 blocks -- leaf single 0=12285 1=1725 (12.3% split) | leaf compound 0=23852 1=3265 (12.0% split) | 32x32 single 0=6611 1=4652 (41.3% split) | 32x32 compound 0=6205 1=3367 (35.2% split)
film B (2160p HDR source): screen frames on=0 off=4 (0.0% on); palette blocks luma 0 chroma 0; intrabc blocks 0 (searched 0 / valid 0 / won 0)
film B (2160p HDR source): filter intra on=true blocks 13232 (modes DC=3468 V=1788 H=2123 D157=4419 PAETH=1434)
| film B (2160p HDR source) 1920x1024 | 46.65 dB/31097 B, 47.94 dB/57392 B, 49.06 dB/123574 B, 50.20 dB/334775 B | +37.5% | +9.7% | 134.1s:25.6s:17.5s |
screen capture (2026-07-25 02-09-04.mkv): sequence, pyramid requested Some(Pyramid { mini_gop: 8, arf_q_offset: -32, leaf_q_offset: 12, mid_q_offset: Some(-8), quarter_q_offset: None, key_q_offset: -48 }) effective None
screen capture (2026-07-25 02-09-04.mkv): pricer armings default=152 real=0
screen capture (2026-07-25 02-09-04.mkv): rdoq blocks=13924721 coeffs=89750156 (+-1 61.8%, trailing +-1 6.8%) zeroed=3447315 lowered=247787 trial bits 437139390 -> 413934549 (-5.31%)
screen capture (2026-07-25 02-09-04.mkv): motion_mode 32x32 SIMPLE=23119 OBMC=0 WARP=333 | 16x16 SIMPLE=1398 OBMC=0 WARP=313 | 8x8 SIMPLE=518 OBMC=0 WARP=627 (0.0% OBMC / 4.8% WARP of 26308 eligible)
screen capture (2026-07-25 02-09-04.mkv): inter var-tx depths of 14001 blocks -- leaf single 0=2075 1=2719 (56.7% split) | leaf compound 0=691 1=949 (57.9% split) | 32x32 single 0=2122 1=4679 (68.8% split) | 32x32 compound 0=251 1=515 (67.2% split)
screen capture (2026-07-25 02-09-04.mkv): screen frames on=48 off=0 (100.0% on); palette blocks luma 8735 chroma 966; intrabc blocks 0 (searched 0 / valid 0 / won 0)
screen capture (2026-07-25 02-09-04.mkv): filter intra on=true blocks 7153 (modes DC=72 V=2090 H=4705 D157=215 PAETH=71)
| screen capture (2026-07-25 02-09-04.mkv) 1920x1024 | 45.57 dB/38841 B, 48.32 dB/49046 B, 50.58 dB/60521 B, 52.86 dB/75609 B | +29.1% | -25.7% | 104.6s:9.2s:11.9s |
ok

test result: ok. 1 passed; 0 failed; 0 ignored; 0 measured; 603 filtered out; finished in 898.70s

RC=0
