
running 1 test
test encode::tests::bd_rate_screen_native ... 
native crop, 12 frames, gop=12; tiles (0, 0), tile threads 1, intrabc false, palette maxcolors 128
| clip | ours PSNR/bytes per point | BD-rate vs libaom | BD-rate vs rav1e | wall ours:libaom:rav1e (noisy) |
|---|---|---|---|---|
bars 1080p: sequence, pyramid requested Some(Pyramid { mini_gop: 8, arf_q_offset: -32, leaf_q_offset: 12, mid_q_offset: Some(-8), quarter_q_offset: None, key_q_offset: -48 }) effective Some(Pyramid { mini_gop: 8, arf_q_offset: -32, leaf_q_offset: 12, mid_q_offset: Some(-8), quarter_q_offset: None, key_q_offset: -48 })
bars 1080p: edge 8x8 scores=960 inside_sse=0 padding_sse=3008 (100.0% of raw)
bars 1080p: edge 16x16 scores=51332 inside_sse=185146766 padding_sse=59712033 (24.4% of raw)
bars 1080p: edge 32x32 scores=32964 inside_sse=213557850 padding_sse=55647550 (20.7% of raw)
bars 1080p: pricer armings default=18 real=180
bars 1080p: 64x64 roots 12879 (with a residual 9602, split luma 2617, compound 4860)
bars 1080p: motion_mode 32x32 SIMPLE=28380 OBMC=0 WARP=215 | 16x16 SIMPLE=3709 OBMC=0 WARP=512 | 8x8 SIMPLE=7417 OBMC=0 WARP=2039 (0.0% OBMC / 6.5% WARP of 42272 eligible)
bars 1080p: inter var-tx depths of 11230 blocks -- leaf single 0=1546 1=1179 (43.3% split) | leaf compound 0=1640 1=522 (24.1% split) | 32x32 single 0=599 1=1531 (71.9% split) | 32x32 compound 0=807 1=3406 (80.8% split)
bars 1080p: screen frames on=0 off=4 (0.0% on); palette blocks luma 0 chroma 0; intrabc blocks 0 (searched 0 / valid 0 / won 0)
bars 1080p: filter intra on=true blocks 16212 (modes DC=3662 V=2406 H=2859 D157=4771 PAETH=2514)
LADDER DECODE FAILURE: libaom-av1 ["-cpu-used", "6", "-b:v", "0", "-crf", "5"]: our decoder refused the stream (unsupported: AV1 tile (a Golomb tail longer than this decoder reads))
LADDER DECODE FAILURE: librav1e ["-rav1e-params", "speed=6:quantizer=50:tile_cols=1:tile_rows=1:threads=1"] frame 0 plane Y sample 1500774: our decoder decoded 42, ffmpeg 41
LADDER DECODE FAILURE: librav1e ["-rav1e-params", "speed=6:quantizer=100:tile_cols=1:tile_rows=1:threads=1"] frame 0 plane Y sample 1500931: our decoder decoded 105, ffmpeg 106
LADDER DECODE FAILURE: librav1e ["-rav1e-params", "speed=6:quantizer=150:tile_cols=1:tile_rows=1:threads=1"] frame 0 plane Y sample 1501049: our decoder decoded 123, ffmpeg 122
LADDER DECODE FAILURE: librav1e ["-rav1e-params", "speed=6:quantizer=200:tile_cols=1:tile_rows=1:threads=1"] frame 0 plane Y sample 1500785: our decoder decoded 107, ffmpeg 106
| bars 1080p 1920x792 | 42.60 dB/220445 B, 46.34 dB/338256 B, 49.78 dB/467568 B, 53.10 dB/611693 B | +14.0% | +1.5% | 36.8s:6.4s:17.8s |
film A (1080p source): sequence, pyramid requested Some(Pyramid { mini_gop: 8, arf_q_offset: -32, leaf_q_offset: 12, mid_q_offset: Some(-8), quarter_q_offset: None, key_q_offset: -48 }) effective Some(Pyramid { mini_gop: 8, arf_q_offset: -32, leaf_q_offset: 12, mid_q_offset: Some(-8), quarter_q_offset: None, key_q_offset: -48 })
film A (1080p source): edge 8x8 scores=960 inside_sse=0 padding_sse=51397 (100.0% of raw)
film A (1080p source): edge 16x16 scores=75977 inside_sse=30141822 padding_sse=10212135 (25.3% of raw)
film A (1080p source): edge 32x32 scores=44824 inside_sse=163228694 padding_sse=44888695 (21.6% of raw)
film A (1080p source): pricer armings default=20 real=215
film A (1080p source): 64x64 roots 9339 (with a residual 6029, split luma 3036, compound 3676)
film A (1080p source): motion_mode 32x32 SIMPLE=35490 OBMC=0 WARP=1226 | 16x16 SIMPLE=17812 OBMC=0 WARP=1407 | 8x8 SIMPLE=4222 OBMC=0 WARP=810 (0.0% OBMC / 5.6% WARP of 60967 eligible)
film A (1080p source): inter var-tx depths of 84796 blocks -- leaf single 0=13860 1=2663 (16.1% split) | leaf compound 0=32810 1=6546 (16.6% split) | 32x32 single 0=7276 1=5925 (44.9% split) | 32x32 compound 0=9685 1=6031 (38.4% split)
film A (1080p source): screen frames on=0 off=4 (0.0% on); palette blocks luma 0 chroma 0; intrabc blocks 0 (searched 0 / valid 0 / won 0)
film A (1080p source): filter intra on=true blocks 22531 (modes DC=5579 V=3482 H=4021 D157=6558 PAETH=2891)
LADDER DECODE FAILURE: librav1e ["-rav1e-params", "speed=6:quantizer=50:tile_cols=1:tile_rows=1:threads=1"] frame 0 plane Y sample 1494211: our decoder decoded 64, ffmpeg 63
LADDER DECODE FAILURE: librav1e ["-rav1e-params", "speed=6:quantizer=100:tile_cols=1:tile_rows=1:threads=1"] frame 0 plane Y sample 1479397: our decoder decoded 48, ffmpeg 49
LADDER DECODE FAILURE: librav1e ["-rav1e-params", "speed=6:quantizer=150:tile_cols=1:tile_rows=1:threads=1"] frame 0 plane Y sample 1460032: our decoder decoded 47, ffmpeg 46
LADDER DECODE FAILURE: librav1e ["-rav1e-params", "speed=6:quantizer=200:tile_cols=1:tile_rows=1:threads=1"] frame 0 plane Y sample 1460334: our decoder decoded 49, ffmpeg 50
| film A (1080p source) 1920x792 | 44.35 dB/79563 B, 45.87 dB/132071 B, 47.08 dB/223693 B, 48.33 dB/525562 B | +36.2% | +7.5% | 85.2s:11.5s:17.7s |

thread 'encode::tests::bd_rate_screen_native' (2413139) panicked at crates/ec-av1/src/encode.rs:13856:9:
9 reference ladder point(s) did not decode exactly through our decoder:
libaom-av1 ["-cpu-used", "6", "-b:v", "0", "-crf", "5"]: our decoder refused the stream (unsupported: AV1 tile (a Golomb tail longer than this decoder reads))
librav1e ["-rav1e-params", "speed=6:quantizer=50:tile_cols=1:tile_rows=1:threads=1"] frame 0 plane Y sample 1500774: our decoder decoded 42, ffmpeg 41
librav1e ["-rav1e-params", "speed=6:quantizer=100:tile_cols=1:tile_rows=1:threads=1"] frame 0 plane Y sample 1500931: our decoder decoded 105, ffmpeg 106
librav1e ["-rav1e-params", "speed=6:quantizer=150:tile_cols=1:tile_rows=1:threads=1"] frame 0 plane Y sample 1501049: our decoder decoded 123, ffmpeg 122
librav1e ["-rav1e-params", "speed=6:quantizer=200:tile_cols=1:tile_rows=1:threads=1"] frame 0 plane Y sample 1500785: our decoder decoded 107, ffmpeg 106
librav1e ["-rav1e-params", "speed=6:quantizer=50:tile_cols=1:tile_rows=1:threads=1"] frame 0 plane Y sample 1494211: our decoder decoded 64, ffmpeg 63
librav1e ["-rav1e-params", "speed=6:quantizer=100:tile_cols=1:tile_rows=1:threads=1"] frame 0 plane Y sample 1479397: our decoder decoded 48, ffmpeg 49
librav1e ["-rav1e-params", "speed=6:quantizer=150:tile_cols=1:tile_rows=1:threads=1"] frame 0 plane Y sample 1460032: our decoder decoded 47, ffmpeg 46
librav1e ["-rav1e-params", "speed=6:quantizer=200:tile_cols=1:tile_rows=1:threads=1"] frame 0 plane Y sample 1460334: our decoder decoded 49, ffmpeg 50
note: run with `RUST_BACKTRACE=1` environment variable to display a backtrace
FAILED

failures:

failures:
    encode::tests::bd_rate_screen_native

test result: FAILED. 0 passed; 1 failed; 0 ignored; 0 measured; 607 filtered out; finished in 184.38s

RC=101
