    Blocking waiting for file lock on package cache
    Blocking waiting for file lock on package cache
    Blocking waiting for file lock on package cache
    Finished `release` profile [optimized] target(s) in 0.02s
     Running unittests src/lib.rs (/home/tahinli/.cache/cargo-target-av1tpl3/release/deps/ec_av1-8fef0196ab10338d)

running 1 test

native crop, 12 frames, gop=12; tiles (0, 0), tile threads 1, intrabc false, palette maxcolors 128
| clip | ours PSNR/bytes per point | BD-rate vs libaom | BD-rate vs rav1e | wall ours:libaom:rav1e (noisy) |
|---|---|---|---|---|
film 1080p: pricer armings default=14 real=164
film 1080p: motion_mode 32x32 SIMPLE=26094 OBMC=0 WARP=235 | 16x16 SIMPLE=4420 OBMC=0 WARP=367 | 8x8 SIMPLE=15538 OBMC=0 WARP=1742 (0.0% OBMC / 4.8% WARP of 48396 eligible)
film 1080p: inter var-tx depths of 3765 blocks -- leaf single 0=2974 1=791 (21.0% split) | leaf compound 0=0 1=0 (0.0% split) | 32x32 single 0=0 1=0 (0.0% split) | 32x32 compound 0=0 1=0 (0.0% split)
film 1080p: screen frames on=0 off=4 (0.0% on); palette blocks luma 0 chroma 0; intrabc blocks 0 (searched 0 / valid 0 / won 0)
test encode::tests::bd_rate_screen_native has been running for over 60 seconds
| film 1080p 1920x1024 | 43.88 dB/246516 B, 47.73 dB/370626 B, 51.11 dB/493390 B, 53.82 dB/616286 B | +15.6% | -1.7% | 40.4s:7.2s:18.1s |
film 2160p: pricer armings default=15 real=145
film 2160p: motion_mode 32x32 SIMPLE=13594 OBMC=0 WARP=6 | 16x16 SIMPLE=336 OBMC=0 WARP=12 | 8x8 SIMPLE=3931 OBMC=0 WARP=681 (0.0% OBMC / 3.8% WARP of 18560 eligible)
film 2160p: inter var-tx depths of 568 blocks -- leaf single 0=456 1=112 (19.7% split) | leaf compound 0=0 1=0 (0.0% split) | 32x32 single 0=0 1=0 (0.0% split) | 32x32 compound 0=0 1=0 (0.0% split)
film 2160p: screen frames on=0 off=4 (0.0% on); palette blocks luma 0 chroma 0; intrabc blocks 0 (searched 0 / valid 0 / won 0)
| film 2160p 1920x1024 | 43.46 dB/303842 B, 47.72 dB/457904 B, 51.39 dB/585516 B, 54.26 dB/701650 B | +46.5% | +18.8% | 35.2s:6.1s:16.7s |
screen capture (2026-07-25 02-09-04.mkv): pricer armings default=156 real=0
screen capture (2026-07-25 02-09-04.mkv): motion_mode 32x32 SIMPLE=72294 OBMC=0 WARP=1907 | 16x16 SIMPLE=3903 OBMC=0 WARP=424 | 8x8 SIMPLE=564 OBMC=0 WARP=513 (0.0% OBMC / 3.6% WARP of 79605 eligible)
screen capture (2026-07-25 02-09-04.mkv): inter var-tx depths of 6213 blocks -- leaf single 0=3818 1=2395 (38.5% split) | leaf compound 0=0 1=0 (0.0% split) | 32x32 single 0=0 1=0 (0.0% split) | 32x32 compound 0=0 1=0 (0.0% split)
screen capture (2026-07-25 02-09-04.mkv): screen frames on=48 off=0 (100.0% on); palette blocks luma 6799 chroma 642; intrabc blocks 0 (searched 0 / valid 0 / won 0)
| screen capture (2026-07-25 02-09-04.mkv) 1920x1024 | 44.86 dB/41734 B, 48.15 dB/54203 B, 50.69 dB/71075 B, 53.05 dB/92717 B | +51.0% | -14.5% | 27.2s:8.9s:11.7s |
test encode::tests::bd_rate_screen_native ... ok

test result: ok. 1 passed; 0 failed; 0 ignored; 0 measured; 578 filtered out; finished in 180.38s

RC=0
