    Blocking waiting for file lock on package cache
    Blocking waiting for file lock on package cache
    Blocking waiting for file lock on package cache
    Blocking waiting for file lock on package cache
    Blocking waiting for file lock on build directory
    Finished `release` profile [optimized] target(s) in 0.02s
     Running unittests src/lib.rs (/home/tahinli/.cache/cargo-target-av1tpl3/release/deps/ec_av1-8fef0196ab10338d)

running 1 test

native crop, 12 frames, gop=12; tiles (0, 0), tile threads 1, intrabc false, palette maxcolors 128
| clip | ours PSNR/bytes per point | BD-rate vs libaom | BD-rate vs rav1e | wall ours:libaom:rav1e (noisy) |
|---|---|---|---|---|
film 1080p: pricer armings default=14 real=161
film 1080p: motion_mode 32x32 SIMPLE=24903 OBMC=0 WARP=229 | 16x16 SIMPLE=3835 OBMC=0 WARP=287 | 8x8 SIMPLE=15711 OBMC=0 WARP=1751 (0.0% OBMC / 4.9% WARP of 46716 eligible)
film 1080p: inter var-tx depths of 3300 blocks -- leaf single 0=2551 1=749 (22.7% split) | leaf compound 0=0 1=0 (0.0% split) | 32x32 single 0=0 1=0 (0.0% split) | 32x32 compound 0=0 1=0 (0.0% split)
film 1080p: screen frames on=0 off=4 (0.0% on); palette blocks luma 0 chroma 0; intrabc blocks 0 (searched 0 / valid 0 / won 0)
test encode::tests::bd_rate_screen_native has been running for over 60 seconds
| film 1080p 1920x1024 | 43.91 dB/248293 B, 47.77 dB/373726 B, 51.14 dB/496172 B, 53.83 dB/619563 B | +16.0% | -1.3% | 40.5s:7.2s:18.0s |
film 2160p: pricer armings default=15 real=154
film 2160p: motion_mode 32x32 SIMPLE=15735 OBMC=0 WARP=6 | 16x16 SIMPLE=269 OBMC=0 WARP=30 | 8x8 SIMPLE=4910 OBMC=0 WARP=697 (0.0% OBMC / 3.4% WARP of 21647 eligible)
film 2160p: inter var-tx depths of 448 blocks -- leaf single 0=373 1=75 (16.7% split) | leaf compound 0=0 1=0 (0.0% split) | 32x32 single 0=0 1=0 (0.0% split) | 32x32 compound 0=0 1=0 (0.0% split)
film 2160p: screen frames on=0 off=4 (0.0% on); palette blocks luma 0 chroma 0; intrabc blocks 0 (searched 0 / valid 0 / won 0)
| film 2160p 1920x1024 | 43.50 dB/305387 B, 47.75 dB/459656 B, 51.40 dB/589470 B, 54.30 dB/706322 B | +46.9% | +19.1% | 35.6s:6.1s:16.7s |
screen capture (2026-07-25 02-09-04.mkv): pricer armings default=157 real=0
screen capture (2026-07-25 02-09-04.mkv): motion_mode 32x32 SIMPLE=73060 OBMC=0 WARP=2074 | 16x16 SIMPLE=4336 OBMC=0 WARP=603 | 8x8 SIMPLE=644 OBMC=0 WARP=594 (0.0% OBMC / 4.0% WARP of 81311 eligible)
screen capture (2026-07-25 02-09-04.mkv): inter var-tx depths of 5862 blocks -- leaf single 0=3374 1=2488 (42.4% split) | leaf compound 0=0 1=0 (0.0% split) | 32x32 single 0=0 1=0 (0.0% split) | 32x32 compound 0=0 1=0 (0.0% split)
screen capture (2026-07-25 02-09-04.mkv): screen frames on=48 off=0 (100.0% on); palette blocks luma 6887 chroma 648; intrabc blocks 0 (searched 0 / valid 0 / won 0)
| screen capture (2026-07-25 02-09-04.mkv) 1920x1024 | 44.88 dB/41739 B, 48.20 dB/54330 B, 50.73 dB/71373 B, 53.09 dB/92671 B | +50.8% | -14.7% | 26.4s:8.9s:11.7s |
test encode::tests::bd_rate_screen_native ... ok

test result: ok. 1 passed; 0 failed; 0 ignored; 0 measured; 578 filtered out; finished in 180.03s

RC=0
