    Finished `release` profile [optimized] target(s) in 0.01s
     Running unittests src/lib.rs (/home/tahinli/.cache/cargo-target-av1tpl3/release/deps/ec_av1-8fef0196ab10338d)

running 1 test

12 frames of each clip at 640x384, gop=12, 1 tile, 1 thread
| clip | ours PSNR/bytes per point | BD-rate vs libaom | BD-rate vs rav1e | wall ours:libaom:rav1e |
|---|---|---|---|---|
h264-1080p-23.976-8bit.mp4: inter modes NEAREST 8905 (79.2%) NEAR 242 (2.2%) GLOBAL 203 (1.8%) NEW 1899 (16.9%); drl idx 0/1/2/3+ 10854/375/20/0
h264-1080p-23.976-8bit.mp4: compound 13573 of 24822 inter blocks (54.7%); modes NEAREST_NEAREST 10536 NEAR_NEAR 0 NEAREST_NEW 856 NEW_NEAREST 644 GLOBAL_GLOBAL 842 NEW_NEW 695; pairs LAST+GOLDEN 3907 LAST+ALTREF 9666
h264-1080p-23.976-8bit.mp4: leaf (16x16 and below) compound modes NEAREST_NEAREST 7738 NEAR_NEAR 0 NEAREST_NEW 729 NEW_NEAREST 543 GLOBAL_GLOBAL 682 NEW_NEW 592
h264-1080p-23.976-8bit.mp4: compound by size 8x8 6516 16x16 3768 32x32 3289
h264-1080p-23.976-8bit.mp4: motion search 97343 calls, 5407623 candidate evals (55.6/call, 28.8% of them subpel), 460116 integer rounds (4.73/call); winner within +-1 pel of pred_mv 85.3%, winner = starting seed 65.5%
h264-1080p-23.976-8bit.mp4: references LAST 7009 GOLDEN 3935 (LAST2 0 LAST3 0 BWD 0 ALT2 0 ALT 305)
h264-1080p-23.976-8bit.mp4: inter 32x32 split into 16s 1616 of 10560 blocks (15.3%); 16x16 leaves split into 8s 1850 of 8988 (20.6%)
h264-1080p-23.976-8bit.mp4: over 48 frames -- deblock luma mean 9.5 chroma 9.0; cdef luma pri 5.1/sec 3.2, chroma pri 3.9/sec 1.9
h264-1080p-23.976-8bit.mp4: cdef_bits frames 5/16/17/10 (0/1/2/3); 1006 of 2880 64x64 units on a non-default preset (34.9%)
h264-1080p-23.976-8bit.mp4: lr units none=2864 wiener=16 (0.6% restored)
h264-1080p-23.976-8bit.mp4: pricer armings default=16 real=180
h264-1080p-23.976-8bit.mp4: screen frames on=0 off=4; palette blocks 0 sizes 
h264-1080p-23.976-8bit.mp4: chroma palette blocks 0 sizes 
h264-1080p-23.976-8bit.mp4: uv modes DC=15035 (42.9%) V=2511 (7.2%) H=3417 (9.7%) SMOOTH=4258 (12.1%) SMOOTH_V=2081 (5.9%) SMOOTH_H=2822 (8.0%) PAETH=4960 (14.1%)
h264-1080p-23.976-8bit.mp4: intra tx depths 0=12027 (34.3%) 1=19738 (56.3%) 2=3319 (9.5%)
h264-1080p-23.976-8bit.mp4: inter var-tx depths of 953 blocks -- leaf single 0=548 1=405 (42.5% split) | leaf compound 0=0 1=0 (0.0% split) | 32x32 single 0=0 1=0 (0.0% split) | 32x32 compound 0=0 1=0 (0.0% split)
h264-1080p-23.976-8bit.mp4: motion_mode 32x32 SIMPLE=6072 OBMC=0 WARP=278 | 16x16 SIMPLE=1138 OBMC=0 WARP=247 | 8x8 SIMPLE=2169 OBMC=0 WARP=649 (0.0% OBMC / 11.1% WARP of 10553 eligible)
| h264-1080p-23.976-8bit.mp4 | 43.29 dB/13552 B, 46.27 dB/26135 B, 49.09 dB/44036 B, 51.49 dB/66250 B | +69.8% | +28.0% | 5.3s:1.1s:2.6s |
|   references | libaom 42.76 dB/7179 B, 44.78 dB/10177 B, 48.45 dB/24647 B, 56.50 dB/94272 B | rav1e 37.98 dB/4274 B, 42.57 dB/8004 B, 45.74 dB/17715 B, 49.20 dB/39938 B | | |
h264-2160p-23.976-8bit.mp4: inter modes NEAREST 8911 (84.0%) NEAR 398 (3.8%) GLOBAL 163 (1.5%) NEW 1133 (10.7%); drl idx 0/1/2/3+ 10122/470/13/0
h264-2160p-23.976-8bit.mp4: compound 8500 of 19105 inter blocks (44.5%); modes NEAREST_NEAREST 6798 NEAR_NEAR 0 NEAREST_NEW 545 NEW_NEAREST 227 GLOBAL_GLOBAL 598 NEW_NEW 332; pairs LAST+GOLDEN 1644 LAST+ALTREF 6856
h264-2160p-23.976-8bit.mp4: leaf (16x16 and below) compound modes NEAREST_NEAREST 3838 NEAR_NEAR 0 NEAREST_NEW 450 NEW_NEAREST 203 GLOBAL_GLOBAL 360 NEW_NEW 284
h264-2160p-23.976-8bit.mp4: compound by size 8x8 2497 16x16 2638 32x32 3365
h264-2160p-23.976-8bit.mp4: motion search 79679 calls, 4377156 candidate evals (54.9/call, 29.1% of them subpel), 371709 integer rounds (4.67/call); winner within +-1 pel of pred_mv 86.5%, winner = starting seed 79.8%
h264-2160p-23.976-8bit.mp4: references LAST 5996 GOLDEN 4325 (LAST2 0 LAST3 0 BWD 0 ALT2 0 ALT 284)
h264-2160p-23.976-8bit.mp4: inter 32x32 split into 16s 1134 of 10560 blocks (10.7%); 16x16 leaves split into 8s 1041 of 7300 (14.3%)
h264-2160p-23.976-8bit.mp4: over 48 frames -- deblock luma mean 9.4 chroma 5.7; cdef luma pri 1.2/sec 1.4, chroma pri 2.0/sec 2.0
h264-2160p-23.976-8bit.mp4: cdef_bits frames 6/22/17/3 (0/1/2/3); 874 of 2880 64x64 units on a non-default preset (30.3%)
h264-2160p-23.976-8bit.mp4: lr units none=2856 wiener=24 (0.8% restored)
h264-2160p-23.976-8bit.mp4: pricer armings default=18 real=180
h264-2160p-23.976-8bit.mp4: screen frames on=0 off=4; palette blocks 0 sizes 
h264-2160p-23.976-8bit.mp4: chroma palette blocks 0 sizes 
h264-2160p-23.976-8bit.mp4: uv modes DC=17726 (61.6%) V=2614 (9.1%) H=1763 (6.1%) SMOOTH=1145 (4.0%) SMOOTH_V=1333 (4.6%) SMOOTH_H=1095 (3.8%) PAETH=3096 (10.8%)
h264-2160p-23.976-8bit.mp4: intra tx depths 0=15004 (52.1%) 1=11679 (40.6%) 2=2089 (7.3%)
h264-2160p-23.976-8bit.mp4: inter var-tx depths of 950 blocks -- leaf single 0=611 1=339 (35.7% split) | leaf compound 0=0 1=0 (0.0% split) | 32x32 single 0=0 1=0 (0.0% split) | 32x32 compound 0=0 1=0 (0.0% split)
h264-2160p-23.976-8bit.mp4: motion_mode 32x32 SIMPLE=6919 OBMC=0 WARP=254 | 16x16 SIMPLE=1129 OBMC=0 WARP=227 | 8x8 SIMPLE=882 OBMC=0 WARP=462 (0.0% OBMC / 9.6% WARP of 9873 eligible)
| h264-2160p-23.976-8bit.mp4 | 43.86 dB/9845 B, 47.54 dB/14633 B, 50.25 dB/23764 B, 52.39 dB/36827 B | +84.5% | +46.8% | 5.1s:1.6s:3.6s |
|   references | libaom 44.31 dB/5833 B, 47.75 dB/9035 B, 51.45 dB/13848 B, 56.50 dB/49099 B | rav1e 39.20 dB/2833 B, 43.62 dB/5536 B, 47.90 dB/10763 B, 50.92 dB/21183 B | | |
screen capture (2026-07-25 02-09-04.mkv): inter modes NEAREST 9788 (99.7%) NEAR 8 (0.1%) GLOBAL 0 (0.0%) NEW 19 (0.2%); drl idx 0/1/2/3+ 9807/8/0/0
screen capture (2026-07-25 02-09-04.mkv): compound 5495 of 15310 inter blocks (35.9%); modes NEAREST_NEAREST 5487 NEAR_NEAR 0 NEAREST_NEW 0 NEW_NEAREST 4 GLOBAL_GLOBAL 2 NEW_NEW 2; pairs LAST+GOLDEN 330 LAST+ALTREF 5165
screen capture (2026-07-25 02-09-04.mkv): leaf (16x16 and below) compound modes NEAREST_NEAREST 1010 NEAR_NEAR 0 NEAREST_NEW 0 NEW_NEAREST 2 GLOBAL_GLOBAL 0 NEW_NEW 2
screen capture (2026-07-25 02-09-04.mkv): compound by size 8x8 246 16x16 768 32x32 4481
screen capture (2026-07-25 02-09-04.mkv): motion search 105868 calls, 5485243 candidate evals (51.8/call, 30.9% of them subpel), 460661 integer rounds (4.35/call); winner within +-1 pel of pred_mv 98.8%, winner = starting seed 98.3%
screen capture (2026-07-25 02-09-04.mkv): references LAST 3848 GOLDEN 5474 (LAST2 0 LAST3 0 BWD 0 ALT2 0 ALT 493)
screen capture (2026-07-25 02-09-04.mkv): inter 32x32 split into 16s 425 of 10560 blocks (4.0%); 16x16 leaves split into 8s 281 of 11604 (2.4%)
screen capture (2026-07-25 02-09-04.mkv): over 48 frames -- deblock luma mean 4.3 chroma 0.9; cdef luma pri 1.2/sec 0.6, chroma pri 3.0/sec 0.2
screen capture (2026-07-25 02-09-04.mkv): cdef_bits frames 32/4/9/3 (0/1/2/3); 493 of 2880 64x64 units on a non-default preset (17.1%)
screen capture (2026-07-25 02-09-04.mkv): lr units none=2878 wiener=2 (0.1% restored)
screen capture (2026-07-25 02-09-04.mkv): pricer armings default=162 real=0
screen capture (2026-07-25 02-09-04.mkv): screen frames on=48 off=0; palette blocks 1563 sizes 3=6 4=512 5=2 8=1043
screen capture (2026-07-25 02-09-04.mkv): chroma palette blocks 202 sizes 4=180 8=22
screen capture (2026-07-25 02-09-04.mkv): uv modes DC=9966 (25.1%) V=956 (2.4%) H=7730 (19.5%) SMOOTH=1777 (4.5%) SMOOTH_V=698 (1.8%) SMOOTH_H=1378 (3.5%) PAETH=17167 (43.3%)
screen capture (2026-07-25 02-09-04.mkv): intra tx depths 0=9251 (23.3%) 1=22801 (57.5%) 2=7620 (19.2%)
screen capture (2026-07-25 02-09-04.mkv): inter var-tx depths of 2225 blocks -- leaf single 0=1380 1=845 (38.0% split) | leaf compound 0=0 1=0 (0.0% split) | 32x32 single 0=0 1=0 (0.0% split) | 32x32 compound 0=0 1=0 (0.0% split)
screen capture (2026-07-25 02-09-04.mkv): motion_mode 32x32 SIMPLE=8021 OBMC=0 WARP=428 | 16x16 SIMPLE=960 OBMC=0 WARP=74 | 8x8 SIMPLE=118 OBMC=0 WARP=146 (0.0% OBMC / 6.6% WARP of 9747 eligible)
| screen capture (2026-07-25 02-09-04.mkv) | 41.29 dB/9624 B, 44.53 dB/13909 B, 47.22 dB/19256 B, 49.41 dB/24930 B | +48.4% | -3.9% | 6.0s:1.1s:2.3s |
|   references | libaom 45.12 dB/10679 B, 49.35 dB/15779 B, 55.26 dB/25633 B, 71.29 dB/52986 B | rav1e 34.51 dB/3233 B, 39.45 dB/7772 B, 44.72 dB/15210 B, 49.31 dB/24915 B | | |
test encode::tests::bd_rate_vs_libaom_and_rav1e ... ok

test result: ok. 1 passed; 0 failed; 0 ignored; 0 measured; 578 filtered out; finished in 32.22s

RC=0
