
running 1 test
test encode::tests::bd_rate_screen_native ... 
native crop, 12 frames, gop=12; tiles (0, 0), tile threads 1, intrabc false, palette maxcolors 128
| clip | ours PSNR/bytes per point | BD-rate vs libaom | BD-rate vs rav1e | wall ours:libaom:rav1e (noisy) |
|---|---|---|---|---|
bars 1080p: sequence, pyramid requested Some(Pyramid { mini_gop: 8, arf_q_offset: -32, leaf_q_offset: 12, mid_q_offset: Some(-8), quarter_q_offset: None, key_q_offset: -48 }) effective Some(Pyramid { mini_gop: 8, arf_q_offset: -32, leaf_q_offset: 12, mid_q_offset: Some(-8), quarter_q_offset: None, key_q_offset: -48 })
bars 1080p: pricer armings default=15 real=156
bars 1080p: key 64x64 intra roots 1521 of 1920 offered (79.2%)
bars 1080p: 64x64 roots 17466 (with a residual 12602, split luma 0, compound 7449)
bars 1080p: motion_mode 32x32 SIMPLE=0 OBMC=0 WARP=0 | 16x16 SIMPLE=0 OBMC=0 WARP=0 | 8x8 SIMPLE=0 OBMC=0 WARP=0 (0.0% OBMC / 0.0% WARP of 0 eligible)
bars 1080p: inter var-tx depths of 0 blocks -- leaf single 0=0 1=0 (0.0% split) | leaf compound 0=0 1=0 (0.0% split) | 32x32 single 0=0 1=0 (0.0% split) | 32x32 compound 0=0 1=0 (0.0% split)
bars 1080p: screen frames on=0 off=4 (0.0% on); palette blocks luma 0 chroma 0; intrabc blocks 0 (searched 0 / valid 0 / won 0)
bars 1080p: filter intra on=false blocks 0 (modes DC=0 V=0 H=0 D157=0 PAETH=0)
| bars 1080p 1920x1024 | 41.51 dB/222217 B, 45.63 dB/427003 B, 49.51 dB/627477 B, 53.01 dB/835925 B | +68.4% | +40.0% | 95.8s:7.7s:18.8s |
bars 2160p: sequence, pyramid requested Some(Pyramid { mini_gop: 8, arf_q_offset: -32, leaf_q_offset: 12, mid_q_offset: Some(-8), quarter_q_offset: None, key_q_offset: -48 }) effective Some(Pyramid { mini_gop: 8, arf_q_offset: -32, leaf_q_offset: 12, mid_q_offset: Some(-8), quarter_q_offset: None, key_q_offset: -48 })
bars 2160p: pricer armings default=14 real=155
bars 2160p: key 64x64 intra roots 1704 of 1920 offered (88.8%)
bars 2160p: 64x64 roots 18471 (with a residual 12306, split luma 0, compound 6983)
bars 2160p: motion_mode 32x32 SIMPLE=0 OBMC=0 WARP=0 | 16x16 SIMPLE=0 OBMC=0 WARP=0 | 8x8 SIMPLE=0 OBMC=0 WARP=0 (0.0% OBMC / 0.0% WARP of 0 eligible)
bars 2160p: inter var-tx depths of 0 blocks -- leaf single 0=0 1=0 (0.0% split) | leaf compound 0=0 1=0 (0.0% split) | 32x32 single 0=0 1=0 (0.0% split) | 32x32 compound 0=0 1=0 (0.0% split)
bars 2160p: screen frames on=0 off=4 (0.0% on); palette blocks luma 0 chroma 0; intrabc blocks 0 (searched 0 / valid 0 / won 0)
bars 2160p: filter intra on=false blocks 0 (modes DC=0 V=0 H=0 D157=0 PAETH=0)
| bars 2160p 1920x1024 | 41.78 dB/236864 B, 45.80 dB/405264 B, 49.64 dB/593713 B, 53.44 dB/790678 B | +62.7% | +28.0% | 83.9s:6.2s:16.8s |
film A (1080p source): sequence, pyramid requested Some(Pyramid { mini_gop: 8, arf_q_offset: -32, leaf_q_offset: 12, mid_q_offset: Some(-8), quarter_q_offset: None, key_q_offset: -48 }) effective Some(Pyramid { mini_gop: 8, arf_q_offset: -32, leaf_q_offset: 12, mid_q_offset: Some(-8), quarter_q_offset: None, key_q_offset: -48 })
film A (1080p source): pricer armings default=16 real=171
film A (1080p source): key 64x64 intra roots 453 of 1440 offered (31.5%)
film A (1080p source): 64x64 roots 9041 (with a residual 7653, split luma 0, compound 3311)
film A (1080p source): motion_mode 32x32 SIMPLE=0 OBMC=0 WARP=0 | 16x16 SIMPLE=0 OBMC=0 WARP=0 | 8x8 SIMPLE=0 OBMC=0 WARP=0 (0.0% OBMC / 0.0% WARP of 0 eligible)
film A (1080p source): inter var-tx depths of 0 blocks -- leaf single 0=0 1=0 (0.0% split) | leaf compound 0=0 1=0 (0.0% split) | 32x32 single 0=0 1=0 (0.0% split) | 32x32 compound 0=0 1=0 (0.0% split)
film A (1080p source): screen frames on=0 off=4 (0.0% on); palette blocks luma 0 chroma 0; intrabc blocks 0 (searched 0 / valid 0 / won 0)
film A (1080p source): filter intra on=false blocks 0 (modes DC=0 V=0 H=0 D157=0 PAETH=0)
| film A (1080p source) 1920x768 | 43.75 dB/61962 B, 45.33 dB/99065 B, 46.71 dB/164314 B, 48.01 dB/399360 B | +27.2% | -0.2% | 61.3s:14.3s:15.2s |
film B (2160p HDR source): sequence, pyramid requested Some(Pyramid { mini_gop: 8, arf_q_offset: -32, leaf_q_offset: 12, mid_q_offset: Some(-8), quarter_q_offset: None, key_q_offset: -48 }) effective Some(Pyramid { mini_gop: 8, arf_q_offset: -32, leaf_q_offset: 12, mid_q_offset: Some(-8), quarter_q_offset: None, key_q_offset: -48 })
film B (2160p HDR source): pricer armings default=15 real=157
film B (2160p HDR source): key 64x64 intra roots 872 of 1920 offered (45.4%)
film B (2160p HDR source): 64x64 roots 15326 (with a residual 9321, split luma 0, compound 6470)
film B (2160p HDR source): motion_mode 32x32 SIMPLE=0 OBMC=0 WARP=0 | 16x16 SIMPLE=0 OBMC=0 WARP=0 | 8x8 SIMPLE=0 OBMC=0 WARP=0 (0.0% OBMC / 0.0% WARP of 0 eligible)
film B (2160p HDR source): inter var-tx depths of 0 blocks -- leaf single 0=0 1=0 (0.0% split) | leaf compound 0=0 1=0 (0.0% split) | 32x32 single 0=0 1=0 (0.0% split) | 32x32 compound 0=0 1=0 (0.0% split)
film B (2160p HDR source): screen frames on=0 off=4 (0.0% on); palette blocks luma 0 chroma 0; intrabc blocks 0 (searched 0 / valid 0 / won 0)
film B (2160p HDR source): filter intra on=false blocks 0 (modes DC=0 V=0 H=0 D157=0 PAETH=0)
| film B (2160p HDR source) 1920x1024 | 46.54 dB/26498 B, 47.68 dB/49343 B, 48.85 dB/102974 B, 50.00 dB/284603 B | +35.2% | +6.6% | 59.3s:21.3s:25.3s |
screen capture (2026-07-25 02-09-04.mkv): sequence, pyramid requested Some(Pyramid { mini_gop: 8, arf_q_offset: -32, leaf_q_offset: 12, mid_q_offset: Some(-8), quarter_q_offset: None, key_q_offset: -48 }) effective None
screen capture (2026-07-25 02-09-04.mkv): pricer armings default=151 real=0
screen capture (2026-07-25 02-09-04.mkv): key 64x64 intra roots 887 of 1920 offered (46.2%)
screen capture (2026-07-25 02-09-04.mkv): 64x64 roots 20539 (with a residual 0, split luma 0, compound 0)
screen capture (2026-07-25 02-09-04.mkv): motion_mode 32x32 SIMPLE=0 OBMC=0 WARP=0 | 16x16 SIMPLE=0 OBMC=0 WARP=0 | 8x8 SIMPLE=0 OBMC=0 WARP=0 (0.0% OBMC / 0.0% WARP of 0 eligible)
screen capture (2026-07-25 02-09-04.mkv): inter var-tx depths of 0 blocks -- leaf single 0=0 1=0 (0.0% split) | leaf compound 0=0 1=0 (0.0% split) | 32x32 single 0=0 1=0 (0.0% split) | 32x32 compound 0=0 1=0 (0.0% split)
screen capture (2026-07-25 02-09-04.mkv): screen frames on=48 off=0 (100.0% on); palette blocks luma 6825 chroma 1333; intrabc blocks 0 (searched 0 / valid 0 / won 0)
screen capture (2026-07-25 02-09-04.mkv): filter intra on=false blocks 0 (modes DC=0 V=0 H=0 D157=0 PAETH=0)
| screen capture (2026-07-25 02-09-04.mkv) 1920x1024 | 45.51 dB/40246 B, 48.05 dB/49994 B, 50.16 dB/60903 B, 52.39 dB/75592 B | +34.8% | -22.3% | 44.0s:11.8s:13.5s |
ok

test result: ok. 1 passed; 0 failed; 0 ignored; 0 measured; 610 filtered out; finished in 519.39s

RC=0
