
running 1 test
test encode::tests::bd_rate_screen_native ... 
native crop, 12 frames, gop=12; tiles (0, 0), tile threads 1, intrabc false, palette maxcolors 128
| clip | ours PSNR/bytes per point | BD-rate vs libaom | BD-rate vs rav1e | wall ours:libaom:rav1e (noisy) |
|---|---|---|---|---|
bars 1080p: sequence, pyramid requested Some(Pyramid { mini_gop: 8, arf_q_offset: -32, leaf_q_offset: 12, mid_q_offset: Some(-8), quarter_q_offset: None, key_q_offset: -48 }) effective Some(Pyramid { mini_gop: 8, arf_q_offset: -32, leaf_q_offset: 12, mid_q_offset: Some(-8), quarter_q_offset: None, key_q_offset: -48 })
bars 1080p: pricer armings default=15 real=157
bars 1080p: key 64x64 intra roots 1521 of 1920 offered (79.2%)
bars 1080p: 64x64 roots 17474 (with a residual 12617, split luma 0, compound 7320)
bars 1080p: motion_mode 32x32 SIMPLE=0 OBMC=0 WARP=0 | 16x16 SIMPLE=0 OBMC=0 WARP=0 | 8x8 SIMPLE=0 OBMC=0 WARP=0 (0.0% OBMC / 0.0% WARP of 0 eligible)
bars 1080p: inter var-tx depths of 0 blocks -- leaf single 0=0 1=0 (0.0% split) | leaf compound 0=0 1=0 (0.0% split) | 32x32 single 0=0 1=0 (0.0% split) | 32x32 compound 0=0 1=0 (0.0% split)
bars 1080p: screen frames on=0 off=4 (0.0% on); palette blocks luma 0 chroma 0; intrabc blocks 0 (searched 0 / valid 0 / won 0)
bars 1080p: filter intra on=false blocks 0 (modes DC=0 V=0 H=0 D157=0 PAETH=0)
| bars 1080p 1920x1024 | 41.49 dB/224961 B, 45.63 dB/427389 B, 49.52 dB/630216 B, 53.02 dB/832985 B | +69.2% | +40.7% | 100.2s:10.4s:23.0s |
bars 2160p: sequence, pyramid requested Some(Pyramid { mini_gop: 8, arf_q_offset: -32, leaf_q_offset: 12, mid_q_offset: Some(-8), quarter_q_offset: None, key_q_offset: -48 }) effective Some(Pyramid { mini_gop: 8, arf_q_offset: -32, leaf_q_offset: 12, mid_q_offset: Some(-8), quarter_q_offset: None, key_q_offset: -48 })
bars 2160p: pricer armings default=14 real=155
bars 2160p: key 64x64 intra roots 1704 of 1920 offered (88.8%)
bars 2160p: 64x64 roots 18481 (with a residual 12312, split luma 0, compound 7100)
bars 2160p: motion_mode 32x32 SIMPLE=0 OBMC=0 WARP=0 | 16x16 SIMPLE=0 OBMC=0 WARP=0 | 8x8 SIMPLE=0 OBMC=0 WARP=0 (0.0% OBMC / 0.0% WARP of 0 eligible)
bars 2160p: inter var-tx depths of 0 blocks -- leaf single 0=0 1=0 (0.0% split) | leaf compound 0=0 1=0 (0.0% split) | 32x32 single 0=0 1=0 (0.0% split) | 32x32 compound 0=0 1=0 (0.0% split)
bars 2160p: screen frames on=0 off=4 (0.0% on); palette blocks luma 0 chroma 0; intrabc blocks 0 (searched 0 / valid 0 / won 0)
bars 2160p: filter intra on=false blocks 0 (modes DC=0 V=0 H=0 D157=0 PAETH=0)
| bars 2160p 1920x1024 | 41.76 dB/236226 B, 45.76 dB/412725 B, 49.62 dB/595587 B, 53.44 dB/787281 B | +64.1% | +29.4% | 112.9s:8.2s:19.6s |
film A (1080p source): sequence, pyramid requested Some(Pyramid { mini_gop: 8, arf_q_offset: -32, leaf_q_offset: 12, mid_q_offset: Some(-8), quarter_q_offset: None, key_q_offset: -48 }) effective Some(Pyramid { mini_gop: 8, arf_q_offset: -32, leaf_q_offset: 12, mid_q_offset: Some(-8), quarter_q_offset: None, key_q_offset: -48 })
film A (1080p source): pricer armings default=16 real=171
film A (1080p source): key 64x64 intra roots 453 of 1440 offered (31.5%)
film A (1080p source): 64x64 roots 9049 (with a residual 7536, split luma 0, compound 3424)
film A (1080p source): motion_mode 32x32 SIMPLE=0 OBMC=0 WARP=0 | 16x16 SIMPLE=0 OBMC=0 WARP=0 | 8x8 SIMPLE=0 OBMC=0 WARP=0 (0.0% OBMC / 0.0% WARP of 0 eligible)
film A (1080p source): inter var-tx depths of 0 blocks -- leaf single 0=0 1=0 (0.0% split) | leaf compound 0=0 1=0 (0.0% split) | 32x32 single 0=0 1=0 (0.0% split) | 32x32 compound 0=0 1=0 (0.0% split)
film A (1080p source): screen frames on=0 off=4 (0.0% on); palette blocks luma 0 chroma 0; intrabc blocks 0 (searched 0 / valid 0 / won 0)
film A (1080p source): filter intra on=false blocks 0 (modes DC=0 V=0 H=0 D157=0 PAETH=0)
| film A (1080p source) 1920x768 | 43.77 dB/61887 B, 45.33 dB/99120 B, 46.71 dB/164420 B, 48.02 dB/399648 B | +27.0% | -0.4% | 77.1s:17.9s:19.5s |
film B (2160p HDR source): sequence, pyramid requested Some(Pyramid { mini_gop: 8, arf_q_offset: -32, leaf_q_offset: 12, mid_q_offset: Some(-8), quarter_q_offset: None, key_q_offset: -48 }) effective Some(Pyramid { mini_gop: 8, arf_q_offset: -32, leaf_q_offset: 12, mid_q_offset: Some(-8), quarter_q_offset: None, key_q_offset: -48 })
film B (2160p HDR source): pricer armings default=15 real=157
film B (2160p HDR source): key 64x64 intra roots 872 of 1920 offered (45.4%)
film B (2160p HDR source): 64x64 roots 15330 (with a residual 9338, split luma 0, compound 6494)
film B (2160p HDR source): motion_mode 32x32 SIMPLE=0 OBMC=0 WARP=0 | 16x16 SIMPLE=0 OBMC=0 WARP=0 | 8x8 SIMPLE=0 OBMC=0 WARP=0 (0.0% OBMC / 0.0% WARP of 0 eligible)
film B (2160p HDR source): inter var-tx depths of 0 blocks -- leaf single 0=0 1=0 (0.0% split) | leaf compound 0=0 1=0 (0.0% split) | 32x32 single 0=0 1=0 (0.0% split) | 32x32 compound 0=0 1=0 (0.0% split)
film B (2160p HDR source): screen frames on=0 off=4 (0.0% on); palette blocks luma 0 chroma 0; intrabc blocks 0 (searched 0 / valid 0 / won 0)
film B (2160p HDR source): filter intra on=false blocks 0 (modes DC=0 V=0 H=0 D157=0 PAETH=0)
| film B (2160p HDR source) 1920x1024 | 46.51 dB/26427 B, 47.69 dB/49161 B, 48.85 dB/103558 B, 50.00 dB/284797 B | +35.6% | +6.9% | 63.0s:23.0s:17.5s |
screen capture (2026-07-25 02-09-04.mkv): sequence, pyramid requested Some(Pyramid { mini_gop: 8, arf_q_offset: -32, leaf_q_offset: 12, mid_q_offset: Some(-8), quarter_q_offset: None, key_q_offset: -48 }) effective None
screen capture (2026-07-25 02-09-04.mkv): pricer armings default=151 real=0
screen capture (2026-07-25 02-09-04.mkv): key 64x64 intra roots 887 of 1920 offered (46.2%)
screen capture (2026-07-25 02-09-04.mkv): 64x64 roots 20517 (with a residual 0, split luma 0, compound 0)
screen capture (2026-07-25 02-09-04.mkv): motion_mode 32x32 SIMPLE=0 OBMC=0 WARP=0 | 16x16 SIMPLE=0 OBMC=0 WARP=0 | 8x8 SIMPLE=0 OBMC=0 WARP=0 (0.0% OBMC / 0.0% WARP of 0 eligible)
screen capture (2026-07-25 02-09-04.mkv): inter var-tx depths of 0 blocks -- leaf single 0=0 1=0 (0.0% split) | leaf compound 0=0 1=0 (0.0% split) | 32x32 single 0=0 1=0 (0.0% split) | 32x32 compound 0=0 1=0 (0.0% split)
screen capture (2026-07-25 02-09-04.mkv): screen frames on=48 off=0 (100.0% on); palette blocks luma 6829 chroma 1336; intrabc blocks 0 (searched 0 / valid 0 / won 0)
screen capture (2026-07-25 02-09-04.mkv): filter intra on=false blocks 0 (modes DC=0 V=0 H=0 D157=0 PAETH=0)
| screen capture (2026-07-25 02-09-04.mkv) 1920x1024 | 45.52 dB/40349 B, 48.06 dB/50043 B, 50.16 dB/60986 B, 52.39 dB/75687 B | +34.9% | -22.3% | 39.0s:9.6s:12.1s |
ok

test result: ok. 1 passed; 0 failed; 0 ignored; 0 measured; 610 filtered out; finished in 579.78s

RC=0
