
running 1 test
test encoder::tests::filter_stage_wall_4k ... 
3840x1608, 4 frames, 4x2 tiles, 8 tile threads: 2.66s wall, 1.50 fps
| stage | ms | ms/frame | % of wall |
| tile search | 1249 | 312.2 | 46.9% |
| tile write | 57 | 14.2 | 2.1% |
| filter: deblock replay | 209 | 52.4 | 7.9% |
| filter: cdef replay | 248 | 61.9 | 9.3% |
| filter: sse | 72 | 17.9 | 2.7% |
| filter search (total) | 1186 | 296.6 | 44.5% |
| capture decode | 0 | 0.0 | 0.0% |
| lr search | 0 | 0.0 | 0.0% |
| filter: plane copies | 290 | 72.4 | 10.9% |
| filter: first decode | 147 | 36.6 | 5.5% |
accounted 93.5% of wall; outside the tile search 53.1%

3840x1608, 4 frames, 4x2 tiles, 12 tile threads: 2.72s wall, 1.47 fps
| stage | ms | ms/frame | % of wall |
| tile search | 1433 | 358.2 | 52.7% |
| tile write | 63 | 15.7 | 2.3% |
| filter: deblock replay | 259 | 64.7 | 9.5% |
| filter: cdef replay | 305 | 76.2 | 11.2% |
| filter: sse | 94 | 23.5 | 3.5% |
| filter search (total) | 1072 | 268.0 | 39.5% |
| capture decode | 0 | 0.0 | 0.0% |
| lr search | 0 | 0.0 | 0.0% |
| filter: plane copies | 340 | 84.9 | 12.5% |
| filter: first decode | 175 | 43.8 | 6.4% |
accounted 94.5% of wall; outside the tile search 47.3%
ok

test result: ok. 1 passed; 0 failed; 0 ignored; 0 measured; 583 filtered out; finished in 5.80s

