
running 1 test
test encoder::tests::filter_stage_wall_4k ... 
3840x1608, 4 frames, 4x2 tiles, 8 tile threads: 8.07s wall, 0.50 fps
| stage | ms | ms/frame | % of wall |
| tile search | 4913 | 1228.3 | 60.9% |
| tile write | 238 | 59.6 | 3.0% |
| filter: deblock replay | 591 | 147.8 | 7.3% |
| filter: cdef replay | 676 | 169.0 | 8.4% |
| filter: sse | 138 | 34.4 | 1.7% |
| filter search (total) | 2230 | 557.6 | 27.6% |
| capture decode | 12 | 2.9 | 0.1% |
| lr search | 251 | 62.9 | 3.1% |
| filter: plane copies | 696 | 174.0 | 8.6% |
| filter: first decode | 269 | 67.2 | 3.3% |
accounted 94.7% of wall; outside the tile search 39.1%

3840x1608, 4 frames, 4x2 tiles, 12 tile threads: 8.31s wall, 0.48 fps
| stage | ms | ms/frame | % of wall |
| tile search | 5804 | 1451.0 | 69.9% |
| tile write | 240 | 60.1 | 2.9% |
| filter: deblock replay | 474 | 118.5 | 5.7% |
| filter: cdef replay | 467 | 116.8 | 5.6% |
| filter: sse | 135 | 33.6 | 1.6% |
| filter search (total) | 1684 | 420.9 | 20.3% |
| capture decode | 18 | 4.4 | 0.2% |
| lr search | 242 | 60.6 | 2.9% |
| filter: plane copies | 567 | 141.8 | 6.8% |
| filter: first decode | 268 | 66.9 | 3.2% |
accounted 96.2% of wall; outside the tile search 30.1%
ok

test result: ok. 1 passed; 0 failed; 0 ignored; 0 measured; 583 filtered out; finished in 16.80s

