
running 1 test

native crop, 12 frames, gop=12; tiles (0, 0), tile threads 1, intrabc false, palette maxcolors 128
| clip | ours PSNR/bytes per point | BD-rate vs libaom | BD-rate vs rav1e | wall ours:libaom:rav1e (noisy) |
|---|---|---|---|---|
bars 1080p: pyramid requested Pyramid { mini_gop: 8, arf_q_offset: -16, leaf_q_offset: 8 } effective Some(Pyramid { mini_gop: 8, arf_q_offset: -16, leaf_q_offset: 8 }) -- frames key 4 arf 8 leaf 36 show_existing 8; bytes key 200169 arf 398817 leaf 1156895 show_existing 40
bars 1080p: pricer armings default=16 real=176
bars 1080p: motion_mode 32x32 SIMPLE=80028 OBMC=0 WARP=157 | 16x16 SIMPLE=3481 OBMC=0 WARP=219 | 8x8 SIMPLE=19797 OBMC=0 WARP=645 (0.0% OBMC / 1.0% WARP of 104327 eligible)
bars 1080p: inter var-tx depths of 12962 blocks -- leaf single 0=1637 1=911 (35.8% split) | leaf compound 0=1345 1=1055 (44.0% split) | 32x32 single 0=969 1=2142 (68.9% split) | 32x32 compound 0=2423 1=2480 (50.6% split)
bars 1080p: screen frames on=0 off=4 (0.0% on); palette blocks luma 0 chroma 0; intrabc blocks 0 (searched 0 / valid 0 / won 0)
test encode::tests::bd_rate_screen_native has been running for over 60 seconds
| bars 1080p 1920x1024 | 43.69 dB/250253 B, 47.42 dB/371453 B, 50.91 dB/504216 B, 53.72 dB/629999 B | +19.8% | +2.0% | 41.8s:8.1s:21.4s |
bars 2160p: pyramid requested Pyramid { mini_gop: 8, arf_q_offset: -16, leaf_q_offset: 8 } effective Some(Pyramid { mini_gop: 8, arf_q_offset: -16, leaf_q_offset: 8 }) -- frames key 4 arf 8 leaf 36 show_existing 8; bytes key 179809 arf 411908 leaf 1450828 show_existing 40
bars 2160p: pricer armings default=15 real=148
bars 2160p: motion_mode 32x32 SIMPLE=50360 OBMC=0 WARP=6 | 16x16 SIMPLE=235 OBMC=0 WARP=12 | 8x8 SIMPLE=5151 OBMC=0 WARP=260 (0.0% OBMC / 0.5% WARP of 56024 eligible)
bars 2160p: inter var-tx depths of 13493 blocks -- leaf single 0=419 1=101 (19.4% split) | leaf compound 0=5632 1=742 (11.6% split) | 32x32 single 0=433 1=1686 (79.6% split) | 32x32 compound 0=123 1=4357 (97.3% split)
bars 2160p: screen frames on=0 off=4 (0.0% on); palette blocks luma 0 chroma 0; intrabc blocks 0 (searched 0 / valid 0 / won 0)
| bars 2160p 1920x1024 | 43.32 dB/303368 B, 47.40 dB/449020 B, 51.16 dB/588043 B, 54.13 dB/702154 B | +48.7% | +20.4% | 34.2s:6.0s:16.9s |
film A (1080p source): pyramid requested Pyramid { mini_gop: 8, arf_q_offset: -16, leaf_q_offset: 8 } effective Some(Pyramid { mini_gop: 8, arf_q_offset: -16, leaf_q_offset: 8 }) -- frames key 4 arf 8 leaf 36 show_existing 8; bytes key 168690 arf 253049 leaf 350299 show_existing 40
film A (1080p source): pricer armings default=20 real=215
film A (1080p source): motion_mode 32x32 SIMPLE=66648 OBMC=0 WARP=2239 | 16x16 SIMPLE=32378 OBMC=0 WARP=2350 | 8x8 SIMPLE=8448 OBMC=0 WARP=1830 (0.0% OBMC / 5.6% WARP of 113893 eligible)
film A (1080p source): inter var-tx depths of 115617 blocks -- leaf single 0=20197 1=4839 (19.3% split) | leaf compound 0=41412 1=11432 (21.6% split) | 32x32 single 0=10111 1=6950 (40.7% split) | 32x32 compound 0=12729 1=7947 (38.4% split)
film A (1080p source): screen frames on=0 off=4 (0.0% on); palette blocks luma 0 chroma 0; intrabc blocks 0 (searched 0 / valid 0 / won 0)
| film A (1080p source) 1920x768 | 43.26 dB/69882 B, 45.21 dB/117822 B, 46.74 dB/211566 B, 47.87 dB/372808 B | +55.9% | +25.8% | 65.3s:10.0s:15.9s |
film B (2160p HDR source): pyramid requested Pyramid { mini_gop: 8, arf_q_offset: -16, leaf_q_offset: 8 } effective Some(Pyramid { mini_gop: 8, arf_q_offset: -16, leaf_q_offset: 8 }) -- frames key 4 arf 8 leaf 36 show_existing 8; bytes key 89394 arf 194222 leaf 297821 show_existing 40
film B (2160p HDR source): pricer armings default=17 real=196
film B (2160p HDR source): motion_mode 32x32 SIMPLE=101671 OBMC=0 WARP=1673 | 16x16 SIMPLE=26928 OBMC=0 WARP=1163 | 8x8 SIMPLE=3806 OBMC=0 WARP=908 (0.0% OBMC / 2.7% WARP of 136149 eligible)
film B (2160p HDR source): inter var-tx depths of 104114 blocks -- leaf single 0=21287 1=5967 (21.9% split) | leaf compound 0=30154 1=7111 (19.1% split) | 32x32 single 0=13564 1=10365 (43.3% split) | 32x32 compound 0=10085 1=5581 (35.6% split)
film B (2160p HDR source): screen frames on=0 off=4 (0.0% on); palette blocks luma 0 chroma 0; intrabc blocks 0 (searched 0 / valid 0 / won 0)
| film B (2160p HDR source) 1920x1024 | 46.31 dB/35138 B, 47.79 dB/69006 B, 48.99 dB/159430 B, 49.95 dB/317903 B | +83.6% | +47.3% | 68.6s:19.7s:15.2s |
screen capture (2026-07-25 02-09-04.mkv): pyramid requested Pyramid { mini_gop: 8, arf_q_offset: -16, leaf_q_offset: 8 } effective None -- frames key 4 arf 0 leaf 44 show_existing 0; bytes key 209091 arf 0 leaf 64266 show_existing 0
screen capture (2026-07-25 02-09-04.mkv): pricer armings default=163 real=0
screen capture (2026-07-25 02-09-04.mkv): motion_mode 32x32 SIMPLE=81719 OBMC=0 WARP=2056 | 16x16 SIMPLE=4530 OBMC=0 WARP=772 | 8x8 SIMPLE=1003 OBMC=0 WARP=906 (0.0% OBMC / 4.1% WARP of 90986 eligible)
screen capture (2026-07-25 02-09-04.mkv): inter var-tx depths of 18765 blocks -- leaf single 0=2093 1=2172 (50.9% split) | leaf compound 0=2264 1=1810 (44.4% split) | 32x32 single 0=2293 1=4692 (67.2% split) | 32x32 compound 0=1342 1=2099 (61.0% split)
screen capture (2026-07-25 02-09-04.mkv): screen frames on=48 off=0 (100.0% on); palette blocks luma 10148 chroma 1331; intrabc blocks 0 (searched 0 / valid 0 / won 0)
| screen capture (2026-07-25 02-09-04.mkv) 1920x1024 | 46.00 dB/45256 B, 48.82 dB/57616 B, 51.21 dB/74177 B, 53.49 dB/96308 B | +50.1% | -15.4% | 27.0s:8.7s:11.4s |
test encode::tests::bd_rate_screen_native ... ok

test result: ok. 1 passed; 0 failed; 0 ignored; 0 measured; 580 filtered out; finished in 386.38s

RC=0
