
running 1 test
test encode::tests::bd_rate_film_long_gop ... 
native crop, 48 frames, gop=48; tiles (0, 0), tile threads 1, intrabc false, palette maxcolors 128
| clip | ours PSNR/bytes per point | BD-rate vs libaom | BD-rate vs rav1e | wall ours:libaom:rav1e (noisy) |
|---|---|---|---|---|
film A (1080p source): sequence, pyramid requested Some(Pyramid { mini_gop: 8, arf_q_offset: -32, leaf_q_offset: 12, mid_q_offset: Some(-8), quarter_q_offset: Some(0), key_q_offset: -48 }) effective Some(Pyramid { mini_gop: 8, arf_q_offset: -32, leaf_q_offset: 12, mid_q_offset: Some(-8), quarter_q_offset: Some(0), key_q_offset: -48 })
film A (1080p source): pricer armings default=20 real=915
film A (1080p source): motion_mode 32x32 SIMPLE=150382 OBMC=0 WARP=4603 | 16x16 SIMPLE=67269 OBMC=0 WARP=7239 | 8x8 SIMPLE=22856 OBMC=0 WARP=3662 (0.0% OBMC / 6.1% WARP of 256011 eligible)
film A (1080p source): inter var-tx depths of 393239 blocks -- leaf single 0=45524 1=9051 (16.6% split) | leaf compound 0=163761 1=42613 (20.6% split) | 32x32 single 0=25118 1=18361 (42.2% split) | 32x32 compound 0=50713 1=38098 (42.9% split)
film A (1080p source): screen frames on=0 off=4 (0.0% on); palette blocks luma 0 chroma 0; intrabc blocks 0 (searched 0 / valid 0 / won 0)
film A (1080p source): filter intra on=true blocks 116666 (modes DC=28006 V=17031 H=22816 D157=32832 PAETH=15981)
| film A (1080p source) 1920x768 | 44.43 dB/228852 B, 46.04 dB/410394 B, 47.21 dB/742773 B, 48.34 dB/1704323 B | +43.6% | +5.4% | 312.9s:45.0s:85.9s |
film B (2160p HDR source): sequence, pyramid requested Some(Pyramid { mini_gop: 8, arf_q_offset: -32, leaf_q_offset: 12, mid_q_offset: Some(-8), quarter_q_offset: Some(0), key_q_offset: -48 }) effective Some(Pyramid { mini_gop: 8, arf_q_offset: -32, leaf_q_offset: 12, mid_q_offset: Some(-8), quarter_q_offset: Some(0), key_q_offset: -48 })
film B (2160p HDR source): pricer armings default=20 real=825
film B (2160p HDR source): motion_mode 32x32 SIMPLE=209067 OBMC=0 WARP=4181 | 16x16 SIMPLE=60887 OBMC=0 WARP=4126 | 8x8 SIMPLE=14458 OBMC=0 WARP=2210 (0.0% OBMC / 3.6% WARP of 294929 eligible)
film B (2160p HDR source): inter var-tx depths of 348790 blocks -- leaf single 0=49180 1=11303 (18.7% split) | leaf compound 0=126527 1=30138 (19.2% split) | 32x32 single 0=31490 1=27730 (46.8% split) | 32x32 compound 0=39085 1=33337 (46.0% split)
film B (2160p HDR source): screen frames on=0 off=4 (0.0% on); palette blocks luma 0 chroma 0; intrabc blocks 0 (searched 0 / valid 0 / won 0)
film B (2160p HDR source): filter intra on=true blocks 78883 (modes DC=20698 V=11039 H=11337 D157=27994 PAETH=7815)
| film B (2160p HDR source) 1920x1024 | 46.83 dB/94190 B, 48.07 dB/218218 B, 49.10 dB/527615 B, 50.16 dB/1349343 B | +129.5% | +35.6% | 323.9s:82.5s:59.8s |
ok

test result: ok. 1 passed; 0 failed; 0 ignored; 0 measured; 597 filtered out; finished in 959.76s

RC=0
