
running 1 test
test encode::tests::bd_rate_film_long_gop ... 
native crop, 48 frames, gop=48; tiles (0, 0), tile threads 1, intrabc false, palette maxcolors 128
| clip | ours PSNR/bytes per point | BD-rate vs libaom | BD-rate vs rav1e | wall ours:libaom:rav1e (noisy) |
|---|---|---|---|---|
film A (1080p source): sequence, pyramid requested Some(Pyramid { mini_gop: 8, arf_q_offset: -32, leaf_q_offset: 12, mid_q_offset: Some(-8), quarter_q_offset: Some(8), key_q_offset: -48 }) effective Some(Pyramid { mini_gop: 8, arf_q_offset: -32, leaf_q_offset: 12, mid_q_offset: Some(-8), quarter_q_offset: Some(8), key_q_offset: -48 })
film A (1080p source): pricer armings default=20 real=915
film A (1080p source): motion_mode 32x32 SIMPLE=153578 OBMC=0 WARP=4876 | 16x16 SIMPLE=66316 OBMC=0 WARP=7388 | 8x8 SIMPLE=22348 OBMC=0 WARP=3659 (0.0% OBMC / 6.2% WARP of 258165 eligible)
film A (1080p source): inter var-tx depths of 380020 blocks -- leaf single 0=45459 1=8991 (16.5% split) | leaf compound 0=156609 1=40096 (20.4% split) | 32x32 single 0=24879 1=18213 (42.3% split) | 32x32 compound 0=48825 1=36948 (43.1% split)
film A (1080p source): screen frames on=0 off=4 (0.0% on); palette blocks luma 0 chroma 0; intrabc blocks 0 (searched 0 / valid 0 / won 0)
film A (1080p source): filter intra on=true blocks 113787 (modes DC=27698 V=16681 H=21921 D157=31841 PAETH=15646)
| film A (1080p source) 1920x768 | 44.37 dB/224286 B, 45.99 dB/399897 B, 47.17 dB/721115 B, 48.30 dB/1659872 B | +43.3% | +5.0% | 330.4s:37.8s:72.8s |
film B (2160p HDR source): sequence, pyramid requested Some(Pyramid { mini_gop: 8, arf_q_offset: -32, leaf_q_offset: 12, mid_q_offset: Some(-8), quarter_q_offset: Some(8), key_q_offset: -48 }) effective Some(Pyramid { mini_gop: 8, arf_q_offset: -32, leaf_q_offset: 12, mid_q_offset: Some(-8), quarter_q_offset: Some(8), key_q_offset: -48 })
film B (2160p HDR source): pricer armings default=20 real=826
film B (2160p HDR source): motion_mode 32x32 SIMPLE=211564 OBMC=0 WARP=4219 | 16x16 SIMPLE=58627 OBMC=0 WARP=4046 | 8x8 SIMPLE=14440 OBMC=0 WARP=2224 (0.0% OBMC / 3.6% WARP of 295120 eligible)
film B (2160p HDR source): inter var-tx depths of 334660 blocks -- leaf single 0=47910 1=10981 (18.6% split) | leaf compound 0=120399 1=28882 (19.3% split) | 32x32 single 0=30298 1=26367 (46.5% split) | 32x32 compound 0=37642 1=32181 (46.1% split)
film B (2160p HDR source): screen frames on=0 off=4 (0.0% on); palette blocks luma 0 chroma 0; intrabc blocks 0 (searched 0 / valid 0 / won 0)
film B (2160p HDR source): filter intra on=true blocks 75863 (modes DC=19831 V=10642 H=10979 D157=26928 PAETH=7483)
| film B (2160p HDR source) 1920x1024 | 46.78 dB/92206 B, 48.02 dB/208676 B, 49.05 dB/501581 B, 50.10 dB/1296336 B | +129.9% | +35.3% | 293.7s:89.1s:58.4s |
ok

test result: ok. 1 passed; 0 failed; 0 ignored; 0 measured; 597 filtered out; finished in 922.86s

RC=0
