
running 1 test

native crop, 48 frames, gop=48; tiles (0, 0), tile threads 1, intrabc false, palette maxcolors 128
| clip | ours PSNR/bytes per point | BD-rate vs libaom | BD-rate vs rav1e | wall ours:libaom:rav1e (noisy) |
|---|---|---|---|---|
test encode::tests::bd_rate_film_long_gop has been running for over 60 seconds
film A (1080p source): sequence, pyramid requested Some(Pyramid { mini_gop: 16, arf_q_offset: -32, leaf_q_offset: 16, mid_q_offset: Some(-16) }) effective Some(Pyramid { mini_gop: 16, arf_q_offset: -32, leaf_q_offset: 16, mid_q_offset: Some(-16) })
film A (1080p source): pricer armings default=20 real=900
film A (1080p source): motion_mode 32x32 SIMPLE=185343 OBMC=0 WARP=8379 | 16x16 SIMPLE=91478 OBMC=0 WARP=10360 | 8x8 SIMPLE=21799 OBMC=0 WARP=3366 (0.0% OBMC / 6.9% WARP of 320725 eligible)
film A (1080p source): inter var-tx depths of 368638 blocks -- leaf single 0=67856 1=13548 (16.6% split) | leaf compound 0=130941 1=28865 (18.1% split) | 32x32 single 0=32050 1=25501 (44.3% split) | 32x32 compound 0=41656 1=28221 (40.4% split)
film A (1080p source): screen frames on=0 off=4 (0.0% on); palette blocks luma 0 chroma 0; intrabc blocks 0 (searched 0 / valid 0 / won 0)
film A (1080p source): filter intra on=true blocks 103233 (modes DC=25011 V=14028 H=19909 D157=29095 PAETH=15190)
| film A (1080p source) 1920x768 | 43.47 dB/186423 B, 45.40 dB/335641 B, 46.70 dB/587894 B, 47.82 dB/1190211 B | +54.6% | +12.1% | 276.1s:32.8s:52.5s |
film B (2160p HDR source): sequence, pyramid requested Some(Pyramid { mini_gop: 16, arf_q_offset: -32, leaf_q_offset: 16, mid_q_offset: Some(-16) }) effective Some(Pyramid { mini_gop: 16, arf_q_offset: -32, leaf_q_offset: 16, mid_q_offset: Some(-16) })
film B (2160p HDR source): pricer armings default=17 real=794
film B (2160p HDR source): motion_mode 32x32 SIMPLE=207383 OBMC=0 WARP=5702 | 16x16 SIMPLE=66572 OBMC=0 WARP=4899 | 8x8 SIMPLE=9663 OBMC=0 WARP=3066 (0.0% OBMC / 4.6% WARP of 297285 eligible)
film B (2160p HDR source): inter var-tx depths of 312162 blocks -- leaf single 0=61267 1=14004 (18.6% split) | leaf compound 0=96804 1=19763 (17.0% split) | 32x32 single 0=33600 1=32279 (49.0% split) | 32x32 compound 0=29940 1=24505 (45.0% split)
film B (2160p HDR source): screen frames on=0 off=4 (0.0% on); palette blocks luma 0 chroma 0; intrabc blocks 0 (searched 0 / valid 0 / won 0)
film B (2160p HDR source): filter intra on=true blocks 66833 (modes DC=17309 V=9020 H=9362 D157=24087 PAETH=7055)
| film B (2160p HDR source) 1920x1024 | 46.02 dB/71824 B, 47.54 dB/156857 B, 48.65 dB/363332 B, 49.67 dB/917653 B | +148.7% | +46.0% | 238.9s:68.1s:50.2s |
test encode::tests::bd_rate_film_long_gop ... ok

test result: ok. 1 passed; 0 failed; 0 ignored; 0 measured; 589 filtered out; finished in 732.32s

RC=0
