
running 1 test

native crop, 48 frames, gop=48; tiles (0, 0), tile threads 1, intrabc false, palette maxcolors 128
| clip | ours PSNR/bytes per point | BD-rate vs libaom | BD-rate vs rav1e | wall ours:libaom:rav1e (noisy) |
|---|---|---|---|---|
test encode::tests::bd_rate_film_long_gop has been running for over 60 seconds
film A (1080p source): sequence, pyramid requested Some(Pyramid { mini_gop: 16, arf_q_offset: -32, leaf_q_offset: 16, mid_q_offset: Some(-8) }) effective Some(Pyramid { mini_gop: 16, arf_q_offset: -32, leaf_q_offset: 16, mid_q_offset: Some(-8) })
film A (1080p source): pricer armings default=20 real=905
film A (1080p source): motion_mode 32x32 SIMPLE=188387 OBMC=0 WARP=8786 | 16x16 SIMPLE=91968 OBMC=0 WARP=9691 | 8x8 SIMPLE=20394 OBMC=0 WARP=3572 (0.0% OBMC / 6.8% WARP of 322798 eligible)
film A (1080p source): inter var-tx depths of 370055 blocks -- leaf single 0=68272 1=13752 (16.8% split) | leaf compound 0=130800 1=29202 (18.3% split) | 32x32 single 0=32654 1=25288 (43.6% split) | 32x32 compound 0=42129 1=27958 (39.9% split)
film A (1080p source): screen frames on=0 off=4 (0.0% on); palette blocks luma 0 chroma 0; intrabc blocks 0 (searched 0 / valid 0 / won 0)
film A (1080p source): filter intra on=true blocks 97766 (modes DC=23950 V=13294 H=18944 D157=27204 PAETH=14374)
| film A (1080p source) 1920x768 | 43.39 dB/182030 B, 45.35 dB/328827 B, 46.66 dB/578384 B, 47.77 dB/1150333 B | +55.0% | +12.3% | 264.6s:33.0s:52.7s |
film B (2160p HDR source): sequence, pyramid requested Some(Pyramid { mini_gop: 16, arf_q_offset: -32, leaf_q_offset: 16, mid_q_offset: Some(-8) }) effective Some(Pyramid { mini_gop: 16, arf_q_offset: -32, leaf_q_offset: 16, mid_q_offset: Some(-8) })
film B (2160p HDR source): pricer armings default=17 real=785
film B (2160p HDR source): motion_mode 32x32 SIMPLE=203793 OBMC=0 WARP=5781 | 16x16 SIMPLE=65840 OBMC=0 WARP=4892 | 8x8 SIMPLE=9254 OBMC=0 WARP=2842 (0.0% OBMC / 4.6% WARP of 292402 eligible)
film B (2160p HDR source): inter var-tx depths of 313056 blocks -- leaf single 0=61299 1=14132 (18.7% split) | leaf compound 0=95979 1=20274 (17.4% split) | 32x32 single 0=34131 1=32891 (49.1% split) | 32x32 compound 0=29642 1=24708 (45.5% split)
film B (2160p HDR source): screen frames on=0 off=4 (0.0% on); palette blocks luma 0 chroma 0; intrabc blocks 0 (searched 0 / valid 0 / won 0)
film B (2160p HDR source): filter intra on=true blocks 61505 (modes DC=15968 V=8057 H=8772 D157=22201 PAETH=6507)
| film B (2160p HDR source) 1920x1024 | 45.94 dB/68023 B, 47.48 dB/149250 B, 48.61 dB/350212 B, 49.63 dB/874824 B | +146.0% | +44.3% | 236.9s:68.3s:50.0s |
test encode::tests::bd_rate_film_long_gop ... ok

test result: ok. 1 passed; 0 failed; 0 ignored; 0 measured; 589 filtered out; finished in 719.73s

RC=0
