
running 1 test

native crop, 48 frames, gop=48; tiles (0, 0), tile threads 1, intrabc false, palette maxcolors 128
| clip | ours PSNR/bytes per point | BD-rate vs libaom | BD-rate vs rav1e | wall ours:libaom:rav1e (noisy) |
|---|---|---|---|---|
test encode::tests::bd_rate_film_long_gop has been running for over 60 seconds
film A (1080p source): sequence, pyramid requested Some(Pyramid { mini_gop: 4, arf_q_offset: -32, leaf_q_offset: 16, mid_q_offset: Some(-8) }) effective Some(Pyramid { mini_gop: 4, arf_q_offset: -32, leaf_q_offset: 16, mid_q_offset: Some(-8) })
film A (1080p source): pricer armings default=20 real=907
film A (1080p source): motion_mode 32x32 SIMPLE=148806 OBMC=0 WARP=7759 | 16x16 SIMPLE=86205 OBMC=0 WARP=15470 | 8x8 SIMPLE=40140 OBMC=0 WARP=7116 (0.0% OBMC / 9.9% WARP of 305496 eligible)
film A (1080p source): inter var-tx depths of 395102 blocks -- leaf single 0=64042 1=14636 (18.6% split) | leaf compound 0=142574 1=41981 (22.7% split) | 32x32 single 0=28965 1=19709 (40.5% split) | 32x32 compound 0=49067 1=34128 (41.0% split)
film A (1080p source): screen frames on=0 off=4 (0.0% on); palette blocks luma 0 chroma 0; intrabc blocks 0 (searched 0 / valid 0 / won 0)
film A (1080p source): filter intra on=true blocks 172124 (modes DC=40605 V=26990 H=31893 D157=48676 PAETH=23960)
| film A (1080p source) 1920x768 | 44.23 dB/247983 B, 46.00 dB/460813 B, 47.20 dB/817026 B, 48.47 dB/2003982 B | +61.7% | +20.4% | 290.1s:32.5s:52.7s |
film B (2160p HDR source): sequence, pyramid requested Some(Pyramid { mini_gop: 4, arf_q_offset: -32, leaf_q_offset: 16, mid_q_offset: Some(-8) }) effective Some(Pyramid { mini_gop: 4, arf_q_offset: -32, leaf_q_offset: 16, mid_q_offset: Some(-8) })
film B (2160p HDR source): pricer armings default=17 real=829
film B (2160p HDR source): motion_mode 32x32 SIMPLE=203075 OBMC=0 WARP=6770 | 16x16 SIMPLE=77859 OBMC=0 WARP=6558 | 8x8 SIMPLE=25160 OBMC=0 WARP=6324 (0.0% OBMC / 6.0% WARP of 325746 eligible)
film B (2160p HDR source): inter var-tx depths of 361122 blocks -- leaf single 0=67314 1=18846 (21.9% split) | leaf compound 0=109627 1=31275 (22.2% split) | 32x32 single 0=34932 1=32330 (48.1% split) | 32x32 compound 0=34876 1=31922 (47.8% split)
film B (2160p HDR source): screen frames on=0 off=4 (0.0% on); palette blocks luma 0 chroma 0; intrabc blocks 0 (searched 0 / valid 0 / won 0)
film B (2160p HDR source): filter intra on=true blocks 114300 (modes DC=27469 V=17064 H=17400 D157=40869 PAETH=11498)
| film B (2160p HDR source) 1920x1024 | 46.73 dB/103046 B, 48.10 dB/249199 B, 49.14 dB/570401 B, 50.28 dB/1536115 B | +147.5% | +51.3% | 280.0s:67.9s:49.8s |
test encode::tests::bd_rate_film_long_gop ... ok

test result: ok. 1 passed; 0 failed; 0 ignored; 0 measured; 589 filtered out; finished in 787.98s

RC=0
