
running 1 test

native crop, 48 frames, gop=48; tiles (0, 0), tile threads 1, intrabc false, palette maxcolors 128
| clip | ours PSNR/bytes per point | BD-rate vs libaom | BD-rate vs rav1e | wall ours:libaom:rav1e (noisy) |
|---|---|---|---|---|
test encode::tests::bd_rate_film_long_gop has been running for over 60 seconds
film A (1080p source): sequence, pyramid requested Some(Pyramid { mini_gop: 8, arf_q_offset: -32, leaf_q_offset: 16, mid_q_offset: Some(-16) }) effective Some(Pyramid { mini_gop: 8, arf_q_offset: -32, leaf_q_offset: 16, mid_q_offset: Some(-16) })
film A (1080p source): pricer armings default=20 real=903
film A (1080p source): motion_mode 32x32 SIMPLE=162306 OBMC=0 WARP=6155 | 16x16 SIMPLE=79841 OBMC=0 WARP=9458 | 8x8 SIMPLE=29052 OBMC=0 WARP=4252 (0.0% OBMC / 6.8% WARP of 291064 eligible)
film A (1080p source): inter var-tx depths of 366178 blocks -- leaf single 0=56888 1=10976 (16.2% split) | leaf compound 0=137357 1=34510 (20.1% split) | 32x32 single 0=27248 1=20543 (43.0% split) | 32x32 compound 0=45222 1=33434 (42.5% split)
film A (1080p source): screen frames on=0 off=4 (0.0% on); palette blocks luma 0 chroma 0; intrabc blocks 0 (searched 0 / valid 0 / won 0)
film A (1080p source): filter intra on=true blocks 134396 (modes DC=31968 V=19616 H=25422 D157=38156 PAETH=19234)
| film A (1080p source) 1920x768 | 43.91 dB/215147 B, 45.76 dB/390113 B, 47.00 dB/675068 B, 48.15 dB/1511227 B | +53.4% | +13.0% | 279.8s:32.8s:52.9s |
film B (2160p HDR source): sequence, pyramid requested Some(Pyramid { mini_gop: 8, arf_q_offset: -32, leaf_q_offset: 16, mid_q_offset: Some(-16) }) effective Some(Pyramid { mini_gop: 8, arf_q_offset: -32, leaf_q_offset: 16, mid_q_offset: Some(-16) })
film B (2160p HDR source): pricer armings default=17 real=809
film B (2160p HDR source): motion_mode 32x32 SIMPLE=203150 OBMC=0 WARP=4712 | 16x16 SIMPLE=63344 OBMC=0 WARP=4184 | 8x8 SIMPLE=16172 OBMC=0 WARP=1724 (0.0% OBMC / 3.6% WARP of 293286 eligible)
film B (2160p HDR source): inter var-tx depths of 321279 blocks -- leaf single 0=53447 1=12091 (18.4% split) | leaf compound 0=105737 1=26868 (20.3% split) | 32x32 single 0=30157 1=30572 (50.3% split) | 32x32 compound 0=32702 1=29705 (47.6% split)
film B (2160p HDR source): screen frames on=0 off=4 (0.0% on); palette blocks luma 0 chroma 0; intrabc blocks 0 (searched 0 / valid 0 / won 0)
film B (2160p HDR source): filter intra on=true blocks 83391 (modes DC=21124 V=12070 H=12063 D157=29494 PAETH=8640)
| film B (2160p HDR source) 1920x1024 | 46.46 dB/88003 B, 47.86 dB/199192 B, 48.90 dB/451941 B, 49.95 dB/1149498 B | +146.0% | +46.1% | 250.4s:68.2s:50.2s |
test encode::tests::bd_rate_film_long_gop ... ok

test result: ok. 1 passed; 0 failed; 0 ignored; 0 measured; 589 filtered out; finished in 748.66s

RC=0
