
running 1 test
test encode::tests::bd_rate_film_long_gop ... 
native crop, 48 frames, gop=48; tiles (0, 0), tile threads 1, intrabc false, palette maxcolors 128
| clip | ours PSNR/bytes per point | BD-rate vs libaom | BD-rate vs rav1e | wall ours:libaom:rav1e (noisy) |
|---|---|---|---|---|
film A (1080p source): sequence, pyramid requested Some(Pyramid { mini_gop: 8, arf_q_offset: -40, leaf_q_offset: 16, mid_q_offset: Some(-8), key_q_offset: -48 }) effective Some(Pyramid { mini_gop: 8, arf_q_offset: -40, leaf_q_offset: 16, mid_q_offset: Some(-8), key_q_offset: -48 })
film A (1080p source): pricer armings default=20 real=902
film A (1080p source): motion_mode 32x32 SIMPLE=156212 OBMC=0 WARP=5582 | 16x16 SIMPLE=70513 OBMC=0 WARP=7631 | 8x8 SIMPLE=23554 OBMC=0 WARP=4186 (0.0% OBMC / 6.5% WARP of 267678 eligible)
film A (1080p source): inter var-tx depths of 338266 blocks -- leaf single 0=50258 1=8992 (15.2% split) | leaf compound 0=132003 1=29397 (18.2% split) | 32x32 single 0=24218 1=18201 (42.9% split) | 32x32 compound 0=43792 1=31405 (41.8% split)
film A (1080p source): screen frames on=0 off=4 (0.0% on); palette blocks luma 0 chroma 0; intrabc blocks 0 (searched 0 / valid 0 / won 0)
film A (1080p source): filter intra on=true blocks 114571 (modes DC=27703 V=17025 H=21850 D157=32067 PAETH=15926)
| film A (1080p source) 1920x768 | 44.41 dB/228662 B, 46.03 dB/404341 B, 47.21 dB/740717 B, 48.38 dB/1851224 B | +44.4% | +5.1% | 277.8s:33.8s:55.0s |
film B (2160p HDR source): sequence, pyramid requested Some(Pyramid { mini_gop: 8, arf_q_offset: -40, leaf_q_offset: 16, mid_q_offset: Some(-8), key_q_offset: -48 }) effective Some(Pyramid { mini_gop: 8, arf_q_offset: -40, leaf_q_offset: 16, mid_q_offset: Some(-8), key_q_offset: -48 })
film B (2160p HDR source): pricer armings default=20 real=804
film B (2160p HDR source): motion_mode 32x32 SIMPLE=203015 OBMC=0 WARP=4252 | 16x16 SIMPLE=56799 OBMC=0 WARP=4341 | 8x8 SIMPLE=13028 OBMC=0 WARP=1995 (0.0% OBMC / 3.7% WARP of 283430 eligible)
film B (2160p HDR source): inter var-tx depths of 293495 blocks -- leaf single 0=47250 1=9996 (17.5% split) | leaf compound 0=102061 1=21460 (17.4% split) | 32x32 single 0=27405 1=25131 (47.8% split) | 32x32 compound 0=32173 1=28019 (46.5% split)
film B (2160p HDR source): screen frames on=0 off=4 (0.0% on); palette blocks luma 0 chroma 0; intrabc blocks 0 (searched 0 / valid 0 / won 0)
film B (2160p HDR source): filter intra on=true blocks 72307 (modes DC=18386 V=10750 H=10612 D157=25342 PAETH=7217)
| film B (2160p HDR source) 1920x1024 | 46.88 dB/99492 B, 48.04 dB/218354 B, 49.05 dB/511898 B, 50.11 dB/1418271 B | +137.4% | +38.6% | 231.4s:69.1s:55.8s |
ok

test result: ok. 1 passed; 0 failed; 0 ignored; 0 measured; 591 filtered out; finished in 739.12s

RC=0
