
running 1 test
test encode::tests::bd_rate_film_long_gop ... 
native crop, 48 frames, gop=48; tiles (0, 0), tile threads 1, intrabc false, palette maxcolors 128
| clip | ours PSNR/bytes per point | BD-rate vs libaom | BD-rate vs rav1e | wall ours:libaom:rav1e (noisy) |
|---|---|---|---|---|
film A (1080p source): sequence, pyramid requested Some(Pyramid { mini_gop: 8, arf_q_offset: -32, leaf_q_offset: 16, mid_q_offset: Some(-8), key_q_offset: -32 }) effective Some(Pyramid { mini_gop: 8, arf_q_offset: -32, leaf_q_offset: 16, mid_q_offset: Some(-8), key_q_offset: -32 })
film A (1080p source): pricer armings default=20 real=900
film A (1080p source): motion_mode 32x32 SIMPLE=157905 OBMC=0 WARP=5811 | 16x16 SIMPLE=75304 OBMC=0 WARP=8342 | 8x8 SIMPLE=25690 OBMC=0 WARP=4263 (0.0% OBMC / 6.6% WARP of 277315 eligible)
film A (1080p source): inter var-tx depths of 352223 blocks -- leaf single 0=52908 1=10202 (16.2% split) | leaf compound 0=135131 1=32162 (19.2% split) | 32x32 single 0=25591 1=19805 (43.6% split) | 32x32 compound 0=44189 1=32235 (42.2% split)
film A (1080p source): screen frames on=0 off=4 (0.0% on); palette blocks luma 0 chroma 0; intrabc blocks 0 (searched 0 / valid 0 / won 0)
film A (1080p source): filter intra on=true blocks 123889 (modes DC=29740 V=18656 H=23015 D157=35048 PAETH=17430)
| film A (1080p source) 1920x768 | 44.09 dB/212443 B, 45.84 dB/381156 B, 47.03 dB/660057 B, 48.16 dB/1474549 B | +45.3% | +6.7% | 248.9s:33.4s:52.9s |
film B (2160p HDR source): sequence, pyramid requested Some(Pyramid { mini_gop: 8, arf_q_offset: -32, leaf_q_offset: 16, mid_q_offset: Some(-8), key_q_offset: -32 }) effective Some(Pyramid { mini_gop: 8, arf_q_offset: -32, leaf_q_offset: 16, mid_q_offset: Some(-8), key_q_offset: -32 })
film B (2160p HDR source): pricer armings default=20 real=813
film B (2160p HDR source): motion_mode 32x32 SIMPLE=208662 OBMC=0 WARP=4590 | 16x16 SIMPLE=59592 OBMC=0 WARP=4154 | 8x8 SIMPLE=14008 OBMC=0 WARP=2468 (0.0% OBMC / 3.8% WARP of 293474 eligible)
film B (2160p HDR source): inter var-tx depths of 307893 blocks -- leaf single 0=50830 1=11330 (18.2% split) | leaf compound 0=103567 1=23825 (18.7% split) | 32x32 single 0=29539 1=28671 (49.3% split) | 32x32 compound 0=31379 1=28752 (47.8% split)
film B (2160p HDR source): screen frames on=0 off=4 (0.0% on); palette blocks luma 0 chroma 0; intrabc blocks 0 (searched 0 / valid 0 / won 0)
film B (2160p HDR source): filter intra on=true blocks 81403 (modes DC=20633 V=11757 H=11943 D157=28698 PAETH=8372)
| film B (2160p HDR source) 1920x1024 | 46.62 dB/86349 B, 47.91 dB/195052 B, 48.91 dB/441277 B, 49.96 dB/1122966 B | +132.8% | +36.8% | 223.9s:68.0s:53.1s |
ok

test result: ok. 1 passed; 0 failed; 0 ignored; 0 measured; 590 filtered out; finished in 694.70s

RC=0
