
running 1 test
test encode::tests::bd_rate_film_long_gop ... 
native crop, 48 frames, gop=48; tiles (0, 0), tile threads 1, intrabc false, palette maxcolors 128
| clip | ours PSNR/bytes per point | BD-rate vs libaom | BD-rate vs rav1e | wall ours:libaom:rav1e (noisy) |
|---|---|---|---|---|
film A (1080p source): sequence, pyramid requested Some(Pyramid { mini_gop: 8, arf_q_offset: -32, leaf_q_offset: 16, mid_q_offset: Some(-8), key_q_offset: -64 }) effective Some(Pyramid { mini_gop: 8, arf_q_offset: -32, leaf_q_offset: 16, mid_q_offset: Some(-8), key_q_offset: -64 })
film A (1080p source): pricer armings default=19 real=901
film A (1080p source): motion_mode 32x32 SIMPLE=156788 OBMC=0 WARP=6042 | 16x16 SIMPLE=73796 OBMC=0 WARP=8240 | 8x8 SIMPLE=22950 OBMC=0 WARP=3907 (0.0% OBMC / 6.7% WARP of 271723 eligible)
film A (1080p source): inter var-tx depths of 344815 blocks -- leaf single 0=51397 1=9109 (15.1% split) | leaf compound 0=135547 1=29740 (18.0% split) | 32x32 single 0=24144 1=19125 (44.2% split) | 32x32 compound 0=43395 1=32358 (42.7% split)
film A (1080p source): screen frames on=0 off=4 (0.0% on); palette blocks luma 0 chroma 0; intrabc blocks 0 (searched 0 / valid 0 / won 0)
film A (1080p source): filter intra on=true blocks 107484 (modes DC=26277 V=15386 H=20477 D157=30052 PAETH=15292)
| film A (1080p source) 1920x768 | 44.40 dB/223528 B, 45.98 dB/391417 B, 47.16 dB/719141 B, 48.36 dB/1951267 B | +44.9% | +3.8% | 250.7s:34.6s:55.5s |
film B (2160p HDR source): sequence, pyramid requested Some(Pyramid { mini_gop: 8, arf_q_offset: -32, leaf_q_offset: 16, mid_q_offset: Some(-8), key_q_offset: -64 }) effective Some(Pyramid { mini_gop: 8, arf_q_offset: -32, leaf_q_offset: 16, mid_q_offset: Some(-8), key_q_offset: -64 })
film B (2160p HDR source): pricer armings default=19 real=811
film B (2160p HDR source): motion_mode 32x32 SIMPLE=205582 OBMC=0 WARP=4303 | 16x16 SIMPLE=57776 OBMC=0 WARP=4304 | 8x8 SIMPLE=12586 OBMC=0 WARP=2595 (0.0% OBMC / 3.9% WARP of 287146 eligible)
film B (2160p HDR source): inter var-tx depths of 303246 blocks -- leaf single 0=50230 1=10512 (17.3% split) | leaf compound 0=105320 1=21773 (17.1% split) | 32x32 single 0=27454 1=26179 (48.8% split) | 32x32 compound 0=32953 1=28825 (46.7% split)
film B (2160p HDR source): screen frames on=0 off=4 (0.0% on); palette blocks luma 0 chroma 0; intrabc blocks 0 (searched 0 / valid 0 / won 0)
film B (2160p HDR source): filter intra on=true blocks 70346 (modes DC=17927 V=9951 H=10291 D157=24583 PAETH=7594)
| film B (2160p HDR source) 1920x1024 | 46.80 dB/96939 B, 47.98 dB/205969 B, 48.99 dB/479844 B, 50.17 dB/1699601 B | +140.7% | +37.5% | 228.7s:80.4s:57.6s |
ok

test result: ok. 1 passed; 0 failed; 0 ignored; 0 measured; 591 filtered out; finished in 723.87s

RC=0
