
running 1 test
test encode::tests::bd_rate_film_long_gop ... 
native crop, 48 frames, gop=48; tiles (0, 0), tile threads 1, intrabc false, palette maxcolors 128
| clip | ours PSNR/bytes per point | BD-rate vs libaom | BD-rate vs rav1e | wall ours:libaom:rav1e (noisy) |
|---|---|---|---|---|
film A (1080p source): sequence, pyramid requested Some(Pyramid { mini_gop: 8, arf_q_offset: -24, leaf_q_offset: 12, mid_q_offset: Some(-8), key_q_offset: -48 }) effective Some(Pyramid { mini_gop: 8, arf_q_offset: -24, leaf_q_offset: 12, mid_q_offset: Some(-8), key_q_offset: -48 })
film A (1080p source): pricer armings default=20 real=913
film A (1080p source): motion_mode 32x32 SIMPLE=162366 OBMC=0 WARP=6061 | 16x16 SIMPLE=82642 OBMC=0 WARP=9095 | 8x8 SIMPLE=25966 OBMC=0 WARP=4106 (0.0% OBMC / 6.6% WARP of 290236 eligible)
film A (1080p source): inter var-tx depths of 384343 blocks -- leaf single 0=56973 1=10711 (15.8% split) | leaf compound 0=150922 1=36478 (19.5% split) | 32x32 single 0=27665 1=20922 (43.1% split) | 32x32 compound 0=46306 1=34366 (42.6% split)
film A (1080p source): screen frames on=0 off=4 (0.0% on); palette blocks luma 0 chroma 0; intrabc blocks 0 (searched 0 / valid 0 / won 0)
film A (1080p source): filter intra on=true blocks 104252 (modes DC=25448 V=14538 H=20315 D157=29680 PAETH=14271)
| film A (1080p source) 1920x768 | 44.14 dB/207793 B, 45.85 dB/376091 B, 47.02 dB/671554 B, 48.15 dB/1478507 B | +44.5% | +5.2% | 261.3s:36.1s:55.3s |
film B (2160p HDR source): sequence, pyramid requested Some(Pyramid { mini_gop: 8, arf_q_offset: -24, leaf_q_offset: 12, mid_q_offset: Some(-8), key_q_offset: -48 }) effective Some(Pyramid { mini_gop: 8, arf_q_offset: -24, leaf_q_offset: 12, mid_q_offset: Some(-8), key_q_offset: -48 })
film B (2160p HDR source): pricer armings default=20 real=814
film B (2160p HDR source): motion_mode 32x32 SIMPLE=210304 OBMC=0 WARP=4541 | 16x16 SIMPLE=66531 OBMC=0 WARP=4223 | 8x8 SIMPLE=14047 OBMC=0 WARP=2106 (0.0% OBMC / 3.6% WARP of 301752 eligible)
film B (2160p HDR source): inter var-tx depths of 340062 blocks -- leaf single 0=55449 1=12448 (18.3% split) | leaf compound 0=117477 1=26746 (18.5% split) | 32x32 single 0=33508 1=28444 (45.9% split) | 32x32 compound 0=35737 1=30253 (45.8% split)
film B (2160p HDR source): screen frames on=0 off=4 (0.0% on); palette blocks luma 0 chroma 0; intrabc blocks 0 (searched 0 / valid 0 / won 0)
film B (2160p HDR source): filter intra on=true blocks 62472 (modes DC=17180 V=8122 H=8952 D157=22014 PAETH=6204)
| film B (2160p HDR source) 1920x1024 | 46.55 dB/79734 B, 47.90 dB/187268 B, 48.92 dB/440313 B, 49.96 dB/1146169 B | +128.6% | +33.3% | 233.6s:68.4s:50.0s |
ok

test result: ok. 1 passed; 0 failed; 0 ignored; 0 measured; 593 filtered out; finished in 719.98s

RC=0
