q=150 bytes=60466 fnv1a=ccdadb3406a323e2
wall 15.880s
RC1=0
# syntax census of /home/tahinli/.cache/arfq/ours-q150.obu (60466 bytes)

| frame | kind | q | bytes | lf | cdef bits/y/uv | lr | dq | seg |
|---|---|---|---|---|---|---|---|---|
| 0 | key | 102 | 15160 | 22/22 | 3/8/8 | [1, 0, 0] | 0 | 0 |
| 1 | arf | 118 | 5389 | 25/25 | 1/8/2 | [0, 0, 0] | 0 | 0 |
| 2 | arf | 142 | 2108 | 25/25 | 0/8/2 | [0, 0, 0] | 0 | 0 |
| 3 | leaf | 162 | 19 | 2/2 | 0/0/0 | [0, 0, 0] | 0 | 0 |
| 4 | leaf | 162 | 528 | 23/23 | 0/8/2 | [1, 0, 0] | 0 | 0 |
| 5 | leaf | 162 | 526 | 26/26 | 0/8/2 | [0, 0, 0] | 0 | 0 |
| 6 | leaf | 162 | 409 | 33/33 | 0/8/4 | [0, 0, 0] | 0 | 0 |
| 7 | leaf | 162 | 723 | 33/33 | 0/8/2 | [1, 0, 0] | 0 | 0 |
| 8 | leaf | 162 | 563 | 33/33 | 0/8/8 | [0, 0, 0] | 0 | 0 |
| 9 | arf | 118 | 5260 | 26/26 | 0/8/8 | [1, 0, 0] | 0 | 0 |
| 10 | arf | 142 | 829 | 26/26 | 0/4/2 | [0, 0, 0] | 0 | 0 |
| 11 | leaf | 162 | 224 | 26/26 | 0/8/4 | [1, 0, 0] | 0 | 0 |
| 12 | leaf | 162 | 233 | 22/22 | 0/2/1 | [0, 0, 0] | 0 | 0 |
| 13 | leaf | 162 | 260 | 10/10 | 0/8/2 | [1, 0, 0] | 0 | 0 |
| 14 | leaf | 162 | 194 | 17/17 | 0/8/1 | [0, 0, 0] | 0 | 0 |
| 15 | leaf | 162 | 209 | 17/17 | 0/8/1 | [0, 0, 0] | 0 | 0 |
| 16 | leaf | 162 | 227 | 22/22 | 0/2/4 | [0, 0, 0] | 0 | 0 |
| 17 | arf | 118 | 6003 | 26/26 | 2/8/2 | [1, 0, 0] | 0 | 0 |
| 18 | arf | 142 | 1344 | 25/25 | 0/4/1 | [1, 0, 0] | 0 | 0 |
| 19 | leaf | 162 | 119 | 9/9 | 0/4/1 | [1, 0, 0] | 0 | 0 |
| 20 | leaf | 162 | 225 | 26/26 | 0/4/1 | [1, 0, 0] | 0 | 0 |
| 21 | leaf | 162 | 358 | 25/25 | 0/8/2 | [1, 0, 0] | 0 | 0 |
| 22 | leaf | 162 | 241 | 17/17 | 0/4/4 | [0, 0, 0] | 0 | 0 |
| 23 | leaf | 162 | 365 | 22/22 | 0/4/1 | [0, 0, 0] | 0 | 0 |
| 24 | leaf | 162 | 330 | 17/17 | 0/4/8 | [0, 0, 0] | 0 | 0 |
| 25 | arf | 118 | 3029 | 18/18 | 1/4/2 | [1, 0, 0] | 0 | 0 |
| 26 | arf | 142 | 700 | 26/26 | 0/2/2 | [0, 0, 0] | 0 | 0 |
| 27 | leaf | 162 | 170 | 25/25 | 0/8/2 | [1, 0, 0] | 0 | 0 |
| 28 | leaf | 162 | 196 | 10/10 | 0/8/2 | [0, 0, 0] | 0 | 0 |
| 29 | leaf | 162 | 187 | 26/26 | 0/4/2 | [0, 0, 0] | 0 | 0 |
| 30 | leaf | 162 | 128 | 22/22 | 0/0/0 | [0, 0, 0] | 0 | 0 |
| 31 | leaf | 162 | 175 | 7/7 | 0/4/2 | [0, 0, 0] | 0 | 0 |
| 32 | leaf | 162 | 220 | 22/22 | 0/8/1 | [0, 0, 0] | 0 | 0 |
| 33 | arf | 118 | 4488 | 23/23 | 1/4/2 | [1, 0, 0] | 0 | 0 |
| 34 | arf | 142 | 673 | 10/10 | 0/0/2 | [1, 0, 0] | 0 | 0 |
| 35 | leaf | 162 | 151 | 9/9 | 0/4/8 | [0, 0, 0] | 0 | 0 |
| 36 | leaf | 162 | 115 | 9/9 | 0/8/4 | [0, 0, 0] | 0 | 0 |
| 37 | leaf | 162 | 186 | 23/23 | 0/2/4 | [0, 0, 0] | 0 | 0 |
| 38 | leaf | 162 | 114 | 9/9 | 0/8/4 | [0, 0, 0] | 0 | 0 |
| 39 | leaf | 162 | 138 | 17/17 | 0/8/4 | [0, 0, 0] | 0 | 0 |
| 40 | leaf | 162 | 211 | 6/6 | 0/4/1 | [0, 0, 0] | 0 | 0 |
| 41 | arf | 118 | 5062 | 26/26 | 1/4/2 | [1, 0, 0] | 0 | 0 |
| 42 | arf | 142 | 628 | 15/15 | 0/2/2 | [1, 0, 0] | 0 | 0 |
| 43 | leaf | 162 | 138 | 10/10 | 0/2/1 | [0, 0, 0] | 0 | 0 |
| 44 | leaf | 162 | 180 | 23/23 | 0/4/1 | [0, 0, 0] | 0 | 0 |
| 45 | leaf | 162 | 141 | 10/10 | 0/4/1 | [1, 0, 0] | 0 | 0 |
| 46 | leaf | 162 | 210 | 10/10 | 0/2/2 | [0, 0, 0] | 0 | 0 |
| 47 | leaf | 162 | 234 | 25/25 | 0/2/2 | [0, 0, 0] | 0 | 0 |

PSNR-Y display order (48 pictures): 0:48.42 1:48.42 2:46.06 3:46.01 4:46.55 5:46.54 6:46.02 7:46.29 8:46.95 9:46.87 10:46.32 11:46.84 12:47.45 13:46.64 14:45.82 15:46.51 16:46.91 17:46.76 18:46.21 19:46.66 20:46.88 21:46.44 22:45.61 23:45.77 24:46.42 25:46.66 26:45.58 27:46.54 28:47.21 29:46.84 30:47.07 31:46.85 32:47.54 33:46.74 34:46.55 35:45.74 36:46.71 37:46.01 38:46.23 39:45.81 40:47.05 41:45.95 42:46.24 43:46.04 44:46.13 45:45.78 46:46.20 47:46.38
PSNR-Y mean 46.525 dB over 48 pictures

== key (1 frames, 15160 bytes) ==
  area: intra 100.0% single-ref 0.0% compound 0.0% | skip 0.0%
  refs (area): INTRA 100.0%
  single-ref modes: NEW 0.0% GLOBAL 0.0% NEAREST 0.0% NEAR 0.0% (of 0)
  coded mv |max| (1/8 pel): 0 0.0% <=8 0.0% <=32 0.0% <=128 0.0% <=512 0.0% >512 0.0% (of 0)
  blocks (2436 total): 32x32 71.8%  16x16 28.2%
  published luma tx (2436): 32x32 67.4%  16x16 26.5%  8x8 5.7%  4x4 0.4%
  tx_type symbols (792): set6/1 100.0%
  bits by family (census total 121271 bits vs 121280 payload bits):
    coeff             78625 bits   64.8%  (82563 symbols)
    literal           24703 bits   20.4%  (24703 symbols)
    mode              15050 bits   12.4%  (10675 symbols)
    partition          1065 bits    0.9%  (3088 symbols)
    txsize             1155 bits    1.0%  (2436 symbols)
    txtype              673 bits    0.6%  (792 symbols)
    top tables: base_luma_32 32.4%  literal 20.4%  base_luma_16 8.2%  br_luma_32 6.1%  uv_mode_cfl 4.8%  kf_y_mode 4.6%  eob_pt_1024_luma 3.5%  txb_skip_chroma_16 2.2%

== arf (12 frames, 35513 bytes) ==
  area: intra 2.7% single-ref 91.6% compound 5.7% | skip 74.6%
  refs (area): INTRA 2.7%  LAST 94.6%  GOLDEN 2.4%  ALTREF 0.3%
  single-ref modes: NEW 28.0% GLOBAL 2.5% NEAREST 52.3% NEAR 17.2% (of 8093)
  coded mv |max| (1/8 pel): 0 0.0% <=8 9.7% <=32 16.1% <=128 59.1% <=512 15.1% >512 0.0% (of 3055)
  blocks (11772 total): 64x64 39.1%  32x32 33.7%  16x16 20.8%  8x8 6.4%
  published luma tx (11772): 64x64 39.1%  32x32 33.7%  16x16 20.8%  8x8 5.9%  4x4 0.5%
  tx_type symbols (6210): set3/1 77.6%  set6/1 22.4%
  bits by family (census total 283926 bits vs 284104 payload bits):
    coeff            150701 bits   53.1%  (239499 symbols)
    literal           45729 bits   16.1%  (45729 symbols)
    mode              49775 bits   17.5%  (107354 symbols)
    mv                25449 bits    9.0%  (20764 symbols)
    partition         10059 bits    3.5%  (22610 symbols)
    txsize             1188 bits    0.4%  (1883 symbols)
    txtype             1024 bits    0.4%  (6210 symbols)
    top tables: base_luma_32 20.4%  literal 16.1%  base_luma_16 11.1%  mv_comp 7.3%  base_luma_64 4.4%  eob_pt_256_luma 3.2%  skip 2.6%  eob_pt_1024_luma 2.5%

== leaf (35 frames, 8647 bytes) ==
  area: intra 0.1% single-ref 98.8% compound 1.1% | skip 96.3%
  refs (area): INTRA 0.1%  LAST 99.8%  GOLDEN 0.0%  ALTREF 0.1%
  single-ref modes: NEW 9.7% GLOBAL 1.5% NEAREST 74.1% NEAR 14.6% (of 17084)
  coded mv |max| (1/8 pel): 0 0.0% <=8 22.0% <=32 58.0% <=128 19.4% <=512 0.5% >512 0.0% (of 1978)
  blocks (18126 total): 64x64 90.8%  32x32 6.9%  16x16 2.2%  8x8 0.1%
  published luma tx (18126): 64x64 90.8%  32x32 6.9%  16x16 2.2%  8x8 0.1%  4x4 0.0%
  tx_type symbols (570): set3/1 90.0%  set6/1 10.0%
  bits by family (census total 68637 bits vs 69176 payload bits):
    coeff             15205 bits   22.2%  (26696 symbols)
    literal            4829 bits    7.0%  (4829 symbols)
    mode              32788 bits   47.8%  (182425 symbols)
    mv                12586 bits   18.3%  (11685 symbols)
    partition          3090 bits    4.5%  (20130 symbols)
    txsize               53 bits    0.1%  (90 symbols)
    txtype               86 bits    0.1%  (570 symbols)
    top tables: mv_comp 13.8%  ref_mv 13.5%  new_mv 10.1%  base_luma_64 8.3%  literal 7.0%  skip 6.8%  mv_joint 4.5%  comp_mode 4.3%

== ALL (48 frames, 59320 bytes) ==
  area: intra 2.8% single-ref 95.0% compound 2.2% | skip 88.9%
  refs (area): INTRA 2.8%  LAST 96.4%  GOLDEN 0.6%  ALTREF 0.2%
  single-ref modes: NEW 15.6% GLOBAL 1.9% NEAREST 67.1% NEAR 15.4% (of 25177)
  coded mv |max| (1/8 pel): 0 0.0% <=8 14.5% <=32 32.6% <=128 43.5% <=512 9.3% >512 0.0% (of 5033)
  blocks (32334 total): 64x64 65.2%  32x32 21.5%  16x16 10.9%  8x8 2.4%
  published luma tx (32334): 64x64 65.2%  32x32 21.2%  16x16 10.8%  8x8 2.6%  4x4 0.2%
  tx_type symbols (7572): set3/1 70.4%  set6/1 29.6%
  bits by family (census total 473834 bits vs 474560 payload bits):
    coeff            244532 bits   51.6%  (348758 symbols)
    literal           75261 bits   15.9%  (75261 symbols)
    mode              97613 bits   20.6%  (300454 symbols)
    mv                38035 bits    8.0%  (32449 symbols)
    partition         14214 bits    3.0%  (45828 symbols)
    txsize             2396 bits    0.5%  (4409 symbols)
    txtype             1783 bits    0.4%  (7572 symbols)
    top tables: base_luma_32 20.9%  literal 15.9%  base_luma_16 9.0%  mv_comp 6.4%  base_luma_64 3.8%  eob_pt_1024_luma 2.9%  ref_mv 2.8%  new_mv 2.8%

coverage: censused block area 5898240 of 5898240 mi (100.00%)
RC2=0
