
running 1 test
test encode::tests::bd_rate_film_long_gop ... 
native crop, 48 frames, gop=48; tiles (0, 0), tile threads 1, intrabc false, palette maxcolors 128
| clip | ours PSNR/bytes per point | BD-rate vs libaom | BD-rate vs rav1e | wall ours:libaom:rav1e (noisy) |
|---|---|---|---|---|
film A (1080p source): sequence, pyramid requested Some(Pyramid { mini_gop: 8, arf_q_offset: -32, leaf_q_offset: 24, mid_q_offset: Some(-8), key_q_offset: -48 }) effective Some(Pyramid { mini_gop: 8, arf_q_offset: -32, leaf_q_offset: 24, mid_q_offset: Some(-8), key_q_offset: -48 })
film A (1080p source): pricer armings default=20 real=893
film A (1080p source): motion_mode 32x32 SIMPLE=157926 OBMC=0 WARP=5480 | 16x16 SIMPLE=66924 OBMC=0 WARP=7964 | 8x8 SIMPLE=21604 OBMC=0 WARP=3652 (0.0% OBMC / 6.5% WARP of 263550 eligible)
film A (1080p source): inter var-tx depths of 305683 blocks -- leaf single 0=44548 1=8658 (16.3% split) | leaf compound 0=116481 1=26525 (18.5% split) | 32x32 single 0=23342 1=17270 (42.5% split) | 32x32 compound 0=40679 1=28180 (40.9% split)
film A (1080p source): screen frames on=0 off=4 (0.0% on); palette blocks luma 0 chroma 0; intrabc blocks 0 (searched 0 / valid 0 / won 0)
film A (1080p source): filter intra on=true blocks 103920 (modes DC=25189 V=15312 H=20012 D157=29035 PAETH=14372)
| film A (1080p source) 1920x768 | 44.03 dB/204786 B, 45.75 dB/363766 B, 46.98 dB/640908 B, 48.12 dB/1512624 B | +45.6% | +5.6% | 227.6s:32.7s:52.6s |
film B (2160p HDR source): sequence, pyramid requested Some(Pyramid { mini_gop: 8, arf_q_offset: -32, leaf_q_offset: 24, mid_q_offset: Some(-8), key_q_offset: -48 }) effective Some(Pyramid { mini_gop: 8, arf_q_offset: -32, leaf_q_offset: 24, mid_q_offset: Some(-8), key_q_offset: -48 })
film B (2160p HDR source): pricer armings default=20 real=797
film B (2160p HDR source): motion_mode 32x32 SIMPLE=201246 OBMC=0 WARP=4134 | 16x16 SIMPLE=51883 OBMC=0 WARP=4078 | 8x8 SIMPLE=13422 OBMC=0 WARP=2078 (0.0% OBMC / 3.7% WARP of 276841 eligible)
film B (2160p HDR source): inter var-tx depths of 263986 blocks -- leaf single 0=43154 1=10059 (18.9% split) | leaf compound 0=87699 1=19967 (18.5% split) | 32x32 single 0=25529 1=23469 (47.9% split) | 32x32 compound 0=29444 1=24665 (45.6% split)
film B (2160p HDR source): screen frames on=0 off=4 (0.0% on); palette blocks luma 0 chroma 0; intrabc blocks 0 (searched 0 / valid 0 / won 0)
film B (2160p HDR source): filter intra on=true blocks 65747 (modes DC=17161 V=9063 H=9653 D157=23288 PAETH=6582)
| film B (2160p HDR source) 1920x1024 | 46.64 dB/86897 B, 47.85 dB/190869 B, 48.84 dB/423059 B, 49.89 dB/1137486 B | +138.8% | +38.4% | 229.9s:78.5s:52.4s |
ok

test result: ok. 1 passed; 0 failed; 0 ignored; 0 measured; 593 filtered out; finished in 688.62s

RC=0
