
running 1 test
test encode::tests::bd_rate_film_long_gop ... 
native crop, 48 frames, gop=48; tiles (0, 0), tile threads 1, intrabc false, palette maxcolors 128
| clip | ours PSNR/bytes per point | BD-rate vs libaom | BD-rate vs rav1e | wall ours:libaom:rav1e (noisy) |
|---|---|---|---|---|
film A (1080p source): sequence, pyramid requested Some(Pyramid { mini_gop: 8, arf_q_offset: -32, leaf_q_offset: 12, mid_q_offset: Some(-8), key_q_offset: -48 }) effective Some(Pyramid { mini_gop: 8, arf_q_offset: -32, leaf_q_offset: 12, mid_q_offset: Some(-8), key_q_offset: -48 })
film A (1080p source): pricer armings default=20 real=919
film A (1080p source): motion_mode 32x32 SIMPLE=161930 OBMC=0 WARP=5530 | 16x16 SIMPLE=80152 OBMC=0 WARP=8909 | 8x8 SIMPLE=24317 OBMC=0 WARP=3976 (0.0% OBMC / 6.5% WARP of 284814 eligible)
film A (1080p source): inter var-tx depths of 372486 blocks -- leaf single 0=54006 1=10881 (16.8% split) | leaf compound 0=146057 1=35490 (19.5% split) | 32x32 single 0=26503 1=19817 (42.8% split) | 32x32 compound 0=45729 1=34003 (42.6% split)
film A (1080p source): screen frames on=0 off=4 (0.0% on); palette blocks luma 0 chroma 0; intrabc blocks 0 (searched 0 / valid 0 / won 0)
film A (1080p source): filter intra on=true blocks 111911 (modes DC=27401 V=16305 H=21553 D157=31194 PAETH=15458)
| film A (1080p source) 1920x768 | 44.34 dB/221221 B, 45.97 dB/394851 B, 47.15 dB/707839 B, 48.27 dB/1637237 B | +43.1% | +4.6% | 259.0s:32.8s:54.6s |
film B (2160p HDR source): sequence, pyramid requested Some(Pyramid { mini_gop: 8, arf_q_offset: -32, leaf_q_offset: 12, mid_q_offset: Some(-8), key_q_offset: -48 }) effective Some(Pyramid { mini_gop: 8, arf_q_offset: -32, leaf_q_offset: 12, mid_q_offset: Some(-8), key_q_offset: -48 })
film B (2160p HDR source): pricer armings default=20 real=818
film B (2160p HDR source): motion_mode 32x32 SIMPLE=211082 OBMC=0 WARP=4508 | 16x16 SIMPLE=63954 OBMC=0 WARP=4476 | 8x8 SIMPLE=14848 OBMC=0 WARP=2268 (0.0% OBMC / 3.7% WARP of 301136 eligible)
film B (2160p HDR source): inter var-tx depths of 328346 blocks -- leaf single 0=52993 1=12352 (18.9% split) | leaf compound 0=113081 1=26109 (18.8% split) | 32x32 single 0=31518 1=28025 (47.1% split) | 32x32 compound 0=34853 1=29415 (45.8% split)
film B (2160p HDR source): screen frames on=0 off=4 (0.0% on); palette blocks luma 0 chroma 0; intrabc blocks 0 (searched 0 / valid 0 / won 0)
film B (2160p HDR source): filter intra on=true blocks 72959 (modes DC=18937 V=10072 H=10657 D157=25972 PAETH=7321)
| film B (2160p HDR source) 1920x1024 | 46.76 dB/90674 B, 47.99 dB/203731 B, 49.01 dB/479686 B, 50.06 dB/1261714 B | +129.0% | +34.3% | 267.6s:72.3s:51.5s |
ok

test result: ok. 1 passed; 0 failed; 0 ignored; 0 measured; 593 filtered out; finished in 756.41s

RC=0
