
running 1 test
test encode::tests::bd_rate_film_long_gop ... 
native crop, 48 frames, gop=48; tiles (0, 0), tile threads 1, intrabc false, palette maxcolors 128
| clip | ours PSNR/bytes per point | BD-rate vs libaom | BD-rate vs rav1e | wall ours:libaom:rav1e (noisy) |
|---|---|---|---|---|
film A (1080p source): sequence, pyramid requested Some(Pyramid { mini_gop: 8, arf_q_offset: -32, leaf_q_offset: 12, mid_q_offset: Some(-16), key_q_offset: -48 }) effective Some(Pyramid { mini_gop: 8, arf_q_offset: -32, leaf_q_offset: 12, mid_q_offset: Some(-16), key_q_offset: -48 })
film A (1080p source): pricer armings default=20 real=907
film A (1080p source): motion_mode 32x32 SIMPLE=154232 OBMC=0 WARP=5525 | 16x16 SIMPLE=79940 OBMC=0 WARP=8856 | 8x8 SIMPLE=27777 OBMC=0 WARP=4151 (0.0% OBMC / 6.6% WARP of 280481 eligible)
film A (1080p source): inter var-tx depths of 376470 blocks -- leaf single 0=54123 1=10770 (16.6% split) | leaf compound 0=149436 1=36195 (19.5% split) | 32x32 single 0=26117 1=19579 (42.8% split) | 32x32 compound 0=46027 1=34223 (42.6% split)
film A (1080p source): screen frames on=0 off=4 (0.0% on); palette blocks luma 0 chroma 0; intrabc blocks 0 (searched 0 / valid 0 / won 0)
film A (1080p source): filter intra on=true blocks 118455 (modes DC=28731 V=17354 H=22388 D157=33610 PAETH=16372)
| film A (1080p source) 1920x768 | 44.40 dB/227277 B, 46.01 dB/406489 B, 47.18 dB/725324 B, 48.33 dB/1716555 B | +44.0% | +5.6% | 315.7s:33.7s:59.2s |
film B (2160p HDR source): sequence, pyramid requested Some(Pyramid { mini_gop: 8, arf_q_offset: -32, leaf_q_offset: 12, mid_q_offset: Some(-16), key_q_offset: -48 }) effective Some(Pyramid { mini_gop: 8, arf_q_offset: -32, leaf_q_offset: 12, mid_q_offset: Some(-16), key_q_offset: -48 })
film B (2160p HDR source): pricer armings default=20 real=820
film B (2160p HDR source): motion_mode 32x32 SIMPLE=210642 OBMC=0 WARP=4454 | 16x16 SIMPLE=65569 OBMC=0 WARP=4336 | 8x8 SIMPLE=16158 OBMC=0 WARP=2494 (0.0% OBMC / 3.7% WARP of 303653 eligible)
film B (2160p HDR source): inter var-tx depths of 336201 blocks -- leaf single 0=53792 1=12417 (18.8% split) | leaf compound 0=118410 1=27016 (18.6% split) | 32x32 single 0=31677 1=28100 (47.0% split) | 32x32 compound 0=35320 1=29469 (45.5% split)
film B (2160p HDR source): screen frames on=0 off=4 (0.0% on); palette blocks luma 0 chroma 0; intrabc blocks 0 (searched 0 / valid 0 / won 0)
film B (2160p HDR source): filter intra on=true blocks 75510 (modes DC=19694 V=10490 H=10940 D157=26671 PAETH=7715)
| film B (2160p HDR source) 1920x1024 | 46.83 dB/94237 B, 48.05 dB/213169 B, 49.05 dB/495640 B, 50.12 dB/1315955 B | +127.7% | +34.1% | 247.3s:68.6s:49.6s |
ok

test result: ok. 1 passed; 0 failed; 0 ignored; 0 measured; 593 filtered out; finished in 789.99s

RC=0
