
running 1 test
test encode::tests::bd_rate_film_long_gop ... 
native crop, 48 frames, gop=48; tiles (0, 0), tile threads 1, intrabc false, palette maxcolors 128
| clip | ours PSNR/bytes per point | BD-rate vs libaom | BD-rate vs rav1e | wall ours:libaom:rav1e (noisy) |
|---|---|---|---|---|
film A (1080p source): sequence, pyramid requested Some(Pyramid { mini_gop: 8, arf_q_offset: -32, leaf_q_offset: 12, mid_q_offset: Some(-12), key_q_offset: -48 }) effective Some(Pyramid { mini_gop: 8, arf_q_offset: -32, leaf_q_offset: 12, mid_q_offset: Some(-12), key_q_offset: -48 })
film A (1080p source): pricer armings default=20 real=910
film A (1080p source): motion_mode 32x32 SIMPLE=156775 OBMC=0 WARP=5778 | 16x16 SIMPLE=80359 OBMC=0 WARP=8886 | 8x8 SIMPLE=25835 OBMC=0 WARP=4112 (0.0% OBMC / 6.7% WARP of 281745 eligible)
film A (1080p source): inter var-tx depths of 374314 blocks -- leaf single 0=54065 1=10785 (16.6% split) | leaf compound 0=147625 1=36073 (19.6% split) | 32x32 single 0=26345 1=19530 (42.6% split) | 32x32 compound 0=46211 1=33680 (42.2% split)
film A (1080p source): screen frames on=0 off=4 (0.0% on); palette blocks luma 0 chroma 0; intrabc blocks 0 (searched 0 / valid 0 / won 0)
film A (1080p source): filter intra on=true blocks 114202 (modes DC=27614 V=16639 H=21870 D157=32325 PAETH=15754)
| film A (1080p source) 1920x768 | 44.37 dB/224009 B, 45.99 dB/400224 B, 47.17 dB/716124 B, 48.30 dB/1672571 B | +43.4% | +5.0% | 312.9s:33.7s:58.4s |
film B (2160p HDR source): sequence, pyramid requested Some(Pyramid { mini_gop: 8, arf_q_offset: -32, leaf_q_offset: 12, mid_q_offset: Some(-12), key_q_offset: -48 }) effective Some(Pyramid { mini_gop: 8, arf_q_offset: -32, leaf_q_offset: 12, mid_q_offset: Some(-12), key_q_offset: -48 })
film B (2160p HDR source): pricer armings default=20 real=812
film B (2160p HDR source): motion_mode 32x32 SIMPLE=207460 OBMC=0 WARP=4601 | 16x16 SIMPLE=64995 OBMC=0 WARP=4383 | 8x8 SIMPLE=15527 OBMC=0 WARP=2356 (0.0% OBMC / 3.8% WARP of 299322 eligible)
film B (2160p HDR source): inter var-tx depths of 331249 blocks -- leaf single 0=53161 1=12347 (18.8% split) | leaf compound 0=115434 1=26706 (18.8% split) | 32x32 single 0=31360 1=27937 (47.1% split) | 32x32 compound 0=35096 1=29208 (45.4% split)
film B (2160p HDR source): screen frames on=0 off=4 (0.0% on); palette blocks luma 0 chroma 0; intrabc blocks 0 (searched 0 / valid 0 / won 0)
film B (2160p HDR source): filter intra on=true blocks 74173 (modes DC=19453 V=10364 H=10679 D157=26251 PAETH=7426)
| film B (2160p HDR source) 1920x1024 | 46.80 dB/92297 B, 48.02 dB/207730 B, 49.03 dB/487215 B, 50.09 dB/1288062 B | +128.1% | +33.8% | 245.5s:68.5s:49.6s |
ok

test result: ok. 1 passed; 0 failed; 0 ignored; 0 measured; 593 filtered out; finished in 784.79s

RC=0
