
running 1 test
test encode::tests::bd_rate_screen_native ... 
native crop, 12 frames, gop=12; tiles (0, 0), tile threads 1, intrabc false, palette maxcolors 128
| clip | ours PSNR/bytes per point | BD-rate vs libaom | BD-rate vs rav1e | wall ours:libaom:rav1e (noisy) |
|---|---|---|---|---|
bars 1080p: sequence, pyramid requested Some(Pyramid { mini_gop: 8, arf_q_offset: -32, leaf_q_offset: 16, mid_q_offset: Some(-8), key_q_offset: -48 }) effective Some(Pyramid { mini_gop: 8, arf_q_offset: -32, leaf_q_offset: 16, mid_q_offset: Some(-8), key_q_offset: -48 })
bars 1080p: pricer armings default=17 real=180
bars 1080p: motion_mode 32x32 SIMPLE=47185 OBMC=0 WARP=221 | 16x16 SIMPLE=4234 OBMC=0 WARP=315 | 8x8 SIMPLE=15377 OBMC=0 WARP=2343 (0.0% OBMC / 4.1% WARP of 69675 eligible)
bars 1080p: inter var-tx depths of 10971 blocks -- leaf single 0=1687 1=979 (36.7% split) | leaf compound 0=917 1=617 (40.2% split) | 32x32 single 0=782 1=1719 (68.7% split) | 32x32 compound 0=2132 1=2138 (50.1% split)
bars 1080p: screen frames on=0 off=4 (0.0% on); palette blocks luma 0 chroma 0; intrabc blocks 0 (searched 0 / valid 0 / won 0)
bars 1080p: filter intra on=true blocks 27520 (modes DC=6707 V=2819 H=5154 D157=8682 PAETH=4158)
| bars 1080p 1920x1024 | 43.70 dB/208030 B, 47.29 dB/307423 B, 50.66 dB/424002 B, 53.95 dB/575642 B | +2.0% | -14.0% | 32.8s:6.7s:16.6s |
bars 2160p: sequence, pyramid requested Some(Pyramid { mini_gop: 8, arf_q_offset: -32, leaf_q_offset: 16, mid_q_offset: Some(-8), key_q_offset: -48 }) effective Some(Pyramid { mini_gop: 8, arf_q_offset: -32, leaf_q_offset: 16, mid_q_offset: Some(-8), key_q_offset: -48 })
bars 2160p: pricer armings default=14 real=172
bars 2160p: motion_mode 32x32 SIMPLE=40621 OBMC=0 WARP=190 | 16x16 SIMPLE=2981 OBMC=0 WARP=535 | 8x8 SIMPLE=7599 OBMC=0 WARP=402 (0.0% OBMC / 2.2% WARP of 52328 eligible)
bars 2160p: inter var-tx depths of 9103 blocks -- leaf single 0=1196 1=476 (28.5% split) | leaf compound 0=1102 1=261 (19.1% split) | 32x32 single 0=387 1=1273 (76.7% split) | 32x32 compound 0=121 1=4287 (97.3% split)
bars 2160p: screen frames on=0 off=4 (0.0% on); palette blocks luma 0 chroma 0; intrabc blocks 0 (searched 0 / valid 0 / won 0)
bars 2160p: filter intra on=true blocks 12065 (modes DC=3147 V=729 H=2575 D157=3935 PAETH=1679)
| bars 2160p 1920x1024 | 43.24 dB/217281 B, 47.19 dB/330959 B, 50.78 dB/442498 B, 54.24 dB/571747 B | +13.1% | -9.6% | 30.2s:5.9s:16.1s |
film A (1080p source): sequence, pyramid requested Some(Pyramid { mini_gop: 8, arf_q_offset: -32, leaf_q_offset: 16, mid_q_offset: Some(-8), key_q_offset: -48 }) effective Some(Pyramid { mini_gop: 8, arf_q_offset: -32, leaf_q_offset: 16, mid_q_offset: Some(-8), key_q_offset: -48 })
film A (1080p source): pricer armings default=20 real=214
film A (1080p source): motion_mode 32x32 SIMPLE=43008 OBMC=0 WARP=1572 | 16x16 SIMPLE=18874 OBMC=0 WARP=1996 | 8x8 SIMPLE=4402 OBMC=0 WARP=994 (0.0% OBMC / 6.4% WARP of 70846 eligible)
film A (1080p source): inter var-tx depths of 79351 blocks -- leaf single 0=14704 1=2496 (14.5% split) | leaf compound 0=29155 1=5306 (15.4% split) | 32x32 single 0=7015 1=5484 (43.9% split) | 32x32 compound 0=9323 1=5868 (38.6% split)
film A (1080p source): screen frames on=0 off=4 (0.0% on); palette blocks luma 0 chroma 0; intrabc blocks 0 (searched 0 / valid 0 / won 0)
film A (1080p source): filter intra on=true blocks 23554 (modes DC=6107 V=3292 H=4298 D157=6900 PAETH=2957)
| film A (1080p source) 1920x768 | 44.11 dB/73077 B, 45.73 dB/122519 B, 46.97 dB/209413 B, 48.24 dB/505324 B | +38.5% | +8.2% | 57.6s:9.6s:13.8s |
film B (2160p HDR source): sequence, pyramid requested Some(Pyramid { mini_gop: 8, arf_q_offset: -32, leaf_q_offset: 16, mid_q_offset: Some(-8), key_q_offset: -48 }) effective Some(Pyramid { mini_gop: 8, arf_q_offset: -32, leaf_q_offset: 16, mid_q_offset: Some(-8), key_q_offset: -48 })
film B (2160p HDR source): pricer armings default=20 real=188
film B (2160p HDR source): motion_mode 32x32 SIMPLE=50919 OBMC=0 WARP=1276 | 16x16 SIMPLE=12316 OBMC=0 WARP=1087 | 8x8 SIMPLE=1759 OBMC=0 WARP=506 (0.0% OBMC / 4.2% WARP of 67863 eligible)
film B (2160p HDR source): inter var-tx depths of 71248 blocks -- leaf single 0=13703 1=2173 (13.7% split) | leaf compound 0=26014 1=3973 (13.2% split) | 32x32 single 0=7247 1=5782 (44.4% split) | 32x32 compound 0=7507 1=4849 (39.2% split)
film B (2160p HDR source): screen frames on=0 off=4 (0.0% on); palette blocks luma 0 chroma 0; intrabc blocks 0 (searched 0 / valid 0 / won 0)
film B (2160p HDR source): filter intra on=true blocks 16122 (modes DC=4471 V=2211 H=2374 D157=5391 PAETH=1675)
| film B (2160p HDR source) 1920x1024 | 46.60 dB/33452 B, 47.94 dB/67669 B, 49.05 dB/140324 B, 50.21 dB/382782 B | +58.2% | +26.5% | 58.4s:18.8s:14.9s |
screen capture (2026-07-25 02-09-04.mkv): sequence, pyramid requested Some(Pyramid { mini_gop: 8, arf_q_offset: -32, leaf_q_offset: 16, mid_q_offset: Some(-8), key_q_offset: -48 }) effective None
screen capture (2026-07-25 02-09-04.mkv): pricer armings default=155 real=0
screen capture (2026-07-25 02-09-04.mkv): motion_mode 32x32 SIMPLE=23654 OBMC=0 WARP=160 | 16x16 SIMPLE=1322 OBMC=0 WARP=318 | 8x8 SIMPLE=562 OBMC=0 WARP=576 (0.0% OBMC / 4.0% WARP of 26592 eligible)
screen capture (2026-07-25 02-09-04.mkv): inter var-tx depths of 34092 blocks -- leaf single 0=5772 1=7043 (55.0% split) | leaf compound 0=2826 1=2851 (50.2% split) | 32x32 single 0=6059 1=8017 (57.0% split) | 32x32 compound 0=860 1=664 (43.6% split)
screen capture (2026-07-25 02-09-04.mkv): screen frames on=48 off=0 (100.0% on); palette blocks luma 9907 chroma 1109; intrabc blocks 0 (searched 0 / valid 0 / won 0)
screen capture (2026-07-25 02-09-04.mkv): filter intra on=true blocks 8198 (modes DC=98 V=2410 H=5376 D157=223 PAETH=91)
| screen capture (2026-07-25 02-09-04.mkv) 1920x1024 | 45.87 dB/40155 B, 48.55 dB/51325 B, 50.86 dB/63998 B, 53.07 dB/80203 B | +33.4% | -23.8% | 36.8s:8.6s:11.3s |
ok

test result: ok. 1 passed; 0 failed; 0 ignored; 0 measured; 593 filtered out; finished in 351.56s

RC=0
