
running 1 test
test encode::tests::bd_rate_film_long_gop ... 
native crop, 48 frames, gop=48; tiles (0, 0), tile threads 1, intrabc false, palette maxcolors 128
| clip | ours PSNR/bytes per point | BD-rate vs libaom | BD-rate vs rav1e | wall ours:libaom:rav1e (noisy) |
|---|---|---|---|---|
film A (1080p source): sequence, pyramid requested Some(Pyramid { mini_gop: 8, arf_q_offset: -32, leaf_q_offset: 12, mid_q_offset: Some(-8), quarter_q_offset: None, key_q_offset: -48 }) effective Some(Pyramid { mini_gop: 8, arf_q_offset: -32, leaf_q_offset: 12, mid_q_offset: Some(-8), quarter_q_offset: None, key_q_offset: -48 })
film A (1080p source): pricer armings default=20 real=891
film A (1080p source): key 64x64 intra roots 385 of 1440 offered (26.7%), 0 on a superblock the frame edge cuts
film A (1080p source): 64x64 roots 29675 (with a residual 31552, split luma 19271, compound 16073)
film A (1080p source): motion_mode 32x32 SIMPLE=146661 OBMC=0 WARP=6599 | 16x16 SIMPLE=99423 OBMC=0 WARP=9046 | 8x8 SIMPLE=82822 OBMC=0 WARP=9901 (0.0% OBMC / 7.2% WARP of 354452 eligible)
film A (1080p source): inter var-tx depths of 254291 blocks -- leaf single 0=43646 1=6047 (12.2% split) | leaf compound 0=104468 1=17342 (14.2% split) | 32x32 single 0=20990 1=13317 (38.8% split) | 32x32 compound 0=28921 1=19560 (40.3% split)
film A (1080p source): inter tx_type of 1503108 units -- DCT_DCT=1503108 (100.0%)
film A (1080p source): intra tx_type of 16100084 units -- DCT_DCT=16100084 (100.0%)
film A (1080p source): references LAST 239680 LAST2 0 GOLDEN 616 ALTREF 9005 of 249301 inter blocks (LAST2 0.0%)
film A (1080p source): screen frames on=0 off=4 (0.0% on); palette blocks luma 0 chroma 0; intrabc blocks 0 (searched 0 / valid 0 / won 0)
film A (1080p source): filter intra on=true blocks 91478 (modes DC=21785 V=14064 H=17197 D157=25165 PAETH=13267)
| film A (1080p source) 1920x768 | 44.20 dB/190804 B, 45.83 dB/329479 B, 47.03 dB/557934 B, 48.21 dB/1244843 B | +23.5% | -8.0% | 567.2s:35.2s:53.7s |
film B (2160p HDR source): sequence, pyramid requested Some(Pyramid { mini_gop: 8, arf_q_offset: -32, leaf_q_offset: 12, mid_q_offset: Some(-8), quarter_q_offset: None, key_q_offset: -48 }) effective Some(Pyramid { mini_gop: 8, arf_q_offset: -32, leaf_q_offset: 12, mid_q_offset: Some(-8), quarter_q_offset: None, key_q_offset: -48 })
film B (2160p HDR source): pricer armings default=19 real=788
film B (2160p HDR source): key 64x64 intra roots 753 of 1920 offered (39.2%), 0 on a superblock the frame edge cuts
film B (2160p HDR source): 64x64 roots 54078 (with a residual 23059, split luma 14019, compound 28283)
film B (2160p HDR source): motion_mode 32x32 SIMPLE=189614 OBMC=0 WARP=5171 | 16x16 SIMPLE=93032 OBMC=0 WARP=4471 | 8x8 SIMPLE=61728 OBMC=0 WARP=6543 (0.0% OBMC / 4.5% WARP of 360559 eligible)
film B (2160p HDR source): inter var-tx depths of 206583 blocks -- leaf single 0=40171 1=6363 (13.7% split) | leaf compound 0=78684 1=12101 (13.3% split) | 32x32 single 0=19787 1=13601 (40.7% split) | 32x32 compound 0=21408 1=14468 (40.3% split)
film B (2160p HDR source): inter tx_type of 1333632 units -- DCT_DCT=1333632 (100.0%)
film B (2160p HDR source): intra tx_type of 13280456 units -- DCT_DCT=13280456 (100.0%)
film B (2160p HDR source): references LAST 240309 LAST2 0 GOLDEN 3714 ALTREF 12940 of 256963 inter blocks (LAST2 0.0%)
film B (2160p HDR source): screen frames on=0 off=4 (0.0% on); palette blocks luma 0 chroma 0; intrabc blocks 0 (searched 0 / valid 0 / won 0)
film B (2160p HDR source): filter intra on=true blocks 50527 (modes DC=12898 V=7182 H=7813 D157=17106 PAETH=5528)
| film B (2160p HDR source) 1920x1024 | 46.83 dB/76409 B, 47.98 dB/159313 B, 48.90 dB/346678 B, 49.93 dB/948591 B | +85.3% | +6.7% | 426.7s:68.1s:49.5s |
ok

test result: ok. 1 passed; 0 failed; 0 ignored; 0 measured; 629 filtered out; finished in 1226.11s

RC=0
