
running 1 test
test encode::tests::bd_rate_film_long_gop ... 
native crop, 48 frames, gop=48; tiles (0, 0), tile threads 1, intrabc false, palette maxcolors 128
| clip | ours PSNR/bytes per point | BD-rate vs libaom | BD-rate vs rav1e | wall ours:libaom:rav1e (noisy) |
|---|---|---|---|---|
film A (1080p source): sequence, pyramid requested Some(Pyramid { mini_gop: 8, arf_q_offset: -32, leaf_q_offset: 12, mid_q_offset: Some(-8), quarter_q_offset: None, key_q_offset: -48 }) effective Some(Pyramid { mini_gop: 8, arf_q_offset: -32, leaf_q_offset: 12, mid_q_offset: Some(-8), quarter_q_offset: None, key_q_offset: -48 })
film A (1080p source): pricer armings default=20 real=895
film A (1080p source): key 64x64 intra roots 385 of 1440 offered (26.7%), 0 on a superblock the frame edge cuts
film A (1080p source): 64x64 roots 29680 (with a residual 31682, split luma 19322, compound 16261)
film A (1080p source): motion_mode 32x32 SIMPLE=146669 OBMC=0 WARP=7026 | 16x16 SIMPLE=101352 OBMC=0 WARP=8512 | 8x8 SIMPLE=83214 OBMC=0 WARP=9329 (0.0% OBMC / 7.0% WARP of 356102 eligible)
film A (1080p source): inter var-tx depths of 254749 blocks -- leaf single 0=44240 1=6016 (12.0% split) | leaf compound 0=104253 1=17317 (14.2% split) | 32x32 single 0=21091 1=13337 (38.7% split) | 32x32 compound 0=28978 1=19517 (40.2% split)
film A (1080p source): inter tx_type of 1506851 units -- DCT_DCT=1506851 (100.0%)
film A (1080p source): intra tx_type of 16124028 units -- DCT_DCT=16124028 (100.0%)
film A (1080p source): references LAST 240196 LAST2 0 GOLDEN 604 ALTREF 8942 of 249742 inter blocks (LAST2 0.0%)
film A (1080p source): screen frames on=0 off=4 (0.0% on); palette blocks luma 0 chroma 0; intrabc blocks 0 (searched 0 / valid 0 / won 0)
film A (1080p source): filter intra on=true blocks 91343 (modes DC=21815 V=14056 H=17098 D157=25105 PAETH=13269)
| film A (1080p source) 1920x768 | 44.19 dB/189698 B, 45.78 dB/326827 B, 47.03 dB/556624 B, 48.17 dB/1212258 B | +24.0% | -7.6% | 664.4s:45.3s:52.3s |
film B (2160p HDR source): sequence, pyramid requested Some(Pyramid { mini_gop: 8, arf_q_offset: -32, leaf_q_offset: 12, mid_q_offset: Some(-8), quarter_q_offset: None, key_q_offset: -48 }) effective Some(Pyramid { mini_gop: 8, arf_q_offset: -32, leaf_q_offset: 12, mid_q_offset: Some(-8), quarter_q_offset: None, key_q_offset: -48 })
film B (2160p HDR source): pricer armings default=19 real=796
film B (2160p HDR source): key 64x64 intra roots 753 of 1920 offered (39.2%), 0 on a superblock the frame edge cuts
film B (2160p HDR source): 64x64 roots 53832 (with a residual 22963, split luma 13848, compound 28740)
film B (2160p HDR source): motion_mode 32x32 SIMPLE=195293 OBMC=0 WARP=5325 | 16x16 SIMPLE=93893 OBMC=0 WARP=4579 | 8x8 SIMPLE=57051 OBMC=0 WARP=11315 (0.0% OBMC / 5.8% WARP of 367456 eligible)
film B (2160p HDR source): inter var-tx depths of 206995 blocks -- leaf single 0=39988 1=6561 (14.1% split) | leaf compound 0=79204 1=12088 (13.2% split) | 32x32 single 0=20072 1=13487 (40.2% split) | 32x32 compound 0=21335 1=14260 (40.1% split)
film B (2160p HDR source): inter tx_type of 1317450 units -- DCT_DCT=1317450 (100.0%)
film B (2160p HDR source): intra tx_type of 13247176 units -- DCT_DCT=13247176 (100.0%)
film B (2160p HDR source): references LAST 241239 LAST2 0 GOLDEN 3989 ALTREF 12732 of 257960 inter blocks (LAST2 0.0%)
film B (2160p HDR source): screen frames on=0 off=4 (0.0% on); palette blocks luma 0 chroma 0; intrabc blocks 0 (searched 0 / valid 0 / won 0)
film B (2160p HDR source): filter intra on=true blocks 50075 (modes DC=12968 V=7043 H=7867 D157=16950 PAETH=5247)
| film B (2160p HDR source) 1920x1024 | 46.82 dB/75814 B, 47.96 dB/157259 B, 48.89 dB/346412 B, 49.92 dB/934483 B | +85.8% | +7.1% | 447.9s:69.1s:50.3s |
ok

test result: ok. 1 passed; 0 failed; 0 ignored; 0 measured; 628 filtered out; finished in 1357.13s

RC=0
