probe: 1920x1024 vf=crop=1920:1024:960:292
dq census: base=118 res=4 sbs=480 coded=libaom k=0.25 r_frame=2.6462
                   ours   range -4..8 mean -0.68 |mean| 3.73 nonzero 391/480 levels 4
  libaom range -8..12 mean -0.21 |mean| 3.83 nonzero 368/480 levels 6
dq census: base=142 res=4 sbs=480 coded=libaom k=0.25 r_frame=1.6351
                   ours   range -4..8 mean -0.52 |mean| 2.65 nonzero 302/480 levels 4
  libaom range -4..8 mean +0.06 |mean| 2.94 nonzero 306/480 levels 4
dq census: base=162 res=4 sbs=480 coded=libaom k=0.25 r_frame=2.8469
                   ours   range -4..8 mean -0.41 |mean| 2.73 nonzero 295/480 levels 4
  libaom range -8..12 mean +0.05 |mean| 3.52 nonzero 334/480 levels 6
dq census: base=162 res=4 sbs=480 coded=libaom k=0.25 r_frame=2.3290
                   ours   range -4..8 mean -0.46 |mean| 2.86 nonzero 311/480 levels 4
  libaom range -8..12 mean +0.12 |mean| 3.57 nonzero 343/480 levels 6
dq census: base=162 res=4 sbs=480 coded=libaom k=0.25 r_frame=2.0449
                   ours   range -4..8 mean -0.41 |mean| 2.64 nonzero 293/480 levels 4
  libaom range -4..8 mean +0.06 |mean| 3.31 nonzero 331/480 levels 4
dq census: base=162 res=4 sbs=480 coded=libaom k=0.25 r_frame=1.2755
                   ours   range -4..8 mean -0.39 |mean| 2.29 nonzero 271/480 levels 4
  libaom range -4..8 mean -0.13 |mean| 2.55 nonzero 285/480 levels 4
dq census: base=162 res=4 sbs=480 coded=libaom k=0.25 r_frame=0.8491
                   ours   range -4..4 mean -0.23 |mean| 1.99 nonzero 239/480 levels 3
  libaom range -4..4 mean -0.06 |mean| 2.02 nonzero 243/480 levels 3
dq census: base=162 res=4 sbs=480 coded=libaom k=0.25 r_frame=0.4640
                   ours   range -4..4 mean +0.35 |mean| 1.10 nonzero 132/480 levels 3
  libaom range -4..4 mean +0.42 |mean| 0.96 nonzero 115/480 levels 3
dq census: base=118 res=4 sbs=480 coded=libaom k=0.25 r_frame=2.9379
                   ours   range -4..8 mean -0.89 |mean| 3.61 nonzero 381/480 levels 4
  libaom range -8..12 mean -0.28 |mean| 3.84 nonzero 369/480 levels 6
dq census: base=142 res=4 sbs=480 coded=libaom k=0.25 r_frame=1.8816
                   ours   range -4..8 mean -0.48 |mean| 2.52 nonzero 283/480 levels 4
  libaom range -4..8 mean +0.06 |mean| 2.84 nonzero 289/480 levels 4
dq census: base=162 res=4 sbs=480 coded=libaom k=0.25 r_frame=3.1509
                   ours   range -4..8 mean -0.44 |mean| 2.62 nonzero 283/480 levels 4
  libaom range -4..12 mean -0.06 |mean| 3.56 nonzero 339/480 levels 5
dq census: base=162 res=4 sbs=480 coded=libaom k=0.25 r_frame=2.6410
                   ours   range -4..8 mean -0.56 |mean| 2.86 nonzero 306/480 levels 4
  libaom range -4..12 mean -0.12 |mean| 3.58 nonzero 345/480 levels 5
dq census: base=162 res=4 sbs=480 coded=libaom k=0.25 r_frame=2.3382
                   ours   range -4..8 mean -0.40 |mean| 2.42 nonzero 268/480 levels 4
  libaom range -4..12 mean -0.09 |mean| 3.21 nonzero 317/480 levels 5
dq census: base=162 res=4 sbs=480 coded=libaom k=0.25 r_frame=1.3543
                   ours   range -4..8 mean -0.36 |mean| 2.24 nonzero 264/480 levels 4
  libaom range -4..8 mean -0.03 |mean| 2.68 nonzero 285/480 levels 4
dq census: base=162 res=4 sbs=480 coded=libaom k=0.25 r_frame=0.8675
                   ours   range -4..4 mean -0.22 |mean| 2.08 nonzero 250/480 levels 3
  libaom range -4..4 mean -0.07 |mean| 2.02 nonzero 242/480 levels 3
dq census: base=162 res=4 sbs=480 coded=libaom k=0.25 r_frame=0.4853
                   ours   range -4..4 mean +0.45 |mean| 1.02 nonzero 122/480 levels 3
  libaom range -4..4 mean +0.53 |mean| 0.88 nonzero 105/480 levels 3
dq census: base=118 res=4 sbs=480 coded=libaom k=0.25 r_frame=2.7591
                   ours   range -4..8 mean -0.72 |mean| 3.69 nonzero 384/480 levels 4
  libaom range -8..12 mean -0.29 |mean| 3.77 nonzero 368/480 levels 6
dq census: base=142 res=4 sbs=480 coded=libaom k=0.25 r_frame=1.7611
                   ours   range -4..8 mean -0.42 |mean| 2.64 nonzero 294/480 levels 4
  libaom range -4..8 mean +0.13 |mean| 2.87 nonzero 287/480 levels 4
dq census: base=162 res=4 sbs=480 coded=libaom k=0.25 r_frame=2.9491
                   ours   range -4..8 mean -0.58 |mean| 3.03 nonzero 325/480 levels 4
  libaom range -4..12 mean -0.05 |mean| 3.75 nonzero 355/480 levels 5
dq census: base=162 res=4 sbs=480 coded=libaom k=0.25 r_frame=2.4969
                   ours   range -4..8 mean -0.57 |mean| 3.12 nonzero 326/480 levels 4
  libaom range -4..12 mean -0.10 |mean| 3.68 nonzero 353/480 levels 5
dq census: base=162 res=4 sbs=480 coded=libaom k=0.25 r_frame=2.2275
                   ours   range -4..8 mean -0.49 |mean| 2.76 nonzero 298/480 levels 4
  libaom range -4..12 mean -0.12 |mean| 3.38 nonzero 333/480 levels 5
dq census: base=162 res=4 sbs=480 coded=libaom k=0.25 r_frame=1.2959
                   ours   range -4..8 mean -0.45 |mean| 2.48 nonzero 290/480 levels 4
  libaom range -4..8 mean -0.09 |mean| 2.81 nonzero 295/480 levels 4
dq census: base=162 res=4 sbs=480 coded=libaom k=0.25 r_frame=0.8377
                   ours   range -4..4 mean -0.35 |mean| 2.22 nonzero 266/480 levels 3
  libaom range -4..4 mean -0.11 |mean| 2.11 nonzero 253/480 levels 3
dq census: base=162 res=4 sbs=480 coded=libaom k=0.25 r_frame=0.4516
                   ours   range -4..4 mean +0.42 |mean| 1.16 nonzero 139/480 levels 3
  libaom range -4..4 mean +0.53 |mean| 1.02 nonzero 123/480 levels 3
dq census: base=118 res=4 sbs=480 coded=libaom k=0.25 r_frame=3.4778
                   ours   range -4..8 mean -0.90 |mean| 3.25 nonzero 358/480 levels 4
  libaom range -8..12 mean -0.41 |mean| 3.51 nonzero 353/480 levels 6
dq census: base=142 res=4 sbs=480 coded=libaom k=0.25 r_frame=2.1091
                   ours   range -4..8 mean -0.42 |mean| 2.23 nonzero 255/480 levels 4
  libaom range -4..8 mean -0.02 |mean| 2.73 nonzero 279/480 levels 4
dq census: base=162 res=4 sbs=480 coded=libaom k=0.25 r_frame=3.3128
                   ours   range -4..8 mean -0.57 |mean| 2.79 nonzero 301/480 levels 4
  libaom range -8..12 mean -0.17 |mean| 3.76 nonzero 361/480 levels 6
dq census: base=162 res=4 sbs=480 coded=libaom k=0.25 r_frame=2.7151
                   ours   range -4..8 mean -0.63 |mean| 3.18 nonzero 336/480 levels 4
  libaom range -8..12 mean -0.21 |mean| 3.83 nonzero 369/480 levels 6
dq census: base=162 res=4 sbs=480 coded=libaom k=0.25 r_frame=2.5332
                   ours   range -4..8 mean -0.46 |mean| 2.34 nonzero 261/480 levels 4
  libaom range -4..12 mean -0.23 |mean| 3.32 nonzero 329/480 levels 5
dq census: base=162 res=4 sbs=480 coded=libaom k=0.25 r_frame=1.5602
                   ours   range -4..8 mean -0.16 |mean| 1.84 nonzero 217/480 levels 4
  libaom range -4..8 mean -0.10 |mean| 2.48 nonzero 265/480 levels 4
dq census: base=162 res=4 sbs=480 coded=libaom k=0.25 r_frame=1.0720
                   ours   range -4..8 mean +0.15 |mean| 1.43 nonzero 171/480 levels 4
  libaom range -4..8 mean +0.18 |mean| 1.60 nonzero 189/480 levels 4
dq census: base=162 res=4 sbs=480 coded=libaom k=0.25 r_frame=0.5398
                   ours   range -4..4 mean +0.62 |mean| 0.74 nonzero 89/480 levels 3
  libaom range -4..4 mean +0.64 |mean| 0.71 nonzero 85/480 levels 3
dq census: base=118 res=4 sbs=480 coded=libaom k=0.25 r_frame=3.1542
                   ours   range -4..8 mean -0.88 |mean| 3.43 nonzero 372/480 levels 4
  libaom range -8..12 mean -0.38 |mean| 3.65 nonzero 364/480 levels 6
dq census: base=142 res=4 sbs=480 coded=libaom k=0.25 r_frame=1.8432
                   ours   range -4..8 mean -0.43 |mean| 2.78 nonzero 299/480 levels 4
  libaom range -4..8 mean -0.07 |mean| 2.93 nonzero 298/480 levels 4
dq census: base=162 res=4 sbs=480 coded=libaom k=0.25 r_frame=3.2318
                   ours   range -4..8 mean -0.43 |mean| 2.72 nonzero 289/480 levels 4
  libaom range -4..12 mean -0.18 |mean| 3.58 nonzero 347/480 levels 5
dq census: base=162 res=4 sbs=480 coded=libaom k=0.25 r_frame=2.7072
                   ours   range -4..8 mean -0.48 |mean| 2.83 nonzero 301/480 levels 4
  libaom range -4..12 mean -0.12 |mean| 3.51 nonzero 341/480 levels 5
dq census: base=162 res=4 sbs=480 coded=libaom k=0.25 r_frame=2.1587
                   ours   range -4..8 mean -0.47 |mean| 3.00 nonzero 316/480 levels 4
  libaom range -8..12 mean -0.14 |mean| 3.41 nonzero 337/480 levels 6
dq census: base=162 res=4 sbs=480 coded=libaom k=0.25 r_frame=1.3429
                   ours   range -4..8 mean -0.53 |mean| 2.63 nonzero 296/480 levels 4
  libaom range -4..8 mean -0.12 |mean| 3.01 nonzero 312/480 levels 4
dq census: base=162 res=4 sbs=480 coded=libaom k=0.25 r_frame=0.9378
                   ours   range -4..4 mean -0.01 |mean| 1.71 nonzero 205/480 levels 3
  libaom range -4..8 mean +0.04 |mean| 1.76 nonzero 210/480 levels 4
dq census: base=162 res=4 sbs=480 coded=libaom k=0.25 r_frame=0.4608
                   ours   range -4..4 mean +0.36 |mean| 1.27 nonzero 153/480 levels 3
  libaom range -4..4 mean +0.53 |mean| 1.04 nonzero 125/480 levels 3
dq census: base=118 res=4 sbs=480 coded=libaom k=0.25 r_frame=2.5094
                   ours   range -4..8 mean -0.77 |mean| 3.68 nonzero 390/480 levels 4
  libaom range -8..12 mean -0.32 |mean| 3.70 nonzero 368/480 levels 6
dq census: base=142 res=4 sbs=480 coded=libaom k=0.25 r_frame=1.7385
                   ours   range -4..8 mean -0.50 |mean| 2.97 nonzero 320/480 levels 4
  libaom range -4..8 mean -0.03 |mean| 3.08 nonzero 310/480 levels 4
dq census: base=162 res=4 sbs=480 coded=libaom k=0.25 r_frame=2.5656
                   ours   range -4..8 mean -0.48 |mean| 3.00 nonzero 319/480 levels 4
  libaom range -8..12 mean -0.11 |mean| 3.59 nonzero 348/480 levels 6
dq census: base=162 res=4 sbs=480 coded=libaom k=0.25 r_frame=2.2242
                   ours   range -4..8 mean -0.46 |mean| 2.67 nonzero 291/480 levels 4
  libaom range -4..12 mean -0.14 |mean| 3.34 nonzero 334/480 levels 5
dq census: base=162 res=4 sbs=480 coded=libaom k=0.25 r_frame=1.3533
                   ours   range -4..8 mean -0.33 |mean| 2.16 nonzero 255/480 levels 4
  libaom range -4..8 mean -0.03 |mean| 2.60 nonzero 280/480 levels 4
dq census: base=162 res=4 sbs=480 coded=libaom k=0.25 r_frame=0.8937
                   ours   range -4..4 mean -0.14 |mean| 1.93 nonzero 231/480 levels 3
  libaom range -4..4 mean +0.00 |mean| 1.98 nonzero 238/480 levels 3
dq census: base=162 res=4 sbs=480 coded=libaom k=0.25 r_frame=0.4834
                   ours   range -4..4 mean +0.49 |mean| 0.97 nonzero 117/480 levels 3
  libaom range -4..4 mean +0.55 |mean| 0.85 nonzero 102/480 levels 3
q=150 bytes=75814 fnv1a=d0f751fdd63d9cfe
wall 36.861s
RC=0
