    Finished `release` profile [optimized] target(s) in 0.01s
     Running unittests src/lib.rs (/home/tahinli/.cache/cargo-target-av1rejudge/release/deps/ec_av1-8fef0196ab10338d)

running 1 test

native crop, 12 frames, gop=12; tiles (0, 0), tile threads 1, intrabc false, palette maxcolors 128
| clip | ours PSNR/bytes per point | BD-rate vs libaom | BD-rate vs rav1e | wall ours:libaom:rav1e (noisy) |
|---|---|---|---|---|
film 1080p: pricer armings default=14 real=165
film 1080p: motion_mode 32x32 SIMPLE=26577 OBMC=0 WARP=304 | 16x16 SIMPLE=3632 OBMC=0 WARP=328 | 8x8 SIMPLE=15478 OBMC=0 WARP=1929 (0.0% OBMC / 5.3% WARP of 48248 eligible)
film 1080p: screen frames on=0 off=4 (0.0% on); palette blocks luma 0 chroma 0; intrabc blocks 0 (searched 0 / valid 0 / won 0)
test encode::tests::bd_rate_screen_native has been running for over 60 seconds
| film 1080p 1920x1024 | 43.83 dB/249894 B, 47.65 dB/370718 B, 51.05 dB/492222 B, 53.76 dB/617856 B | +16.6% | -0.7% | 36.8s:6.5s:16.5s |
film 2160p: pricer armings default=15 real=154
film 2160p: motion_mode 32x32 SIMPLE=15548 OBMC=0 WARP=3 | 16x16 SIMPLE=358 OBMC=0 WARP=34 | 8x8 SIMPLE=4299 OBMC=0 WARP=657 (0.0% OBMC / 3.3% WARP of 20899 eligible)
film 2160p: screen frames on=0 off=4 (0.0% on); palette blocks luma 0 chroma 0; intrabc blocks 0 (searched 0 / valid 0 / won 0)
| film 2160p 1920x1024 | 43.45 dB/303367 B, 47.69 dB/458014 B, 51.36 dB/586942 B, 54.25 dB/705875 B | +47.0% | +19.1% | 32.7s:5.6s:15.9s |
screen capture (2026-07-25 02-09-04.mkv): pricer armings default=159 real=0
screen capture (2026-07-25 02-09-04.mkv): motion_mode 32x32 SIMPLE=78040 OBMC=0 WARP=1897 | 16x16 SIMPLE=3622 OBMC=0 WARP=397 | 8x8 SIMPLE=532 OBMC=0 WARP=515 (0.0% OBMC / 3.3% WARP of 85003 eligible)
screen capture (2026-07-25 02-09-04.mkv): screen frames on=48 off=0 (100.0% on); palette blocks luma 6801 chroma 644; intrabc blocks 0 (searched 0 / valid 0 / won 0)
| screen capture (2026-07-25 02-09-04.mkv) 1920x1024 | 44.81 dB/41707 B, 48.14 dB/54150 B, 50.67 dB/70922 B, 52.98 dB/92930 B | +51.3% | -14.3% | 27.1s:8.3s:11.3s |
test encode::tests::bd_rate_screen_native ... ok

test result: ok. 1 passed; 0 failed; 0 ignored; 0 measured; 573 filtered out; finished in 168.40s

