    Finished `release` profile [optimized] target(s) in 0.01s
     Running unittests src/lib.rs (/home/tahinli/.cache/cargo-target-av1rejudge/release/deps/ec_av1-8fef0196ab10338d)

running 1 test

native crop, 12 frames, gop=12; tiles (0, 0), tile threads 1, intrabc false, palette maxcolors 128
| clip | ours PSNR/bytes per point | BD-rate vs libaom | BD-rate vs rav1e | wall ours:libaom:rav1e (noisy) |
|---|---|---|---|---|
film 1080p: pyramid Pyramid { mini_gop: 4, arf_q_offset: -16, leaf_q_offset: 8 } -- frames key 4 arf 12 leaf 32 show_existing 12; bytes key 195339 arf 581140 leaf 999492 show_existing 60
film 1080p: pricer armings default=14 real=152
film 1080p: motion_mode 32x32 SIMPLE=59658 OBMC=0 WARP=95 | 16x16 SIMPLE=2075 OBMC=0 WARP=57 | 8x8 SIMPLE=11710 OBMC=0 WARP=556 (0.0% OBMC / 1.0% WARP of 74151 eligible)
film 1080p: screen frames on=0 off=4 (0.0% on); palette blocks luma 0 chroma 0; intrabc blocks 0 (searched 0 / valid 0 / won 0)
test encode::tests::bd_rate_screen_native has been running for over 60 seconds
| film 1080p 1920x1024 | 43.73 dB/257054 B, 47.44 dB/376364 B, 50.88 dB/507711 B, 53.78 dB/634902 B | +21.1% | +3.4% | 36.4s:7.1s:16.5s |
film 2160p: pyramid Pyramid { mini_gop: 4, arf_q_offset: -16, leaf_q_offset: 8 } -- frames key 4 arf 12 leaf 32 show_existing 12; bytes key 175828 arf 597686 leaf 1255911 show_existing 60
film 2160p: pricer armings default=15 real=147
film 2160p: motion_mode 32x32 SIMPLE=45201 OBMC=0 WARP=60 | 16x16 SIMPLE=403 OBMC=0 WARP=12 | 8x8 SIMPLE=3506 OBMC=0 WARP=382 (0.0% OBMC / 0.9% WARP of 49564 eligible)
film 2160p: screen frames on=0 off=4 (0.0% on); palette blocks luma 0 chroma 0; intrabc blocks 0 (searched 0 / valid 0 / won 0)
| film 2160p 1920x1024 | 43.36 dB/299984 B, 47.41 dB/446381 B, 51.14 dB/582223 B, 54.20 dB/700897 B | +47.2% | +19.2% | 32.8s:5.9s:17.0s |
screen capture (2026-07-25 02-09-04.mkv): pyramid Pyramid { mini_gop: 4, arf_q_offset: -16, leaf_q_offset: 8 } -- frames key 4 arf 12 leaf 32 show_existing 12; bytes key 193162 arf 76095 leaf 17990 show_existing 60
screen capture (2026-07-25 02-09-04.mkv): pricer armings default=160 real=0
screen capture (2026-07-25 02-09-04.mkv): motion_mode 32x32 SIMPLE=84441 OBMC=0 WARP=2445 | 16x16 SIMPLE=5908 OBMC=0 WARP=957 | 8x8 SIMPLE=1619 OBMC=0 WARP=1949 (0.0% OBMC / 5.5% WARP of 97319 eligible)
screen capture (2026-07-25 02-09-04.mkv): screen frames on=48 off=0 (100.0% on); palette blocks luma 6945 chroma 655; intrabc blocks 0 (searched 0 / valid 0 / won 0)
| screen capture (2026-07-25 02-09-04.mkv) 1920x1024 | 45.56 dB/47247 B, 48.73 dB/59593 B, 51.22 dB/76273 B, 54.21 dB/104194 B | +55.2% | -11.7% | 26.7s:8.4s:11.4s |
test encode::tests::bd_rate_screen_native ... ok

test result: ok. 1 passed; 0 failed; 0 ignored; 0 measured; 573 filtered out; finished in 169.88s

